Archive member included to satisfy reference by file (symbol)

Core/Lib/ssd1306/libssd1306.a(ssd1306.c.obj)
                              Core/Src/CMakeFiles/Temp_Logger.dir/main.c.obj (Buffer)
Core/Lib/sd-card/fatfs/libfatfs.a(ff.c.obj)
                              Core/Src/CMakeFiles/Temp_Logger.dir/main.c.obj (f_mount)
Core/Lib/sd-card/fatfs/libfatfs.a(ffunicode.c.obj)
                              Core/Lib/sd-card/fatfs/libfatfs.a(ff.c.obj) (ff_uni2oem)
Core/Lib/sd-card/fatfs/libfatfs.a(diskio.c.obj)
                              Core/Lib/sd-card/fatfs/libfatfs.a(ff.c.obj) (disk_status)
Core/Lib/DS3231-driver(RTC)/libds3231.a(ds3231.c.obj)
                              Core/Src/CMakeFiles/Temp_Logger.dir/main.c.obj (Ds3231_Init)
Core/Lib/BCD_Conversion/libBCD_Conversion.a(BCD_Conversion.c.obj)
                              Core/Lib/DS3231-driver(RTC)/libds3231.a(ds3231.c.obj) (BCD2BIN)
Core/Lib/sd-card/physical-api/libphysical-api.a(fatfs_sd.c.obj)
                              Core/Lib/sd-card/fatfs/libfatfs.a(diskio.c.obj) (SD_disk_initialize)
P:/13.2 Rel1/bin/../lib/gcc/arm-none-eabi/13.2.1/thumb/v6-m/nofp\libgcc.a(_dvmd_tls.o)
                              Core/Src/CMakeFiles/Temp_Logger.dir/P_/pico-sdk/src/rp2_common/pico_divider/divider_hardware.S.obj (__aeabi_idiv0)
P:/13.2 Rel1/bin/../lib/gcc/arm-none-eabi/13.2.1/thumb/v6-m/nofp\libg.a(libc_a-calloc.o)
                              Core/Src/CMakeFiles/Temp_Logger.dir/P_/pico-sdk/src/rp2_common/pico_malloc/malloc.c.obj (calloc)
P:/13.2 Rel1/bin/../lib/gcc/arm-none-eabi/13.2.1/thumb/v6-m/nofp\libg.a(libc_a-callocr.o)
                              P:/13.2 Rel1/bin/../lib/gcc/arm-none-eabi/13.2.1/thumb/v6-m/nofp\libg.a(libc_a-calloc.o) (_calloc_r)
P:/13.2 Rel1/bin/../lib/gcc/arm-none-eabi/13.2.1/thumb/v6-m/nofp\libg.a(libc_a-malloc.o)
                              Core/Src/CMakeFiles/Temp_Logger.dir/P_/pico-sdk/src/rp2_common/pico_malloc/malloc.c.obj (malloc)
P:/13.2 Rel1/bin/../lib/gcc/arm-none-eabi/13.2.1/thumb/v6-m/nofp\libg.a(libc_a-mallocr.o)
                              P:/13.2 Rel1/bin/../lib/gcc/arm-none-eabi/13.2.1/thumb/v6-m/nofp\libg.a(libc_a-callocr.o) (_malloc_r)
P:/13.2 Rel1/bin/../lib/gcc/arm-none-eabi/13.2.1/thumb/v6-m/nofp\libg.a(libc_a-mlock.o)
                              P:/13.2 Rel1/bin/../lib/gcc/arm-none-eabi/13.2.1/thumb/v6-m/nofp\libg.a(libc_a-mallocr.o) (__malloc_lock)
P:/13.2 Rel1/bin/../lib/gcc/arm-none-eabi/13.2.1/thumb/v6-m/nofp\libg.a(libc_a-realloc.o)
                              Core/Src/CMakeFiles/Temp_Logger.dir/P_/pico-sdk/src/rp2_common/pico_malloc/malloc.c.obj (realloc)
P:/13.2 Rel1/bin/../lib/gcc/arm-none-eabi/13.2.1/thumb/v6-m/nofp\libg.a(libc_a-reallocr.o)
                              P:/13.2 Rel1/bin/../lib/gcc/arm-none-eabi/13.2.1/thumb/v6-m/nofp\libg.a(libc_a-realloc.o) (_realloc_r)
P:/13.2 Rel1/bin/../lib/gcc/arm-none-eabi/13.2.1/thumb/v6-m/nofp\libg.a(libc_a-memcmp.o)
                              Core/Src/CMakeFiles/Temp_Logger.dir/P_/pico-sdk/src/rp2_common/pico_atomic/atomic.c.obj (memcmp)
P:/13.2 Rel1/bin/../lib/gcc/arm-none-eabi/13.2.1/thumb/v6-m/nofp\libg.a(libc_a-memmove.o)
                              P:/13.2 Rel1/bin/../lib/gcc/arm-none-eabi/13.2.1/thumb/v6-m/nofp\libg.a(libc_a-reallocr.o) (memmove)
P:/13.2 Rel1/bin/../lib/gcc/arm-none-eabi/13.2.1/thumb/v6-m/nofp\libg.a(libc_a-strchr.o)
                              Core/Lib/sd-card/fatfs/libfatfs.a(ff.c.obj) (strchr)
P:/13.2 Rel1/bin/../lib/gcc/arm-none-eabi/13.2.1/thumb/v6-m/nofp\libg.a(libc_a-lcltime_r.o)
                              Core/Src/CMakeFiles/Temp_Logger.dir/P_/pico-sdk/src/common/pico_util/datetime.c.obj (localtime_r)
P:/13.2 Rel1/bin/../lib/gcc/arm-none-eabi/13.2.1/thumb/v6-m/nofp\libg.a(libc_a-mktime.o)
                              Core/Src/CMakeFiles/Temp_Logger.dir/P_/pico-sdk/src/common/pico_util/datetime.c.obj (mktime)
P:/13.2 Rel1/bin/../lib/gcc/arm-none-eabi/13.2.1/thumb/v6-m/nofp\libg.a(libc_a-month_lengths.o)
                              P:/13.2 Rel1/bin/../lib/gcc/arm-none-eabi/13.2.1/thumb/v6-m/nofp\libg.a(libc_a-lcltime_r.o) (__month_lengths)
P:/13.2 Rel1/bin/../lib/gcc/arm-none-eabi/13.2.1/thumb/v6-m/nofp\libg.a(libc_a-tzcalc_limits.o)
                              P:/13.2 Rel1/bin/../lib/gcc/arm-none-eabi/13.2.1/thumb/v6-m/nofp\libg.a(libc_a-lcltime_r.o) (__tzcalc_limits)
P:/13.2 Rel1/bin/../lib/gcc/arm-none-eabi/13.2.1/thumb/v6-m/nofp\libg.a(libc_a-tzlock.o)
                              P:/13.2 Rel1/bin/../lib/gcc/arm-none-eabi/13.2.1/thumb/v6-m/nofp\libg.a(libc_a-lcltime_r.o) (__tz_lock)
P:/13.2 Rel1/bin/../lib/gcc/arm-none-eabi/13.2.1/thumb/v6-m/nofp\libg.a(libc_a-tzset.o)
                              P:/13.2 Rel1/bin/../lib/gcc/arm-none-eabi/13.2.1/thumb/v6-m/nofp\libg.a(libc_a-lcltime_r.o) (_tzset_unlocked)
P:/13.2 Rel1/bin/../lib/gcc/arm-none-eabi/13.2.1/thumb/v6-m/nofp\libg.a(libc_a-tzset_r.o)
[...]
Memory Configuration

Name             Origin             Length             Attributes
FLASH            0x10000000         0x00200000         xr
RAM              0x20000000         0x00040000         xrw
SCRATCH_X        0x20040000         0x00001000         xrw
SCRATCH_Y        0x20041000         0x00001000         xrw
*default*        0x00000000         0xffffffff

Linker script and memory map

LOAD P:/13.2 Rel1/bin/../lib/gcc/arm-none-eabi/13.2.1/thumb/v6-m/nofp/crti.o
LOAD P:/13.2 Rel1/bin/../lib/gcc/arm-none-eabi/13.2.1/thumb/v6-m/nofp/crtbegin.o
LOAD P:/13.2 Rel1/bin/../lib/gcc/arm-none-eabi/13.2.1/thumb/v6-m/nofp/crt0.o

.flash_begin    0x10000000        0x0
                0x10000000                        __flash_binary_start = .

.boot2          0x10000000      0x100
                0x10000000                        __boot2_start__ = .
 *(.boot2)
 .boot2         0x10000000      0x100 pico-sdk/src/rp2040/boot_stage2/CMakeFiles/bs2_default_library.dir/./bs2_default_padded_checksummed.S.obj
                0x10000100                        __boot2_end__ = .
                0x00000001                        ASSERT (((__boot2_end__ - __boot2_start__) == 0x100), ERROR: Pico second stage bootloader must be 256 bytes in size)

.text           0x10000100    0x12218
                0x10000100                        __logical_binary_start = .
 *(.vectors)
 .vectors       0x10000100       0xd4 Core/Src/CMakeFiles/Temp_Logger.dir/P_/pico-sdk/src/rp2_common/pico_crt0/crt0.S.obj
                0x10000100                __VECTOR_TABLE
                0x10000100                __vectors
                0x100001c0                isr_irq13
                0x100001c0                isr_irq27
                0x100001c0                isr_irq31
                0x100001c0                isr_irq12
                0x100001c0                isr_irq5
                0x100001c0                isr_irq11
                0x100001c0                isr_irq3
                0x100001c0                isr_irq23
                0x100001c0                __unhandled_user_irq
                0x100001c0                isr_irq26
                0x100001c0                isr_irq28
                0x100001c0                isr_irq19
                0x100001c0                isr_irq0
                0x100001c0                isr_irq6
                0x100001c0                isr_irq29
                0x100001c0                isr_irq16
                0x100001c0                isr_irq22
                0x100001c0                isr_irq18
                0x100001c0                isr_irq17
                0x100001c0                isr_irq14
                0x100001c0                __vectors_end
                0x100001c0                __default_isrs_start
                0x100001c0                isr_irq2
                0x100001c0                isr_irq10
                0x100001c0                isr_irq8
                0x100001c0                isr_irq24
                0x100001c0                isr_irq1
                0x100001c0                isr_irq7
                0x100001c0                isr_irq21
                0x100001c0                isr_irq20
                0x100001c0                isr_irq15
                0x100001c0                isr_irq25
                0x100001c0                isr_irq4
                0x100001c0                isr_irq30
                0x100001c0                isr_irq9
                0x100001c6                unhandled_user_irq_num_in_r0
                0x100001c8                isr_invalid
                0x100001ca                isr_nmi
                0x100001cc                isr_hardfault
                0x100001ce                isr_svcall
                0x100001d0                isr_pendsv
                0x100001d2                isr_systick
                0x100001d4                __default_isrs_end
 *(.binary_info_header)
 .binary_info_header
                0x100001d4       0x14 Core/Src/CMakeFiles/Temp_Logger.dir/P_/pico-sdk/src/rp2_common/pico_crt0/crt0.S.obj
                0x100001e8                        __binary_info_header_end = .
 *(.embedded_block)
                0x100001e8                        __embedded_block_end = .
 *(.reset)
 .reset         0x100001e8       0x9c Core/Src/CMakeFiles/Temp_Logger.dir/P_/pico-sdk/src/rp2_common/pico_crt0/crt0.S.obj
                0x100001e8                _entry_point
 *(.init)
 .init          0x10000284        0x4 P:/13.2 Rel1/bin/../lib/gcc/arm-none-eabi/13.2.1/thumb/v6-m/nofp/crti.o
                0x10000284                _init
 *(EXCLUDE_FILE(*libm.a: *libc.a:*lib_a-mem*.o *libgcc.a:) .text*)
 .text.register_tm_clones
                0x10000288       0x28 P:/13.2 Rel1/bin/../lib/gcc/arm-none-eabi/13.2.1/thumb/v6-m/nofp/crtbegin.o
 .text.frame_dummy
                0x100002b0       0x24 P:/13.2 Rel1/bin/../lib/gcc/arm-none-eabi/13.2.1/thumb/v6-m/nofp/crtbegin.o
 .text.gpio_pull_up
                0x100002d4       0x1c Core/Src/CMakeFiles/Temp_Logger.dir/main.c.obj
 .text.gpio_pull_down
                0x100002f0       0x1c Core/Src/CMakeFiles/Temp_Logger.dir/main.c.obj
 .text.gpio_disable_pulls
                0x1000030c       0x1c Core/Src/CMakeFiles/Temp_Logger.dir/main.c.obj
 .text.gpio_get
                0x10000328       0x26 Core/Src/CMakeFiles/Temp_Logger.dir/main.c.obj
 .text.gpio_set_mask
                0x1000034e       0x18 Core/Src/CMakeFiles/Temp_Logger.dir/main.c.obj
 .text.gpio_clr_mask
                0x10000366       0x18 Core/Src/CMakeFiles/Temp_Logger.dir/main.c.obj
 .text.gpio_put
                0x1000037e       0x3a Core/Src/CMakeFiles/Temp_Logger.dir/main.c.obj
 .text.gpio_set_dir_out_masked
                0x100003b8       0x18 Core/Src/CMakeFiles/Temp_Logger.dir/main.c.obj
 .text.gpio_set_dir_in_masked
                0x100003d0       0x18 Core/Src/CMakeFiles/Temp_Logger.dir/main.c.obj
 .text.gpio_set_dir
                0x100003e8       0x3a Core/Src/CMakeFiles/Temp_Logger.dir/main.c.obj
 .text.adc_gpio_init
                0x10000422       0x2c Core/Src/CMakeFiles/Temp_Logger.dir/main.c.obj
 *fill*         0x1000044e        0x2 
 .text.adc_select_input
                0x10000450       0x48 Core/Src/CMakeFiles/Temp_Logger.dir/main.c.obj
 .text.adc_set_temp_sensor_enabled
                0x10000498       0x50 Core/Src/CMakeFiles/Temp_Logger.dir/main.c.obj
 .text.adc_read
                0x100004e8       0x40 Core/Src/CMakeFiles/Temp_Logger.dir/main.c.obj
 .text.adc_set_clkdiv
                0x10000528       0x68 Core/Src/CMakeFiles/Temp_Logger.dir/main.c.obj
 .text.spi_get_index
                0x10000590       0x24 Core/Src/CMakeFiles/Temp_Logger.dir/main.c.obj
 .text.spi_get_hw
                0x100005b4       0x1a Core/Src/CMakeFiles/Temp_Logger.dir/main.c.obj
 .text.spi_set_format
                0x100005ce       0xc0 Core/Src/CMakeFiles/Temp_Logger.dir/main.c.obj
 *fill*         0x1000068e        0x2 
 .text.Fontdrawline
                0x10000690      0x2f4 Core/Src/CMakeFiles/Temp_Logger.dir/main.c.obj
                0x10000690                Fontdrawline
 .text.get_glyph_Line
                0x10000984       0x5c Core/Src/CMakeFiles/Temp_Logger.dir/main.c.obj
                0x10000984                get_glyph_Line
 .text.draw_text
                0x100009e0      0x1c8 Core/Src/CMakeFiles/Temp_Logger.dir/main.c.obj
                0x100009e0                draw_text
 .text.moving_average_init
                0x10000ba8       0x8c Core/Src/CMakeFiles/Temp_Logger.dir/main.c.obj
                0x10000ba8                moving_average_init
 .text.moving_average_update
                0x10000c34       0x8c Core/Src/CMakeFiles/Temp_Logger.dir/main.c.obj
                0x10000c34                moving_average_update
 .text.SwapIfGreater
                0x10000cc0       0x48 Core/Src/CMakeFiles/Temp_Logger.dir/main.c.obj
 .text.sort5    0x10000d08       0xb4 Core/Src/CMakeFiles/Temp_Logger.dir/main.c.obj
                0x10000d08                sort5
 .text.median_init
                0x10000dbc       0x4e Core/Src/CMakeFiles/Temp_Logger.dir/main.c.obj
                0x10000dbc                median_init
 *fill*         0x10000e0a        0x2 
 .text.median_update
                0x10000e0c       0x60 Core/Src/CMakeFiles/Temp_Logger.dir/main.c.obj
                0x10000e0c                median_update
 .text.NTC_ADC2Temperature
                0x10000e6c       0xb8 Core/Src/CMakeFiles/Temp_Logger.dir/main.c.obj
                0x10000e6c                NTC_ADC2Temperature
 .text.Ds3231_Print_Temp
                0x10000f24       0x54 Core/Src/CMakeFiles/Temp_Logger.dir/main.c.obj
                0x10000f24                Ds3231_Print_Temp
 .text.main     0x10000f78      0xc2c Core/Src/CMakeFiles/Temp_Logger.dir/main.c.obj
                0x10000f78                main
 .text.check_gpio_param
                0x10001ba4       0x10 Core/Src/CMakeFiles/Temp_Logger.dir/P_/pico-sdk/src/rp2_common/hardware_gpio/gpio.c.obj
 .text.gpio_set_mask
                0x10001bb4       0x18 Core/Src/CMakeFiles/Temp_Logger.dir/P_/pico-sdk/src/rp2_common/hardware_gpio/gpio.c.obj
 .text.gpio_clr_mask
                0x10001bcc       0x18 Core/Src/CMakeFiles/Temp_Logger.dir/P_/pico-sdk/src/rp2_common/hardware_gpio/gpio.c.obj
 .text.gpio_put
                0x10001be4       0x3a Core/Src/CMakeFiles/Temp_Logger.dir/P_/pico-sdk/src/rp2_common/hardware_gpio/gpio.c.obj
 .text.gpio_set_dir_out_masked
                0x10001c1e       0x18 Core/Src/CMakeFiles/Temp_Logger.dir/P_/pico-sdk/src/rp2_common/hardware_gpio/gpio.c.obj
 .text.gpio_set_dir_in_masked
                0x10001c36       0x18 Core/Src/CMakeFiles/Temp_Logger.dir/P_/pico-sdk/src/rp2_common/hardware_gpio/gpio.c.obj
 .text.gpio_set_dir
                0x10001c4e       0x3a Core/Src/CMakeFiles/Temp_Logger.dir/P_/pico-sdk/src/rp2_common/hardware_gpio/gpio.c.obj
 .text.gpio_set_function
                0x10001c88       0x70 Core/Src/CMakeFiles/Temp_Logger.dir/P_/pico-sdk/src/rp2_common/hardware_gpio/gpio.c.obj
                0x10001c88                gpio_set_function
 .text.gpio_set_pulls
                0x10001cf8       0x80 Core/Src/CMakeFiles/Temp_Logger.dir/P_/pico-sdk/src/rp2_common/hardware_gpio/gpio.c.obj
                0x10001cf8                gpio_set_pulls
 .text.gpio_set_input_enabled
                0x10001d78       0x6c Core/Src/CMakeFiles/Temp_Logger.dir/P_/pico-sdk/src/rp2_common/hardware_gpio/gpio.c.obj
                0x10001d78                gpio_set_input_enabled
 .text.gpio_init
                0x10001de4       0x2e Core/Src/CMakeFiles/Temp_Logger.dir/P_/pico-sdk/src/rp2_common/hardware_gpio/gpio.c.obj
                0x10001de4                gpio_init
 *fill*         0x10001e12        0x2 
 .text.panic    0x10001e14       0x40 Core/Src/CMakeFiles/Temp_Logger.dir/P_/pico-sdk/src/rp2_common/pico_platform_panic/panic.c.obj
                0x10001e14                panic
 .text.hw_claim_lock
                0x10001e54       0x50 Core/Src/CMakeFiles/Temp_Logger.dir/P_/pico-sdk/src/common/hardware_claim/claim.c.obj
                0x10001e54                hw_claim_lock
 .text.hw_claim_unlock
                0x10001ea4       0x4c Core/Src/CMakeFiles/Temp_Logger.dir/P_/pico-sdk/src/common/hardware_claim/claim.c.obj
                0x10001ea4                hw_claim_unlock
 .text.hw_is_claimed
                0x10001ef0       0x32 Core/Src/CMakeFiles/Temp_Logger.dir/P_/pico-sdk/src/common/hardware_claim/claim.c.obj
                0x10001ef0                hw_is_claimed
 .text.hw_claim_or_assert
                0x10001f22       0x66 Core/Src/CMakeFiles/Temp_Logger.dir/P_/pico-sdk/src/common/hardware_claim/claim.c.obj
                0x10001f22                hw_claim_or_assert
 .text.next_striped_spin_lock_num
                0x10001f88       0x30 Core/Src/CMakeFiles/Temp_Logger.dir/P_/pico-sdk/src/rp2_common/hardware_sync/sync.c.obj
                0x10001f88                next_striped_spin_lock_num
 .text.spin_locks_reset
                0x10001fb8       0x48 Core/Src/CMakeFiles/Temp_Logger.dir/P_/pico-sdk/src/rp2_common/hardware_sync_spin_lock/sync_spin_lock.c.obj
                0x10001fb8                spin_locks_reset
 .text.check_irq_param
                0x10002000       0x10 Core/Src/CMakeFiles/Temp_Logger.dir/P_/pico-sdk/src/rp2_common/hardware_irq/irq.c.obj
 .text.get_vtable
                0x10002010       0x14 Core/Src/CMakeFiles/Temp_Logger.dir/P_/pico-sdk/src/rp2_common/hardware_irq/irq.c.obj
 .text.irq_set_enabled
                0x10002024       0x38 Core/Src/CMakeFiles/Temp_Logger.dir/P_/pico-sdk/src/rp2_common/hardware_irq/irq.c.obj
                0x10002024                irq_set_enabled
 .text.irq_set_mask_n_enabled_internal
                0x1000205c       0x3c Core/Src/CMakeFiles/Temp_Logger.dir/P_/pico-sdk/src/rp2_common/hardware_irq/irq.c.obj
 .text.irq_set_mask_n_enabled
                0x10002098       0x24 Core/Src/CMakeFiles/Temp_Logger.dir/P_/pico-sdk/src/rp2_common/hardware_irq/irq.c.obj
                0x10002098                irq_set_mask_n_enabled
 .text.set_raw_irq_handler_and_unlock
                0x100020bc       0x68 Core/Src/CMakeFiles/Temp_Logger.dir/P_/pico-sdk/src/rp2_common/hardware_irq/irq.c.obj
 .text.irq_get_vtable_handler
                0x10002124       0x28 Core/Src/CMakeFiles/Temp_Logger.dir/P_/pico-sdk/src/rp2_common/hardware_irq/irq.c.obj
                0x10002124                irq_get_vtable_handler
 .text.irq_set_exclusive_handler
                0x1000214c       0xa8 Core/Src/CMakeFiles/Temp_Logger.dir/P_/pico-sdk/src/rp2_common/hardware_irq/irq.c.obj
                0x1000214c                irq_set_exclusive_handler
 .text.nvic_ipr0
                0x100021f4       0x10 Core/Src/CMakeFiles/Temp_Logger.dir/P_/pico-sdk/src/rp2_common/hardware_irq/irq.c.obj
 .text.runtime_init_per_core_irq_priorities
                0x10002204       0x3c Core/Src/CMakeFiles/Temp_Logger.dir/P_/pico-sdk/src/rp2_common/hardware_irq/irq.c.obj
                0x10002204                runtime_init_per_core_irq_priorities
 .text.lock_init
                0x10002240       0x2c Core/Src/CMakeFiles/Temp_Logger.dir/P_/pico-sdk/src/common/pico_sync/lock_core.c.obj
                0x10002240                lock_init
 .text.runtime_init_mutex
                0x1000226c       0x74 Core/Src/CMakeFiles/Temp_Logger.dir/P_/pico-sdk/src/common/pico_sync/mutex.c.obj
                0x1000226c                runtime_init_mutex
 .text.mutex_init
                0x100022e0       0x2e Core/Src/CMakeFiles/Temp_Logger.dir/P_/pico-sdk/src/common/pico_sync/mutex.c.obj
                0x100022e0                mutex_init
 .text.recursive_mutex_init
                0x1000230e       0x34 Core/Src/CMakeFiles/Temp_Logger.dir/P_/pico-sdk/src/common/pico_sync/mutex.c.obj
                0x1000230e                recursive_mutex_init
 .text.to_us_since_boot
                0x10002342       0x18 Core/Src/CMakeFiles/Temp_Logger.dir/P_/pico-sdk/src/common/pico_time/time.c.obj
 .text.update_us_since_boot
                0x1000235a       0x1e Core/Src/CMakeFiles/Temp_Logger.dir/P_/pico-sdk/src/common/pico_time/time.c.obj
 .text.check_hardware_alarm_num_param
                0x10002378       0x10 Core/Src/CMakeFiles/Temp_Logger.dir/P_/pico-sdk/src/common/pico_time/time.c.obj
 .text.timer_time_us_32
                0x10002388       0x14 Core/Src/CMakeFiles/Temp_Logger.dir/P_/pico-sdk/src/common/pico_time/time.c.obj
 .text.timer_time_reached
                0x1000239c       0x62 Core/Src/CMakeFiles/Temp_Logger.dir/P_/pico-sdk/src/common/pico_time/time.c.obj
 *fill*         0x100023fe        0x2 
 .text.time_reached
                0x10002400       0x24 Core/Src/CMakeFiles/Temp_Logger.dir/P_/pico-sdk/src/common/pico_time/time.c.obj
 .text.timer_hardware_alarm_get_irq_num
                0x10002424       0x1c Core/Src/CMakeFiles/Temp_Logger.dir/P_/pico-sdk/src/common/pico_time/time.c.obj
 .text.timer_get_index
                0x10002440       0x12 Core/Src/CMakeFiles/Temp_Logger.dir/P_/pico-sdk/src/common/pico_time/time.c.obj
 *fill*         0x10002452        0x2 
 .text.timer_get_instance
                0x10002454       0x18 Core/Src/CMakeFiles/Temp_Logger.dir/P_/pico-sdk/src/common/pico_time/time.c.obj
 .text.get_absolute_time
                0x1000246c       0x24 Core/Src/CMakeFiles/Temp_Logger.dir/P_/pico-sdk/src/common/pico_time/time.c.obj
 .text.delayed_by_us
                0x10002490       0x64 Core/Src/CMakeFiles/Temp_Logger.dir/P_/pico-sdk/src/common/pico_time/time.c.obj
 .text.make_timeout_time_us
                0x100024f4       0x24 Core/Src/CMakeFiles/Temp_Logger.dir/P_/pico-sdk/src/common/pico_time/time.c.obj
 .text.absolute_time_diff_us
                0x10002518       0x40 Core/Src/CMakeFiles/Temp_Logger.dir/P_/pico-sdk/src/common/pico_time/time.c.obj
 .text.add_alarm_at
                0x10002558       0x34 Core/Src/CMakeFiles/Temp_Logger.dir/P_/pico-sdk/src/common/pico_time/time.c.obj
 .text.cancel_alarm
                0x1000258c       0x22 Core/Src/CMakeFiles/Temp_Logger.dir/P_/pico-sdk/src/common/pico_time/time.c.obj
 *fill*         0x100025ae        0x2 
 .text.default_alarm_pool_initialized
                0x100025b0       0x18 Core/Src/CMakeFiles/Temp_Logger.dir/P_/pico-sdk/src/common/pico_time/time.c.obj
 .text.ta_force_irq
                0x100025c8       0x34 Core/Src/CMakeFiles/Temp_Logger.dir/P_/pico-sdk/src/common/pico_time/time.c.obj
 .text.ta_clear_force_irq
                0x100025fc       0x34 Core/Src/CMakeFiles/Temp_Logger.dir/P_/pico-sdk/src/common/pico_time/time.c.obj
 .text.ta_clear_irq
                0x10002630       0x1c Core/Src/CMakeFiles/Temp_Logger.dir/P_/pico-sdk/src/common/pico_time/time.c.obj
 .text.ta_from_current_irq
                0x1000264c       0x36 Core/Src/CMakeFiles/Temp_Logger.dir/P_/pico-sdk/src/common/pico_time/time.c.obj
 .text.ta_set_timeout
                0x10002682       0x5e Core/Src/CMakeFiles/Temp_Logger.dir/P_/pico-sdk/src/common/pico_time/time.c.obj
 .text.ta_wakes_up_on_or_before
                0x100026e0       0x6e Core/Src/CMakeFiles/Temp_Logger.dir/P_/pico-sdk/src/common/pico_time/time.c.obj
 .text.ta_time_us_64
                0x1000274e       0x1e Core/Src/CMakeFiles/Temp_Logger.dir/P_/pico-sdk/src/common/pico_time/time.c.obj
 .text.ta_enable_irq_handler
                0x1000276c       0x66 Core/Src/CMakeFiles/Temp_Logger.dir/P_/pico-sdk/src/common/pico_time/time.c.obj
 .text.ta_hardware_alarm_claim
                0x100027d2       0x1e Core/Src/CMakeFiles/Temp_Logger.dir/P_/pico-sdk/src/common/pico_time/time.c.obj
 .text.ta_timer_num
                0x100027f0       0x1a Core/Src/CMakeFiles/Temp_Logger.dir/P_/pico-sdk/src/common/pico_time/time.c.obj
 *fill*         0x1000280a        0x2 
 .text.ta_default_timer_instance
                0x1000280c       0x10 Core/Src/CMakeFiles/Temp_Logger.dir/P_/pico-sdk/src/common/pico_time/time.c.obj
 .text.alarm_index
                0x1000281c       0x16 Core/Src/CMakeFiles/Temp_Logger.dir/P_/pico-sdk/src/common/pico_time/time.c.obj
 .text.alarm_sequence
                0x10002832       0x14 Core/Src/CMakeFiles/Temp_Logger.dir/P_/pico-sdk/src/common/pico_time/time.c.obj
 .text.make_alarm_id
                0x10002846       0x20 Core/Src/CMakeFiles/Temp_Logger.dir/P_/pico-sdk/src/common/pico_time/time.c.obj
 *fill*         0x10002866        0x2 
 .text.runtime_init_default_alarm_pool
                0x10002868       0x50 Core/Src/CMakeFiles/Temp_Logger.dir/P_/pico-sdk/src/common/pico_time/time.c.obj
                0x10002868                runtime_init_default_alarm_pool
 .text.alarm_pool_get_default
                0x100028b8       0x30 Core/Src/CMakeFiles/Temp_Logger.dir/P_/pico-sdk/src/common/pico_time/time.c.obj
                0x100028b8                alarm_pool_get_default
 .text.alarm_pool_irq_handler
                0x100028e8      0x620 Core/Src/CMakeFiles/Temp_Logger.dir/P_/pico-sdk/src/common/pico_time/time.c.obj
 .text.alarm_pool_post_alloc_init
                0x10002f08       0xd0 Core/Src/CMakeFiles/Temp_Logger.dir/P_/pico-sdk/src/common/pico_time/time.c.obj
 .text.alarm_pool_add_alarm_at
                0x10002fd8       0x5c Core/Src/CMakeFiles/Temp_Logger.dir/P_/pico-sdk/src/common/pico_time/time.c.obj
                0x10002fd8                alarm_pool_add_alarm_at
 .text.alarm_pool_add_alarm_at_force_in_context
                0x10003034      0x1aa Core/Src/CMakeFiles/Temp_Logger.dir/P_/pico-sdk/src/common/pico_time/time.c.obj
                0x10003034                alarm_pool_add_alarm_at_force_in_context
 *fill*         0x100031de        0x2 
 .text.alarm_pool_cancel_alarm
                0x100031e0      0x11c Core/Src/CMakeFiles/Temp_Logger.dir/P_/pico-sdk/src/common/pico_time/time.c.obj
                0x100031e0                alarm_pool_cancel_alarm
 .text.sleep_until_callback
                0x100032fc       0x84 Core/Src/CMakeFiles/Temp_Logger.dir/P_/pico-sdk/src/common/pico_time/time.c.obj
 .text.sleep_until
                0x10003380      0x144 Core/Src/CMakeFiles/Temp_Logger.dir/P_/pico-sdk/src/common/pico_time/time.c.obj
                0x10003380                sleep_until
 .text.sleep_us
                0x100034c4       0x2a Core/Src/CMakeFiles/Temp_Logger.dir/P_/pico-sdk/src/common/pico_time/time.c.obj
                0x100034c4                sleep_us
 .text.sleep_ms
                0x100034ee       0x32 Core/Src/CMakeFiles/Temp_Logger.dir/P_/pico-sdk/src/common/pico_time/time.c.obj
                0x100034ee                sleep_ms
 .text.best_effort_wfe_or_timeout
                0x10003520       0xd8 Core/Src/CMakeFiles/Temp_Logger.dir/P_/pico-sdk/src/common/pico_time/time.c.obj
                0x10003520                best_effort_wfe_or_timeout
 .text.alarm_pool_get_default_timer
                0x100035f8       0x10 Core/Src/CMakeFiles/Temp_Logger.dir/P_/pico-sdk/src/common/pico_time/time.c.obj
                0x100035f8                alarm_pool_get_default_timer
 .text.to_us_since_boot
                0x10003608       0x18 Core/Src/CMakeFiles/Temp_Logger.dir/P_/pico-sdk/src/common/pico_time/timeout_helper.c.obj
 .text.timer_time_reached
                0x10003620       0x62 Core/Src/CMakeFiles/Temp_Logger.dir/P_/pico-sdk/src/common/pico_time/timeout_helper.c.obj
 *fill*         0x10003682        0x2 
 .text.time_reached
                0x10003684       0x24 Core/Src/CMakeFiles/Temp_Logger.dir/P_/pico-sdk/src/common/pico_time/timeout_helper.c.obj
 .text.check_single_timeout_us
                0x100036a8       0x26 Core/Src/CMakeFiles/Temp_Logger.dir/P_/pico-sdk/src/common/pico_time/timeout_helper.c.obj
 *fill*         0x100036ce        0x2 
 .text.init_single_timeout_until
                0x100036d0       0x24 Core/Src/CMakeFiles/Temp_Logger.dir/P_/pico-sdk/src/common/pico_time/timeout_helper.c.obj
                0x100036d0                init_single_timeout_until
 .text.to_us_since_boot
                0x100036f4       0x18 Core/Src/CMakeFiles/Temp_Logger.dir/P_/pico-sdk/src/rp2_common/hardware_timer/timer.c.obj
 .text.update_us_since_boot
                0x1000370c       0x1e Core/Src/CMakeFiles/Temp_Logger.dir/P_/pico-sdk/src/rp2_common/hardware_timer/timer.c.obj
 .text.check_hardware_alarm_num_param
                0x1000372a       0x10 Core/Src/CMakeFiles/Temp_Logger.dir/P_/pico-sdk/src/rp2_common/hardware_timer/timer.c.obj
 .text.timer_get_index
                0x1000373a       0x12 Core/Src/CMakeFiles/Temp_Logger.dir/P_/pico-sdk/src/rp2_common/hardware_timer/timer.c.obj
 .text.timer_hardware_alarm_claim
                0x1000374c       0x3c Core/Src/CMakeFiles/Temp_Logger.dir/P_/pico-sdk/src/rp2_common/hardware_timer/timer.c.obj
                0x1000374c                timer_hardware_alarm_claim
 .text.timer_time_us_64
                0x10003788       0x5a Core/Src/CMakeFiles/Temp_Logger.dir/P_/pico-sdk/src/rp2_common/hardware_timer/timer.c.obj
                0x10003788                timer_time_us_64
 .text.timer_busy_wait_us
                0x100037e2       0x70 Core/Src/CMakeFiles/Temp_Logger.dir/P_/pico-sdk/src/rp2_common/hardware_timer/timer.c.obj
                0x100037e2                timer_busy_wait_us
 .text.timer_busy_wait_until
                0x10003852       0x68 Core/Src/CMakeFiles/Temp_Logger.dir/P_/pico-sdk/src/rp2_common/hardware_timer/timer.c.obj
                0x10003852                timer_busy_wait_until
 *fill*         0x100038ba        0x2 
 .text.time_us_64
                0x100038bc       0x1c Core/Src/CMakeFiles/Temp_Logger.dir/P_/pico-sdk/src/rp2_common/hardware_timer/timer.c.obj
                0x100038bc                time_us_64
 .text.busy_wait_us
                0x100038d8       0x24 Core/Src/CMakeFiles/Temp_Logger.dir/P_/pico-sdk/src/rp2_common/hardware_timer/timer.c.obj
                0x100038d8                busy_wait_us
 .text.busy_wait_until
                0x100038fc       0x24 Core/Src/CMakeFiles/Temp_Logger.dir/P_/pico-sdk/src/rp2_common/hardware_timer/timer.c.obj
                0x100038fc                busy_wait_until
 .text.reset_block_num
                0x10003920       0x3c Core/Src/CMakeFiles/Temp_Logger.dir/P_/pico-sdk/src/rp2_common/hardware_uart/uart.c.obj
 .text.unreset_block_num_wait_blocking
                0x1000395c       0x54 Core/Src/CMakeFiles/Temp_Logger.dir/P_/pico-sdk/src/rp2_common/hardware_uart/uart.c.obj
 .text.uart_get_index
                0x100039b0       0x24 Core/Src/CMakeFiles/Temp_Logger.dir/P_/pico-sdk/src/rp2_common/hardware_uart/uart.c.obj
 .text.uart_get_hw
                0x100039d4       0x1a Core/Src/CMakeFiles/Temp_Logger.dir/P_/pico-sdk/src/rp2_common/hardware_uart/uart.c.obj
 .text.uart_get_reset_num
                0x100039ee       0x22 Core/Src/CMakeFiles/Temp_Logger.dir/P_/pico-sdk/src/rp2_common/hardware_uart/uart.c.obj
 .text.uart_clock_get_hz
                0x10003a10       0x18 Core/Src/CMakeFiles/Temp_Logger.dir/P_/pico-sdk/src/rp2_common/hardware_uart/uart.c.obj
 .text.uart_reset
                0x10003a28       0x20 Core/Src/CMakeFiles/Temp_Logger.dir/P_/pico-sdk/src/rp2_common/hardware_uart/uart.c.obj
 .text.uart_unreset
                0x10003a48       0x20 Core/Src/CMakeFiles/Temp_Logger.dir/P_/pico-sdk/src/rp2_common/hardware_uart/uart.c.obj
 .text.uart_init
                0x10003a68       0xe4 Core/Src/CMakeFiles/Temp_Logger.dir/P_/pico-sdk/src/rp2_common/hardware_uart/uart.c.obj
                0x10003a68                uart_init
 .text.uart_disable_before_lcr_write
                0x10003b4c       0xb0 Core/Src/CMakeFiles/Temp_Logger.dir/P_/pico-sdk/src/rp2_common/hardware_uart/uart.c.obj
 .text.uart_write_lcr_bits_masked
                0x10003bfc       0x68 Core/Src/CMakeFiles/Temp_Logger.dir/P_/pico-sdk/src/rp2_common/hardware_uart/uart.c.obj
 .text.uart_set_baudrate
                0x10003c64       0xac Core/Src/CMakeFiles/Temp_Logger.dir/P_/pico-sdk/src/rp2_common/hardware_uart/uart.c.obj
                0x10003c64                uart_set_baudrate
 .text.uart_set_translate_crlf
                0x10003d10       0x3c Core/Src/CMakeFiles/Temp_Logger.dir/P_/pico-sdk/src/rp2_common/hardware_uart/uart.c.obj
                0x10003d10                uart_set_translate_crlf
 .text.busy_wait_at_least_cycles
                0x10003d4c       0x18 Core/Src/CMakeFiles/Temp_Logger.dir/P_/pico-sdk/src/rp2_common/hardware_clocks/clocks.c.obj
 .text.has_glitchless_mux
                0x10003d64       0x32 Core/Src/CMakeFiles/Temp_Logger.dir/P_/pico-sdk/src/rp2_common/hardware_clocks/clocks.c.obj
 *fill*         0x10003d96        0x2 
 .text.clock_configure_internal
                0x10003d98      0x18c Core/Src/CMakeFiles/Temp_Logger.dir/P_/pico-sdk/src/rp2_common/hardware_clocks/clocks.c.obj
 .text.clock_configure_int_divider
                0x10003f24       0x3e Core/Src/CMakeFiles/Temp_Logger.dir/P_/pico-sdk/src/rp2_common/hardware_clocks/clocks.c.obj
                0x10003f24                clock_configure_int_divider
 .text.clock_configure_undivided
                0x10003f62       0x32 Core/Src/CMakeFiles/Temp_Logger.dir/P_/pico-sdk/src/rp2_common/hardware_clocks/clocks.c.obj
                0x10003f62                clock_configure_undivided
 .text.clock_get_hz
                0x10003f94       0x24 Core/Src/CMakeFiles/Temp_Logger.dir/P_/pico-sdk/src/rp2_common/hardware_clocks/clocks.c.obj
                0x10003f94                clock_get_hz
 .text.clock_set_reported_hz
                0x10003fb8       0x28 Core/Src/CMakeFiles/Temp_Logger.dir/P_/pico-sdk/src/rp2_common/hardware_clocks/clocks.c.obj
                0x10003fb8                clock_set_reported_hz
 .text.reset_unreset_block_num_wait_blocking
                0x10003fe0       0x7c Core/Src/CMakeFiles/Temp_Logger.dir/P_/pico-sdk/src/rp2_common/hardware_pll/pll.c.obj
 .text.pll_init
                0x1000405c      0x174 Core/Src/CMakeFiles/Temp_Logger.dir/P_/pico-sdk/src/rp2_common/hardware_pll/pll.c.obj
                0x1000405c                pll_init
 .text.tick_start
                0x100041d0       0x28 Core/Src/CMakeFiles/Temp_Logger.dir/P_/pico-sdk/src/rp2_common/hardware_ticks/ticks.c.obj
                0x100041d0                tick_start
 .text.rom_func_lookup
                0x100041f8       0x40 Core/Src/CMakeFiles/Temp_Logger.dir/P_/pico-sdk/src/rp2_common/pico_bootrom/bootrom.c.obj
                0x100041f8                rom_func_lookup
 .text.rom_data_lookup
                0x10004238       0x40 Core/Src/CMakeFiles/Temp_Logger.dir/P_/pico-sdk/src/rp2_common/pico_bootrom/bootrom.c.obj
                0x10004238                rom_data_lookup
 .text.rom_funcs_lookup
                0x10004278       0x68 Core/Src/CMakeFiles/Temp_Logger.dir/P_/pico-sdk/src/rp2_common/pico_bootrom/bootrom.c.obj
                0x10004278                rom_funcs_lookup
 .text.xosc_init
                0x100042e0       0x4c Core/Src/CMakeFiles/Temp_Logger.dir/P_/pico-sdk/src/rp2_common/hardware_xosc/xosc.c.obj
                0x100042e0                xosc_init
 .text.runtime_run_initializers_from
                0x1000432c       0x34 Core/Src/CMakeFiles/Temp_Logger.dir/P_/pico-sdk/src/rp2_common/pico_runtime/runtime.c.obj
 .text.runtime_run_initializers
                0x10004360       0x18 Core/Src/CMakeFiles/Temp_Logger.dir/P_/pico-sdk/src/rp2_common/pico_runtime/runtime.c.obj
                0x10004360                runtime_run_initializers
 .text.first_per_core_initializer
                0x10004378        0xa Core/Src/CMakeFiles/Temp_Logger.dir/P_/pico-sdk/src/rp2_common/pico_runtime/runtime.c.obj
 *fill*         0x10004382        0x2 
 .text.runtime_init_early_resets
                0x10004384       0x84 Core/Src/CMakeFiles/Temp_Logger.dir/P_/pico-sdk/src/rp2_common/pico_runtime_init/runtime_init.c.obj
                0x10004384                runtime_init_early_resets
 .text.runtime_init_usb_power_down
                0x10004408       0x38 Core/Src/CMakeFiles/Temp_Logger.dir/P_/pico-sdk/src/rp2_common/pico_runtime_init/runtime_init.c.obj
                0x10004408                runtime_init_usb_power_down
 .text.runtime_init_post_clock_resets
                0x10004440       0x58 Core/Src/CMakeFiles/Temp_Logger.dir/P_/pico-sdk/src/rp2_common/pico_runtime_init/runtime_init.c.obj
                0x10004440                runtime_init_post_clock_resets
 .text.runtime_init_rp2040_gpio_ie_disable
                0x10004498       0x28 Core/Src/CMakeFiles/Temp_Logger.dir/P_/pico-sdk/src/rp2_common/pico_runtime_init/runtime_init.c.obj
                0x10004498                runtime_init_rp2040_gpio_ie_disable
 .text.runtime_init_spin_locks_reset
                0x100044c0        0xe Core/Src/CMakeFiles/Temp_Logger.dir/P_/pico-sdk/src/rp2_common/pico_runtime_init/runtime_init.c.obj
                0x100044c0                runtime_init_spin_locks_reset
 *fill*         0x100044ce        0x2 
 .text.runtime_init_install_ram_vector_table
                0x100044d0       0x68 Core/Src/CMakeFiles/Temp_Logger.dir/P_/pico-sdk/src/rp2_common/pico_runtime_init/runtime_init.c.obj
                0x100044d0                runtime_init_install_ram_vector_table
 .text.running_on_fpga
                0x10004538        0xc Core/Src/CMakeFiles/Temp_Logger.dir/P_/pico-sdk/src/rp2_common/pico_runtime_init/runtime_init_clocks.c.obj
 .text.start_all_ticks
                0x10004544       0x48 Core/Src/CMakeFiles/Temp_Logger.dir/P_/pico-sdk/src/rp2_common/pico_runtime_init/runtime_init_clocks.c.obj
 .text.runtime_init_clocks
                0x1000458c      0x140 Core/Src/CMakeFiles/Temp_Logger.dir/P_/pico-sdk/src/rp2_common/pico_runtime_init/runtime_init_clocks.c.obj
                0x1000458c                runtime_init_clocks
 .text          0x100046cc       0x10 Core/Src/CMakeFiles/Temp_Logger.dir/P_/pico-sdk/src/rp2_common/pico_bit_ops/bit_ops_aeabi.S.obj
 .text.__wrap___aeabi_idiv
                0x100046dc       0x50 Core/Src/CMakeFiles/Temp_Logger.dir/P_/pico-sdk/src/rp2_common/pico_divider/divider_hardware.S.obj
                0x100046dc                __wrap___aeabi_idivmod
                0x100046dc                divmod_s32s32
                0x100046dc                div_s32s32
                0x100046dc                __wrap___aeabi_idiv
                0x100046e4                divmod_s32s32_unsafe
                0x10004710                divmod_s32s32_savestate
 .text.__wrap___aeabi_uidiv
                0x1000472c       0x4c Core/Src/CMakeFiles/Temp_Logger.dir/P_/pico-sdk/src/rp2_common/pico_divider/divider_hardware.S.obj
                0x1000472c                __wrap___aeabi_uidiv
                0x1000472c                __wrap___aeabi_uidivmod
                0x1000472c                div_u32u32
                0x1000472c                divmod_u32u32
                0x10004734                divmod_u32u32_unsafe
                0x1000475c                divmod_u32u32_savestate
 .text.__wrap___aeabi_ldiv
                0x10004778      0x424 Core/Src/CMakeFiles/Temp_Logger.dir/P_/pico-sdk/src/rp2_common/pico_divider/divider_hardware.S.obj
                0x10004778                div_s64s64
                0x10004778                divmod_s64s64
                0x10004778                __wrap___aeabi_ldivmod
                0x100047a8                divmod_u64u64
                0x100047a8                div_u64u64
                0x100047a8                __wrap___aeabi_uldivmod
                0x100047b8                divmod_u64u64_savestate
                0x100047d8                divmod_s64s64_unsafe
                0x10004860                divmod_u64u64_unsafe
 .text.__wrap___aeabi_darithmetic
                0x10004b9c       0x80 Core/Src/CMakeFiles/Temp_Logger.dir/P_/pico-sdk/src/rp2_common/pico_double/double_aeabi_rp2040.S.obj
                0x10004b9c                __wrap___aeabi_drsub
                0x10004ba2                __wrap___aeabi_dsub
                0x10004bb4                __wrap___aeabi_dadd
                0x10004bc6                __wrap___aeabi_ddiv
                0x10004c02                __wrap___aeabi_dmul
 .text.__wrap___aeabi_cdcmple
                0x10004c1c       0x6c Core/Src/CMakeFiles/Temp_Logger.dir/P_/pico-sdk/src/rp2_common/pico_double/double_aeabi_rp2040.S.obj
                0x10004c1c                __wrap___aeabi_cdrcmple
                0x10004c2c                __wrap___aeabi_cdcmpeq
                0x10004c2c                __wrap___aeabi_cdcmple
 .text.__wrap___aeabi_dcmplt
                0x10004c88        0xc Core/Src/CMakeFiles/Temp_Logger.dir/P_/pico-sdk/src/rp2_common/pico_double/double_aeabi_rp2040.S.obj
                0x10004c88                __wrap___aeabi_dcmplt
 .text.__wrap___aeabi_dcmpge
                0x10004c94       0x10 Core/Src/CMakeFiles/Temp_Logger.dir/P_/pico-sdk/src/rp2_common/pico_double/double_aeabi_rp2040.S.obj
                0x10004c94                __wrap___aeabi_dcmpge
 .text.__wrap___aeabi_dcmpgt
                0x10004ca4        0xa Core/Src/CMakeFiles/Temp_Logger.dir/P_/pico-sdk/src/rp2_common/pico_double/double_aeabi_rp2040.S.obj
                0x10004ca4                __wrap___aeabi_dcmpgt
 .text.__wrap___aeabi_dcmpun
                0x10004cae       0x18 Core/Src/CMakeFiles/Temp_Logger.dir/P_/pico-sdk/src/rp2_common/pico_double/double_aeabi_rp2040.S.obj
                0x10004cae                __wrap___aeabi_dcmpun
 *fill*         0x10004cc6        0x2 
 .text.__wrap___aeabi_i2d
                0x10004cc8       0x38 Core/Src/CMakeFiles/Temp_Logger.dir/P_/pico-sdk/src/rp2_common/pico_double/double_aeabi_rp2040.S.obj
                0x10004cc8                uint2double
                0x10004cc8                __wrap___aeabi_ui2d
                0x10004cd0                int2double
                0x10004cd0                __wrap___aeabi_i2d
 .text.__wrap___aeabi_d2iz
                0x10004d00       0x48 Core/Src/CMakeFiles/Temp_Logger.dir/P_/pico-sdk/src/rp2_common/pico_double/double_aeabi_rp2040.S.obj
                0x10004d00                double2int_z
                0x10004d00                __wrap___aeabi_d2iz
 .text.__wrap___aeabi_d2uiz
                0x10004d48       0x18 Core/Src/CMakeFiles/Temp_Logger.dir/P_/pico-sdk/src/rp2_common/pico_double/double_aeabi_rp2040.S.obj
                0x10004d48                double2uint
                0x10004d48                __wrap___aeabi_d2uiz
                0x10004d48                double2uint_z
 .text.__wrap___aeabi_d2f
                0x10004d60       0x18 Core/Src/CMakeFiles/Temp_Logger.dir/P_/pico-sdk/src/rp2_common/pico_double/double_aeabi_rp2040.S.obj
                0x10004d60                __wrap___aeabi_d2f
 .text.rp2040_rom_version
                0x10004d78        0xe Core/Src/CMakeFiles/Temp_Logger.dir/P_/pico-sdk/src/rp2_common/pico_double/double_init_rom_rp2040.c.obj
 .text.rom_table_code
                0x10004d86       0x26 Core/Src/CMakeFiles/Temp_Logger.dir/P_/pico-sdk/src/rp2_common/pico_double/double_init_rom_rp2040.c.obj
 .text.__aeabi_double_init
                0x10004dac      0x100 Core/Src/CMakeFiles/Temp_Logger.dir/P_/pico-sdk/src/rp2_common/pico_double/double_init_rom_rp2040.c.obj
                0x10004dac                __aeabi_double_init
 .text.double_table_shim_on_use_helper
                0x10004eac       0x34 Core/Src/CMakeFiles/Temp_Logger.dir/P_/pico-sdk/src/rp2_common/pico_double/double_v1_rom_shim_rp2040.S.obj
                0x10004eac                double_table_shim_on_use_helper
 .text.__wrap___aeabi_dsub
                0x10004ee0       0x10 Core/Src/CMakeFiles/Temp_Logger.dir/P_/pico-sdk/src/rp2_common/pico_double/double_v1_rom_shim_rp2040.S.obj
                0x10004ee0                drsub_shim
                0x10004ee6                dsub_shim
 .text.dadd_shim
                0x10004ef0      0x15c Core/Src/CMakeFiles/Temp_Logger.dir/P_/pico-sdk/src/rp2_common/pico_double/double_v1_rom_shim_rp2040.S.obj
                0x10004ef0                dadd_shim
 .text.dmul_shim
                0x1000504c      0x15c Core/Src/CMakeFiles/Temp_Logger.dir/P_/pico-sdk/src/rp2_common/pico_double/double_v1_rom_shim_rp2040.S.obj
                0x1000504c                dmul_shim
 .text.ddiv_shim
                0x100051a8      0x1b0 Core/Src/CMakeFiles/Temp_Logger.dir/P_/pico-sdk/src/rp2_common/pico_double/double_v1_rom_shim_rp2040.S.obj
                0x100051a8                ddiv_shim
 .text.double2uint_shim
                0x10005358        0xe Core/Src/CMakeFiles/Temp_Logger.dir/P_/pico-sdk/src/rp2_common/pico_double/double_v1_rom_shim_rp2040.S.obj
                0x10005358                double2uint_shim
                0x1000535a                double2ufix_shim
 *fill*         0x10005366        0x2 
 .text.double2uint64_shim
                0x10005368       0x70 Core/Src/CMakeFiles/Temp_Logger.dir/P_/pico-sdk/src/rp2_common/pico_double/double_v1_rom_shim_rp2040.S.obj
                0x10005368                double2uint64_shim
                0x1000536a                double2ufix64_shim
                0x1000538a                d2fix_a
 .text.double2float_shim
                0x100053d8       0x5c Core/Src/CMakeFiles/Temp_Logger.dir/P_/pico-sdk/src/rp2_common/pico_double/double_v1_rom_shim_rp2040.S.obj
                0x100053d8                double2float_shim
 .text.dunpacks
                0x10005434       0x3c Core/Src/CMakeFiles/Temp_Logger.dir/P_/pico-sdk/src/rp2_common/pico_double/double_v1_rom_shim_rp2040.S.obj
                0x10005434                dunpacks
 .text.__aeabi_lmul
                0x10005470       0x32 Core/Src/CMakeFiles/Temp_Logger.dir/P_/pico-sdk/src/rp2_common/pico_int64_ops/pico_int64_ops_aeabi.S.obj
                0x10005470                __wrap___aeabi_lmul
 *fill*         0x100054a2        0x2 
 .text.__wrap___aeabi_farithmetic
                0x100054a4       0x58 Core/Src/CMakeFiles/Temp_Logger.dir/P_/pico-sdk/src/rp2_common/pico_float/float_aeabi_rp2040.S.obj
                0x100054a4                __wrap___aeabi_frsub
                0x100054aa                __wrap___aeabi_fsub
                0x100054b4                __wrap___aeabi_fadd
                0x100054be                __wrap___aeabi_fdiv
                0x100054ea                __wrap___aeabi_fmul
 .text.__wrap___aeabi_i2f
                0x100054fc       0x44 Core/Src/CMakeFiles/Temp_Logger.dir/P_/pico-sdk/src/rp2_common/pico_float/float_aeabi_rp2040.S.obj
                0x100054fc                __wrap___aeabi_i2f
                0x100054fc                int2float
 .text.__wrap___aeabi_f2iz
                0x10005540       0x4e Core/Src/CMakeFiles/Temp_Logger.dir/P_/pico-sdk/src/rp2_common/pico_float/float_aeabi_rp2040.S.obj
                0x10005540                float2int_z
                0x10005540                __wrap___aeabi_f2iz
 *fill*         0x1000558e        0x2 
 .text.float2int
                0x10005590       0x14 Core/Src/CMakeFiles/Temp_Logger.dir/P_/pico-sdk/src/rp2_common/pico_float/float_aeabi_rp2040.S.obj
                0x10005590                float2int
 .text.__wrap___aeabi_f2uiz
                0x100055a4       0x10 Core/Src/CMakeFiles/Temp_Logger.dir/P_/pico-sdk/src/rp2_common/pico_float/float_aeabi_rp2040.S.obj
                0x100055a4                float2uint_z
                0x100055a4                __wrap___aeabi_f2uiz
                0x100055a4                float2uint
 .text.__wrap___aeabi_f2d
                0x100055b4       0x14 Core/Src/CMakeFiles/Temp_Logger.dir/P_/pico-sdk/src/rp2_common/pico_float/float_aeabi_rp2040.S.obj
                0x100055b4                __wrap___aeabi_f2d
 .text.rp2040_rom_version
                0x100055c8        0xe Core/Src/CMakeFiles/Temp_Logger.dir/P_/pico-sdk/src/rp2_common/pico_float/float_init_rom_rp2040.c.obj
 .text.rom_table_code
                0x100055d6       0x26 Core/Src/CMakeFiles/Temp_Logger.dir/P_/pico-sdk/src/rp2_common/pico_float/float_init_rom_rp2040.c.obj
 .text.__aeabi_float_init
                0x100055fc      0x130 Core/Src/CMakeFiles/Temp_Logger.dir/P_/pico-sdk/src/rp2_common/pico_float/float_init_rom_rp2040.c.obj
                0x100055fc                __aeabi_float_init
 .text.float_table_shim_on_use_helper
                0x1000572c       0x34 Core/Src/CMakeFiles/Temp_Logger.dir/P_/pico-sdk/src/rp2_common/pico_float/float_v1_rom_shim_rp2040.S.obj
                0x1000572c                float_table_shim_on_use_helper
 .text.float232_shims
                0x10005760       0x18 Core/Src/CMakeFiles/Temp_Logger.dir/P_/pico-sdk/src/rp2_common/pico_float/float_v1_rom_shim_rp2040.S.obj
                0x10005760                float2int_shim
                0x10005762                float2fix_shim
 .text.float2double_shim
                0x10005778       0x30 Core/Src/CMakeFiles/Temp_Logger.dir/P_/pico-sdk/src/rp2_common/pico_float/float_v1_rom_shim_rp2040.S.obj
                0x10005778                float2double_shim
 .text          0x100057a8       0x10 Core/Src/CMakeFiles/Temp_Logger.dir/P_/pico-sdk/src/rp2_common/pico_mem_ops/mem_ops_aeabi.S.obj
                0x100057a8                __aeabi_mem_init
 .text.memset   0x100057b8        0xc Core/Src/CMakeFiles/Temp_Logger.dir/P_/pico-sdk/src/rp2_common/pico_mem_ops/mem_ops_aeabi.S.obj
                0x100057b8                __wrap_memset
 .text.memcpy   0x100057c4        0xc Core/Src/CMakeFiles/Temp_Logger.dir/P_/pico-sdk/src/rp2_common/pico_mem_ops/mem_ops_aeabi.S.obj
                0x100057c4                __wrap_memcpy
                0x100057c4                __wrap___aeabi_memcpy
 .text._out_buffer
                0x100057d0       0x30 Core/Src/CMakeFiles/Temp_Logger.dir/P_/pico-sdk/src/rp2_common/pico_printf/printf.c.obj
 .text._out_null
                0x10005800       0x1c Core/Src/CMakeFiles/Temp_Logger.dir/P_/pico-sdk/src/rp2_common/pico_printf/printf.c.obj
 .text._out_fct
                0x1000581c       0x36 Core/Src/CMakeFiles/Temp_Logger.dir/P_/pico-sdk/src/rp2_common/pico_printf/printf.c.obj
 .text._strnlen_s
                0x10005852       0x36 Core/Src/CMakeFiles/Temp_Logger.dir/P_/pico-sdk/src/rp2_common/pico_printf/printf.c.obj
 .text._is_digit
                0x10005888       0x32 Core/Src/CMakeFiles/Temp_Logger.dir/P_/pico-sdk/src/rp2_common/pico_printf/printf.c.obj
 .text._atoi    0x100058ba       0x46 Core/Src/CMakeFiles/Temp_Logger.dir/P_/pico-sdk/src/rp2_common/pico_printf/printf.c.obj
 .text._out_rev
                0x10005900       0x9a Core/Src/CMakeFiles/Temp_Logger.dir/P_/pico-sdk/src/rp2_common/pico_printf/printf.c.obj
 .text._ntoa_format
                0x1000599a      0x1ac Core/Src/CMakeFiles/Temp_Logger.dir/P_/pico-sdk/src/rp2_common/pico_printf/printf.c.obj
 .text._ntoa_long
                0x10005b46       0xd2 Core/Src/CMakeFiles/Temp_Logger.dir/P_/pico-sdk/src/rp2_common/pico_printf/printf.c.obj
 .text._ntoa_long_long
                0x10005c18       0xe6 Core/Src/CMakeFiles/Temp_Logger.dir/P_/pico-sdk/src/rp2_common/pico_printf/printf.c.obj
 *fill*         0x10005cfe        0x2 
 .text._ftoa    0x10005d00      0x494 Core/Src/CMakeFiles/Temp_Logger.dir/P_/pico-sdk/src/rp2_common/pico_printf/printf.c.obj
 .text._etoa    0x10006194      0x594 Core/Src/CMakeFiles/Temp_Logger.dir/P_/pico-sdk/src/rp2_common/pico_printf/printf.c.obj
 .text._vsnprintf
                0x10006728      0x8fc Core/Src/CMakeFiles/Temp_Logger.dir/P_/pico-sdk/src/rp2_common/pico_printf/printf.c.obj
 .text.__wrap_sprintf
                0x10007024       0x3c Core/Src/CMakeFiles/Temp_Logger.dir/P_/pico-sdk/src/rp2_common/pico_printf/printf.c.obj
                0x10007024                __wrap_sprintf
 .text.vfctprintf
                0x10007060       0x40 Core/Src/CMakeFiles/Temp_Logger.dir/P_/pico-sdk/src/rp2_common/pico_printf/printf.c.obj
                0x10007060                vfctprintf
 .text._exit    0x100070a0        0xe Core/Src/CMakeFiles/Temp_Logger.dir/P_/pico-sdk/src/rp2_common/pico_clib_interface/newlib_interface.c.obj
                0x100070a0                _exit
 .text.exit     0x100070ae       0x10 Core/Src/CMakeFiles/Temp_Logger.dir/P_/pico-sdk/src/rp2_common/pico_clib_interface/newlib_interface.c.obj
                0x100070ae                exit
 *fill*         0x100070be        0x2 
 .text.__assert_func
                0x100070c0       0x4c Core/Src/CMakeFiles/Temp_Logger.dir/P_/pico-sdk/src/rp2_common/pico_clib_interface/newlib_interface.c.obj
                0x100070c0                __assert_func
 .text.runtime_init
                0x1000710c       0x48 Core/Src/CMakeFiles/Temp_Logger.dir/P_/pico-sdk/src/rp2_common/pico_clib_interface/newlib_interface.c.obj
                0x1000710c                runtime_init
 .text.to_us_since_boot
                0x10007154       0x18 Core/Src/CMakeFiles/Temp_Logger.dir/P_/pico-sdk/src/rp2_common/pico_stdio/stdio.c.obj
 .text.update_us_since_boot
                0x1000716c       0x1e Core/Src/CMakeFiles/Temp_Logger.dir/P_/pico-sdk/src/rp2_common/pico_stdio/stdio.c.obj
 .text.get_absolute_time
                0x1000718a       0x24 Core/Src/CMakeFiles/Temp_Logger.dir/P_/pico-sdk/src/rp2_common/pico_stdio/stdio.c.obj
 *fill*         0x100071ae        0x2 
 .text.delayed_by_ms
                0x100071b0       0x7c Core/Src/CMakeFiles/Temp_Logger.dir/P_/pico-sdk/src/rp2_common/pico_stdio/stdio.c.obj
 .text.make_timeout_time_ms
                0x1000722c       0x22 Core/Src/CMakeFiles/Temp_Logger.dir/P_/pico-sdk/src/rp2_common/pico_stdio/stdio.c.obj
 *fill*         0x1000724e        0x2 
 .text.stdout_serialize_begin
                0x10007250       0x28 Core/Src/CMakeFiles/Temp_Logger.dir/P_/pico-sdk/src/rp2_common/pico_stdio/stdio.c.obj
                0x10007250                stdout_serialize_begin
 .text.stdout_serialize_end
                0x10007278       0x18 Core/Src/CMakeFiles/Temp_Logger.dir/P_/pico-sdk/src/rp2_common/pico_stdio/stdio.c.obj
                0x10007278                stdout_serialize_end
 .text.stdio_out_chars_no_crlf
                0x10007290       0x20 Core/Src/CMakeFiles/Temp_Logger.dir/P_/pico-sdk/src/rp2_common/pico_stdio/stdio.c.obj
 .text.stdio_out_chars_crlf
                0x100072b0       0xf4 Core/Src/CMakeFiles/Temp_Logger.dir/P_/pico-sdk/src/rp2_common/pico_stdio/stdio.c.obj
 .text.stdio_put_string
                0x100073a4       0xc8 Core/Src/CMakeFiles/Temp_Logger.dir/P_/pico-sdk/src/rp2_common/pico_stdio/stdio.c.obj
                0x100073a4                stdio_put_string
 .text.stdio_flush
                0x1000746c       0x38 Core/Src/CMakeFiles/Temp_Logger.dir/P_/pico-sdk/src/rp2_common/pico_stdio/stdio.c.obj
                0x1000746c                stdio_flush
 .text.stdio_stack_buffer_flush
                0x100074a4       0x6c Core/Src/CMakeFiles/Temp_Logger.dir/P_/pico-sdk/src/rp2_common/pico_stdio/stdio.c.obj
 .text.stdio_buffered_printer
                0x10007510       0x3e Core/Src/CMakeFiles/Temp_Logger.dir/P_/pico-sdk/src/rp2_common/pico_stdio/stdio.c.obj
 .text.__wrap_puts
                0x1000754e       0x2e Core/Src/CMakeFiles/Temp_Logger.dir/P_/pico-sdk/src/rp2_common/pico_stdio/stdio.c.obj
                0x1000754e                stdio_puts
                0x1000754e                __wrap_puts
 .text.__wrap_vprintf
                0x1000757c       0x5c Core/Src/CMakeFiles/Temp_Logger.dir/P_/pico-sdk/src/rp2_common/pico_stdio/stdio.c.obj
                0x1000757c                stdio_vprintf
                0x1000757c                __wrap_vprintf
 .text.__wrap_printf
                0x100075d8       0x2e Core/Src/CMakeFiles/Temp_Logger.dir/P_/pico-sdk/src/rp2_common/pico_stdio/stdio.c.obj
                0x100075d8                __wrap_printf
                0x100075d8                stdio_printf
 *fill*         0x10007606        0x2 
 .text.i2c_get_index
                0x10007608       0x20 Core/Src/CMakeFiles/Temp_Logger.dir/P_/pico-sdk/src/rp2_common/hardware_i2c/i2c.c.obj
 .text.i2c_get_hw
                0x10007628       0x1c Core/Src/CMakeFiles/Temp_Logger.dir/P_/pico-sdk/src/rp2_common/hardware_i2c/i2c.c.obj
 .text.i2c_get_write_available
                0x10007644       0x24 Core/Src/CMakeFiles/Temp_Logger.dir/P_/pico-sdk/src/rp2_common/hardware_i2c/i2c.c.obj
 .text.i2c_get_read_available
                0x10007668       0x1c Core/Src/CMakeFiles/Temp_Logger.dir/P_/pico-sdk/src/rp2_common/hardware_i2c/i2c.c.obj
 .text.reset_block_num
                0x10007684       0x3c Core/Src/CMakeFiles/Temp_Logger.dir/P_/pico-sdk/src/rp2_common/hardware_i2c/i2c.c.obj
 .text.unreset_block_num_wait_blocking
                0x100076c0       0x54 Core/Src/CMakeFiles/Temp_Logger.dir/P_/pico-sdk/src/rp2_common/hardware_i2c/i2c.c.obj
 .text.i2c_reset
                0x10007714       0x28 Core/Src/CMakeFiles/Temp_Logger.dir/P_/pico-sdk/src/rp2_common/hardware_i2c/i2c.c.obj
 .text.i2c_unreset
                0x1000773c       0x28 Core/Src/CMakeFiles/Temp_Logger.dir/P_/pico-sdk/src/rp2_common/hardware_i2c/i2c.c.obj
 .text.i2c_init
                0x10007764       0x62 Core/Src/CMakeFiles/Temp_Logger.dir/P_/pico-sdk/src/rp2_common/hardware_i2c/i2c.c.obj
                0x10007764                i2c_init
 *fill*         0x100077c6        0x2 
 .text.i2c_set_baudrate
                0x100077c8      0x15c Core/Src/CMakeFiles/Temp_Logger.dir/P_/pico-sdk/src/rp2_common/hardware_i2c/i2c.c.obj
                0x100077c8                i2c_set_baudrate
 .text.i2c_write_blocking_internal
                0x10007924      0x24e Core/Src/CMakeFiles/Temp_Logger.dir/P_/pico-sdk/src/rp2_common/hardware_i2c/i2c.c.obj
 .text.i2c_write_blocking
                0x10007b72       0x3e Core/Src/CMakeFiles/Temp_Logger.dir/P_/pico-sdk/src/rp2_common/hardware_i2c/i2c.c.obj
                0x10007b72                i2c_write_blocking
 .text.i2c_write_blocking_until
                0x10007bb0       0x52 Core/Src/CMakeFiles/Temp_Logger.dir/P_/pico-sdk/src/rp2_common/hardware_i2c/i2c.c.obj
                0x10007bb0                i2c_write_blocking_until
 .text.i2c_read_blocking_internal
                0x10007c02      0x1c0 Core/Src/CMakeFiles/Temp_Logger.dir/P_/pico-sdk/src/rp2_common/hardware_i2c/i2c.c.obj
 .text.i2c_read_blocking_until
                0x10007dc2       0x52 Core/Src/CMakeFiles/Temp_Logger.dir/P_/pico-sdk/src/rp2_common/hardware_i2c/i2c.c.obj
                0x10007dc2                i2c_read_blocking_until
 .text.reset_unreset_block_num_wait_blocking
                0x10007e14       0x7c Core/Src/CMakeFiles/Temp_Logger.dir/P_/pico-sdk/src/rp2_common/hardware_adc/adc.c.obj
 .text.adc_init
                0x10007e90       0x2c Core/Src/CMakeFiles/Temp_Logger.dir/P_/pico-sdk/src/rp2_common/hardware_adc/adc.c.obj
                0x10007e90                adc_init
 .text.reset_unreset_block_num_wait_blocking
                0x10007ebc       0x7c Core/Src/CMakeFiles/Temp_Logger.dir/P_/pico-sdk/src/rp2_common/hardware_rtc/rtc.c.obj
 .text.rtc_running
                0x10007f38       0x1c Core/Src/CMakeFiles/Temp_Logger.dir/P_/pico-sdk/src/rp2_common/hardware_rtc/rtc.c.obj
                0x10007f38                rtc_running
 .text.rtc_init
                0x10007f54       0x68 Core/Src/CMakeFiles/Temp_Logger.dir/P_/pico-sdk/src/rp2_common/hardware_rtc/rtc.c.obj
                0x10007f54                rtc_init
 .text.valid_datetime
                0x10007fbc       0xbe Core/Src/CMakeFiles/Temp_Logger.dir/P_/pico-sdk/src/rp2_common/hardware_rtc/rtc.c.obj
 *fill*         0x1000807a        0x2 
 .text.rtc_set_datetime
                0x1000807c       0xb0 Core/Src/CMakeFiles/Temp_Logger.dir/P_/pico-sdk/src/rp2_common/hardware_rtc/rtc.c.obj
                0x1000807c                rtc_set_datetime
 .text.rtc_get_datetime
                0x1000812c       0xa4 Core/Src/CMakeFiles/Temp_Logger.dir/P_/pico-sdk/src/rp2_common/hardware_rtc/rtc.c.obj
                0x1000812c                rtc_get_datetime
 .text.rtc_enable_alarm
                0x100081d0       0x44 Core/Src/CMakeFiles/Temp_Logger.dir/P_/pico-sdk/src/rp2_common/hardware_rtc/rtc.c.obj
                0x100081d0                rtc_enable_alarm
 .text.reset_block_num
                0x10008214       0x3c Core/Src/CMakeFiles/Temp_Logger.dir/P_/pico-sdk/src/rp2_common/hardware_spi/spi.c.obj
 .text.unreset_block_num_wait_blocking
                0x10008250       0x54 Core/Src/CMakeFiles/Temp_Logger.dir/P_/pico-sdk/src/rp2_common/hardware_spi/spi.c.obj
 .text.spi_get_index
                0x100082a4       0x24 Core/Src/CMakeFiles/Temp_Logger.dir/P_/pico-sdk/src/rp2_common/hardware_spi/spi.c.obj
 .text.spi_get_hw
                0x100082c8       0x1a Core/Src/CMakeFiles/Temp_Logger.dir/P_/pico-sdk/src/rp2_common/hardware_spi/spi.c.obj
 .text.spi_get_const_hw
                0x100082e2       0x1a Core/Src/CMakeFiles/Temp_Logger.dir/P_/pico-sdk/src/rp2_common/hardware_spi/spi.c.obj
 .text.spi_set_format
                0x100082fc       0xc0 Core/Src/CMakeFiles/Temp_Logger.dir/P_/pico-sdk/src/rp2_common/hardware_spi/spi.c.obj
 .text.spi_is_writable
                0x100083bc       0x26 Core/Src/CMakeFiles/Temp_Logger.dir/P_/pico-sdk/src/rp2_common/hardware_spi/spi.c.obj
 .text.spi_is_readable
                0x100083e2       0x26 Core/Src/CMakeFiles/Temp_Logger.dir/P_/pico-sdk/src/rp2_common/hardware_spi/spi.c.obj
 .text.spi_reset
                0x10008408       0x28 Core/Src/CMakeFiles/Temp_Logger.dir/P_/pico-sdk/src/rp2_common/hardware_spi/spi.c.obj
 .text.spi_unreset
                0x10008430       0x28 Core/Src/CMakeFiles/Temp_Logger.dir/P_/pico-sdk/src/rp2_common/hardware_spi/spi.c.obj
 .text.spi_init
                0x10008458       0x88 Core/Src/CMakeFiles/Temp_Logger.dir/P_/pico-sdk/src/rp2_common/hardware_spi/spi.c.obj
                0x10008458                spi_init
 .text.spi_set_baudrate
                0x100084e0      0x14c Core/Src/CMakeFiles/Temp_Logger.dir/P_/pico-sdk/src/rp2_common/hardware_spi/spi.c.obj
                0x100084e0                spi_set_baudrate
 .text          0x1000862c      0x7d8 Core/Lib/ssd1306/libssd1306.a(ssd1306.c.obj)
                0x1000862c                SendLcd
                0x1000866c                SetXY
                0x100086be                ClearLcd
                0x10008718                SetPixel
                0x10008790                LCD_init
                0x1000881a                BufferSetPixel
                0x100088b6                Bitmap
                0x10008972                FillBuffer
                0x10008acc                SendBuffer
                0x10008b0c                ClearBuffer
                0x10008b40                DrawLine
 .text          0x10008e04     0x772c Core/Lib/sd-card/fatfs/libfatfs.a(ff.c.obj)
                0x1000d70c                f_mount
                0x1000d7b0                f_open
                0x1000de5a                f_read
                0x1000e182                f_write
                0x1000e52c                f_sync
                0x1000e78c                f_close
                0x1000e7f4                f_chdrive
                0x1000e828                f_chdir
                0x1000e922                f_lseek
                0x1000ed7e                f_opendir
                0x1000eea8                f_closedir
                0x1000ef06                f_readdir
                0x1000efc4                f_stat
                0x1000f054                f_getfree
                0x1000f28c                f_truncate
                0x1000f40e                f_unlink
                0x1000f61a                f_mkdir
                0x1000f930                f_rename
                0x1000fdcc                f_gets
                0x1000ff26                f_putc
                0x1000ff62                f_puts
                0x1000ffac                f_printf
 .text          0x10010530      0x294 Core/Lib/sd-card/fatfs/libfatfs.a(ffunicode.c.obj)
                0x10010530                ff_uni2oem
                0x100105c8                ff_oem2uni
                0x1001063c                ff_wtoupper
 .text          0x100107c4       0xca Core/Lib/sd-card/fatfs/libfatfs.a(diskio.c.obj)
                0x100107c4                disk_status
                0x100107e4                disk_initialize
                0x10010804                disk_read
                0x10010832                disk_write
                0x10010860                disk_ioctl
 *fill*         0x1001088e        0x2 
 .text          0x10010890      0xb24 Core/Lib/DS3231-driver(RTC)/libds3231.a(ds3231.c.obj)
                0x10010a2c                Generic_i2c_Write
                0x10010a5c                Generic_i2c_Read
                0x10010aa8                Ds3231_Init
                0x10010bb0                Ds3231_SetTime
                0x10010dc8                Ds3231_SetDate
                0x10010dde                Ds3231_GetTime
                0x10010fa2                Ds3231_SetAlarm_Interrupt
                0x1001103a                Ds3231_Reset_Alarm_Flag
                0x10011098                Ds3231_Read_Alarm_Flag
                0x100110ee                Ds3231_Set_INT_SQW_Pin
                0x100111a8                Ds3231_check_validity_timekeeping
                0x100111da                Ds3231_Enable_Oscillator
                0x10011214                Ds3231_check_if_busy
                0x10011248                Ds3231_Set_32kHz_Output
                0x1001128c                Ds3231_UpdateTemp_TCXO
                0x100112c6                Ds3231_Set_Aging_Offset
                0x10011318                Ds3231_Read_Temp
                0x10011366                Ds3231_Get_Temp_Integer
                0x10011386                Ds3231_Get_Temp_Fraction
 .text          0x100113b4       0x8c Core/Lib/BCD_Conversion/libBCD_Conversion.a(BCD_Conversion.c.obj)
                0x100113b4                BCD2BIN
                0x10011414                BIN2BCD
 .text          0x10011440      0xcc8 Core/Lib/sd-card/physical-api/libphysical-api.a(fatfs_sd.c.obj)
                0x100116c0                SD_ReadyWait
                0x10011a06                SD_disk_initialize
                0x10011c60                SD_disk_status
                0x10011c8c                SD_disk_read
                0x10011d74                SD_disk_write
                0x10011e98                SD_disk_ioctl
 .text.memcmp   0x10012108       0x48 P:/13.2 Rel1/bin/../lib/gcc/arm-none-eabi/13.2.1/thumb/v6-m/nofp\libg.a(libc_a-memcmp.o)
                0x10012108                memcmp
 .text.strchr   0x10012150       0xc4 P:/13.2 Rel1/bin/../lib/gcc/arm-none-eabi/13.2.1/thumb/v6-m/nofp\libg.a(libc_a-strchr.o)
                0x10012150                strchr
 .text.strlen   0x10012214       0x5c P:/13.2 Rel1/bin/../lib/gcc/arm-none-eabi/13.2.1/thumb/v6-m/nofp\libg.a(libc_a-strlen-stub.o)
                0x10012214                strlen
 *(.fini)
 .fini          0x10012270        0x4 P:/13.2 Rel1/bin/../lib/gcc/arm-none-eabi/13.2.1/thumb/v6-m/nofp/crti.o
                0x10012270                _fini
 *fill*         0x10012274        0x4 
 .fini.__stub   0x10012278       0x60 linker stubs
 *crtbegin.o(.ctors)
 *crtbegin?.o(.ctors)
 *(EXCLUDE_FILE(*crtend.o *crtend?.o) .ctors)
 *(SORT_BY_NAME(.ctors.*))
 *(.ctors)
 *crtbegin.o(.dtors)
 *crtbegin?.o(.dtors)
 *(EXCLUDE_FILE(*crtend.o *crtend?.o) .dtors)
 *(SORT_BY_NAME(.dtors.*))
 *(.dtors)
                0x100122d8                        . = ALIGN (0x4)
                0x100122d8                        PROVIDE (__preinit_array_start = .)
 *(SORT_BY_NAME(.preinit_array.*))
 .preinit_array.00100
                0x100122d8        0x4 Core/Src/CMakeFiles/Temp_Logger.dir/P_/pico-sdk/src/rp2_common/pico_runtime_init/runtime_init.c.obj
                0x100122d8                __pre_init_runtime_init_early_resets
 .preinit_array.00101
                0x100122dc        0x4 Core/Src/CMakeFiles/Temp_Logger.dir/P_/pico-sdk/src/rp2_common/pico_runtime_init/runtime_init.c.obj
                0x100122dc                __pre_init_runtime_init_usb_power_down
 .preinit_array.00275
                0x100122e0        0x4 Core/Src/CMakeFiles/Temp_Logger.dir/P_/pico-sdk/src/rp2_common/pico_bit_ops/bit_ops_aeabi.S.obj
 .preinit_array.00300
                0x100122e4        0x4 Core/Src/CMakeFiles/Temp_Logger.dir/P_/pico-sdk/src/rp2_common/pico_mem_ops/mem_ops_aeabi.S.obj
 .preinit_array.00350
                0x100122e8        0x4 Core/Src/CMakeFiles/Temp_Logger.dir/P_/pico-sdk/src/rp2_common/pico_double/double_aeabi_rp2040.S.obj
 .preinit_array.00350
                0x100122ec        0x4 Core/Src/CMakeFiles/Temp_Logger.dir/P_/pico-sdk/src/rp2_common/pico_float/float_aeabi_rp2040.S.obj
 .preinit_array.00500
                0x100122f0        0x4 Core/Src/CMakeFiles/Temp_Logger.dir/P_/pico-sdk/src/rp2_common/pico_runtime_init/runtime_init.c.obj
                0x100122f0                __pre_init_runtime_init_clocks
 .preinit_array.00600
                0x100122f4        0x4 Core/Src/CMakeFiles/Temp_Logger.dir/P_/pico-sdk/src/rp2_common/pico_runtime_init/runtime_init.c.obj
                0x100122f4                __pre_init_runtime_init_post_clock_resets
 .preinit_array.00700
                0x100122f8        0x4 Core/Src/CMakeFiles/Temp_Logger.dir/P_/pico-sdk/src/rp2_common/pico_runtime_init/runtime_init.c.obj
                0x100122f8                __pre_init_runtime_init_rp2040_gpio_ie_disable
 .preinit_array.01000
                0x100122fc        0x4 Core/Src/CMakeFiles/Temp_Logger.dir/P_/pico-sdk/src/rp2_common/pico_runtime_init/runtime_init.c.obj
                0x100122fc                __pre_init_runtime_init_spin_locks_reset
 .preinit_array.01100
                0x10012300        0x4 Core/Src/CMakeFiles/Temp_Logger.dir/P_/pico-sdk/src/common/pico_sync/mutex.c.obj
                0x10012300                __pre_init_runtime_init_mutex
 .preinit_array.10080
                0x10012304        0x4 Core/Src/CMakeFiles/Temp_Logger.dir/P_/pico-sdk/src/rp2_common/pico_runtime_init/runtime_init.c.obj
                0x10012304                __pre_init_runtime_init_install_ram_vector_table
 .preinit_array.11000
                0x10012308        0x4 Core/Src/CMakeFiles/Temp_Logger.dir/P_/pico-sdk/src/common/pico_time/time.c.obj
                0x10012308                __pre_init_runtime_init_default_alarm_pool
 .preinit_array.YYYYY
                0x1001230c        0x4 Core/Src/CMakeFiles/Temp_Logger.dir/P_/pico-sdk/src/rp2_common/pico_runtime/runtime.c.obj
                0x1001230c                __pre_init_first_per_core_initializer
 .preinit_array.ZZZZZ.01200
                0x10012310        0x4 Core/Src/CMakeFiles/Temp_Logger.dir/P_/pico-sdk/src/rp2_common/hardware_irq/irq.c.obj
                0x10012310                __pre_init_runtime_init_per_core_irq_priorities
 *(.preinit_array)
                0x10012314                        PROVIDE (__preinit_array_end = .)
                0x10012314                        . = ALIGN (0x4)
                0x10012314                        PROVIDE (__init_array_start = .)
 *(SORT_BY_NAME(.init_array.*))
 *(.init_array)
 .init_array    0x10012314        0x4 P:/13.2 Rel1/bin/../lib/gcc/arm-none-eabi/13.2.1/thumb/v6-m/nofp/crtbegin.o
                0x10012318                        PROVIDE (__init_array_end = .)
                0x10012318                        . = ALIGN (0x4)
                [!provide]                        PROVIDE (__fini_array_start = .)
 *(SORT_BY_NAME(.fini_array.*))
 *(.fini_array)
                [!provide]                        PROVIDE (__fini_array_end = .)
 *(.eh_frame*)
 .eh_frame      0x10012318        0x0 P:/13.2 Rel1/bin/../lib/gcc/arm-none-eabi/13.2.1/thumb/v6-m/nofp/crtbegin.o
                0x10012318                        . = ALIGN (0x4)

.glue_7         0x10012318        0x0
 .glue_7        0x10012318        0x0 linker stubs

.glue_7t        0x10012318        0x0
 .glue_7t       0x10012318        0x0 linker stubs

.vfp11_veneer   0x10012318        0x0
 .vfp11_veneer  0x10012318        0x0 linker stubs

.v4_bx          0x10012318        0x0
 .v4_bx         0x10012318        0x0 linker stubs

.iplt           0x10012318        0x0
 .iplt          0x10012318        0x0 P:/13.2 Rel1/bin/../lib/gcc/arm-none-eabi/13.2.1/thumb/v6-m/nofp/crtbegin.o

.rodata         0x10012318     0x1290
 *(EXCLUDE_FILE(*libm.a: *libc.a:*lib_a-mem*.o *libgcc.a:) .rodata*)
 .rodata        0x10012318      0x191 Core/Src/CMakeFiles/Temp_Logger.dir/main.c.obj
 *fill*         0x100124a9        0x3 
 .rodata        0x100124ac       0x22 Core/Src/CMakeFiles/Temp_Logger.dir/P_/pico-sdk/src/rp2_common/pico_platform_panic/panic.c.obj
 *fill*         0x100124ce        0x2 
 .rodata        0x100124d0      0x243 Core/Src/CMakeFiles/Temp_Logger.dir/P_/pico-sdk/src/rp2_common/hardware_irq/irq.c.obj
 *fill*         0x10012713        0x1 
 .rodata.__func__.6
                0x10012714       0x1a Core/Src/CMakeFiles/Temp_Logger.dir/P_/pico-sdk/src/rp2_common/hardware_irq/irq.c.obj
 *fill*         0x1001272e        0x2 
 .rodata        0x10012730       0x9d Core/Src/CMakeFiles/Temp_Logger.dir/P_/pico-sdk/src/common/pico_sync/mutex.c.obj
 *fill*         0x100127cd        0x3 
 .rodata.__func__.6
                0x100127d0       0x13 Core/Src/CMakeFiles/Temp_Logger.dir/P_/pico-sdk/src/common/pico_sync/mutex.c.obj
 *fill*         0x100127e3        0x1 
 .rodata.__func__.3
                0x100127e4       0x18 Core/Src/CMakeFiles/Temp_Logger.dir/P_/pico-sdk/src/common/pico_sync/mutex.c.obj
 .rodata.__func__.1
                0x100127fc        0xb Core/Src/CMakeFiles/Temp_Logger.dir/P_/pico-sdk/src/common/pico_sync/mutex.c.obj
 *fill*         0x10012807        0x1 
 .rodata        0x10012808      0x10d Core/Src/CMakeFiles/Temp_Logger.dir/P_/pico-sdk/src/common/pico_time/time.c.obj
 *fill*         0x10012915        0x3 
 .rodata.__func__.2
                0x10012918       0x17 Core/Src/CMakeFiles/Temp_Logger.dir/P_/pico-sdk/src/common/pico_time/time.c.obj
 *fill*         0x1001292f        0x1 
 .rodata.__func__.1
                0x10012930       0x17 Core/Src/CMakeFiles/Temp_Logger.dir/P_/pico-sdk/src/common/pico_time/time.c.obj
 *fill*         0x10012947        0x1 
 .rodata        0x10012948       0x8a Core/Src/CMakeFiles/Temp_Logger.dir/P_/pico-sdk/src/rp2_common/hardware_timer/timer.c.obj
 *fill*         0x100129d2        0x2 
 .rodata        0x100129d4      0x104 Core/Src/CMakeFiles/Temp_Logger.dir/P_/pico-sdk/src/rp2_common/hardware_pll/pll.c.obj
 .rodata.__func__.0
                0x10012ad8        0x9 Core/Src/CMakeFiles/Temp_Logger.dir/P_/pico-sdk/src/rp2_common/hardware_pll/pll.c.obj
 *fill*         0x10012ae1        0x3 
 .rodata        0x10012ae4       0x84 Core/Src/CMakeFiles/Temp_Logger.dir/P_/pico-sdk/src/rp2_common/pico_double/double_init_rom_rp2040.c.obj
 .rodata.__func__.0
                0x10012b68       0x14 Core/Src/CMakeFiles/Temp_Logger.dir/P_/pico-sdk/src/rp2_common/pico_double/double_init_rom_rp2040.c.obj
 .rodata        0x10012b7c       0x76 Core/Src/CMakeFiles/Temp_Logger.dir/P_/pico-sdk/src/rp2_common/pico_float/float_init_rom_rp2040.c.obj
 *fill*         0x10012bf2        0x2 
 .rodata.__func__.0
                0x10012bf4       0x13 Core/Src/CMakeFiles/Temp_Logger.dir/P_/pico-sdk/src/rp2_common/pico_float/float_init_rom_rp2040.c.obj
 *fill*         0x10012c07        0x1 
 .rodata.__bi_26
                0x10012c08        0xc Core/Src/CMakeFiles/Temp_Logger.dir/P_/pico-sdk/src/rp2_common/pico_standard_binary_info/standard_binary_info.c.obj
 .rodata        0x10012c14       0x5a Core/Src/CMakeFiles/Temp_Logger.dir/P_/pico-sdk/src/rp2_common/pico_standard_binary_info/standard_binary_info.c.obj
 *fill*         0x10012c6e        0x2 
 .rodata.__bi_34
                0x10012c70        0xc Core/Src/CMakeFiles/Temp_Logger.dir/P_/pico-sdk/src/rp2_common/pico_standard_binary_info/standard_binary_info.c.obj
 .rodata.__bi_42
                0x10012c7c        0xc Core/Src/CMakeFiles/Temp_Logger.dir/P_/pico-sdk/src/rp2_common/pico_standard_binary_info/standard_binary_info.c.obj
 .rodata.__bi_48
                0x10012c88        0xc Core/Src/CMakeFiles/Temp_Logger.dir/P_/pico-sdk/src/rp2_common/pico_standard_binary_info/standard_binary_info.c.obj
 .rodata.__bi_54
                0x10012c94        0xc Core/Src/CMakeFiles/Temp_Logger.dir/P_/pico-sdk/src/rp2_common/pico_standard_binary_info/standard_binary_info.c.obj
 .rodata.__bi_78
                0x10012ca0        0xc Core/Src/CMakeFiles/Temp_Logger.dir/P_/pico-sdk/src/rp2_common/pico_standard_binary_info/standard_binary_info.c.obj
 .rodata.__bi_84
                0x10012cac        0xc Core/Src/CMakeFiles/Temp_Logger.dir/P_/pico-sdk/src/rp2_common/pico_standard_binary_info/standard_binary_info.c.obj
 .rodata.__bi_94
                0x10012cb8        0xc Core/Src/CMakeFiles/Temp_Logger.dir/P_/pico-sdk/src/rp2_common/pico_standard_binary_info/standard_binary_info.c.obj
 .rodata        0x10012cc4       0x18 Core/Src/CMakeFiles/Temp_Logger.dir/P_/pico-sdk/src/rp2_common/pico_printf/printf.c.obj
 .rodata._vsnprintf
                0x10012cdc      0x19c Core/Src/CMakeFiles/Temp_Logger.dir/P_/pico-sdk/src/rp2_common/pico_printf/printf.c.obj
 .rodata.pow10.0
                0x10012e78       0x50 Core/Src/CMakeFiles/Temp_Logger.dir/P_/pico-sdk/src/rp2_common/pico_printf/printf.c.obj
 .rodata        0x10012ec8       0x43 Core/Src/CMakeFiles/Temp_Logger.dir/P_/pico-sdk/src/rp2_common/pico_clib_interface/newlib_interface.c.obj
 *fill*         0x10012f0b        0x1 
 .rodata.crlf_str.0
                0x10012f0c        0x2 Core/Src/CMakeFiles/Temp_Logger.dir/P_/pico-sdk/src/rp2_common/pico_stdio/stdio.c.obj
 *fill*         0x10012f0e        0x2 
 .rodata        0x10012f10       0x4e Core/Src/CMakeFiles/Temp_Logger.dir/P_/pico-sdk/src/rp2_common/hardware_i2c/i2c.c.obj
 *fill*         0x10012f5e        0x2 
 .rodata.__func__.0
                0x10012f60       0x11 Core/Src/CMakeFiles/Temp_Logger.dir/P_/pico-sdk/src/rp2_common/hardware_i2c/i2c.c.obj
 *fill*         0x10012f71        0x3 
 .rodata        0x10012f74       0x5f Core/Src/CMakeFiles/Temp_Logger.dir/P_/pico-sdk/src/rp2_common/hardware_rtc/rtc.c.obj
 *fill*         0x10012fd3        0x1 
 .rodata.__func__.0
                0x10012fd4        0x9 Core/Src/CMakeFiles/Temp_Logger.dir/P_/pico-sdk/src/rp2_common/hardware_rtc/rtc.c.obj
 *fill*         0x10012fdd        0x3 
 .rodata        0x10012fe0      0x140 Core/Lib/sd-card/fatfs/libfatfs.a(ff.c.obj)
 .rodata        0x10013120      0x3d4 Core/Lib/sd-card/fatfs/libfatfs.a(ffunicode.c.obj)
 .rodata        0x100134f4       0x7c Core/Lib/BCD_Conversion/libBCD_Conversion.a(BCD_Conversion.c.obj)
 .rodata        0x10013570       0x38 Core/Lib/sd-card/physical-api/libphysical-api.a(fatfs_sd.c.obj)
                0x100135a8                        . = ALIGN (0x4)
 *(SORT_BY_ALIGNMENT(SORT_BY_NAME(.flashdata*)))
                0x100135a8                        . = ALIGN (0x4)

.ARM.extab
 *(.ARM.extab* .gnu.linkonce.armextab.*)
                0x100135a8                        __exidx_start = .

.ARM.exidx
 *(.ARM.exidx* .gnu.linkonce.armexidx.*)
                0x100135a8                        __exidx_end = .
                0x100135a8                        . = ALIGN (0x4)
                0x100135a8                        __binary_info_start = .

.binary_info    0x100135a8       0x20
 *(.binary_info.keep.*)
 .binary_info.keep.__bi_ptr26
                0x100135a8        0x4 Core/Src/CMakeFiles/Temp_Logger.dir/P_/pico-sdk/src/rp2_common/pico_standard_binary_info/standard_binary_info.c.obj
 .binary_info.keep.__bi_ptr34
                0x100135ac        0x4 Core/Src/CMakeFiles/Temp_Logger.dir/P_/pico-sdk/src/rp2_common/pico_standard_binary_info/standard_binary_info.c.obj
 .binary_info.keep.__bi_ptr42
                0x100135b0        0x4 Core/Src/CMakeFiles/Temp_Logger.dir/P_/pico-sdk/src/rp2_common/pico_standard_binary_info/standard_binary_info.c.obj
 .binary_info.keep.__bi_ptr48
                0x100135b4        0x4 Core/Src/CMakeFiles/Temp_Logger.dir/P_/pico-sdk/src/rp2_common/pico_standard_binary_info/standard_binary_info.c.obj
 .binary_info.keep.__bi_ptr54
                0x100135b8        0x4 Core/Src/CMakeFiles/Temp_Logger.dir/P_/pico-sdk/src/rp2_common/pico_standard_binary_info/standard_binary_info.c.obj
 .binary_info.keep.__bi_ptr78
                0x100135bc        0x4 Core/Src/CMakeFiles/Temp_Logger.dir/P_/pico-sdk/src/rp2_common/pico_standard_binary_info/standard_binary_info.c.obj
 .binary_info.keep.__bi_ptr84
                0x100135c0        0x4 Core/Src/CMakeFiles/Temp_Logger.dir/P_/pico-sdk/src/rp2_common/pico_standard_binary_info/standard_binary_info.c.obj
 .binary_info.keep.__bi_ptr94
                0x100135c4        0x4 Core/Src/CMakeFiles/Temp_Logger.dir/P_/pico-sdk/src/rp2_common/pico_standard_binary_info/standard_binary_info.c.obj
 *(.binary_info.*)
                0x100135c8                        __binary_info_end = .
                0x100135c8                        . = ALIGN (0x4)

.ram_vector_table
                0x20000000       0xc0
 *(.ram_vector_table)
 .ram_vector_table
                0x20000000       0xc0 Core/Src/CMakeFiles/Temp_Logger.dir/P_/pico-sdk/src/rp2_common/pico_runtime_init/runtime_init.c.obj
                0x20000000                ram_vector_table

.uninitialized_data
                0x200000c0        0x0
                0x200000c0                        . = ALIGN (0x4)
 *(.uninitialized_data*)

.data           0x200000c0      0xef4 load address 0x100135c8
                0x200000c0                        __data_start__ = .
 *(vtable)
 *(.time_critical*)
 .time_critical.mutex_try_enter
                0x200000c0       0xb4 Core/Src/CMakeFiles/Temp_Logger.dir/P_/pico-sdk/src/common/pico_sync/mutex.c.obj
                0x200000c0                mutex_try_enter
 .time_critical.mutex_try_enter_block_until
                0x20000174       0x56 Core/Src/CMakeFiles/Temp_Logger.dir/P_/pico-sdk/src/common/pico_sync/mutex.c.obj
                0x20000174                mutex_try_enter_block_until
 *fill*         0x200001ca        0x2 
 .time_critical.mutex_enter_block_until
                0x200001cc       0xf8 Core/Src/CMakeFiles/Temp_Logger.dir/P_/pico-sdk/src/common/pico_sync/mutex.c.obj
                0x200001cc                mutex_enter_block_until
 .time_critical.mutex_exit
                0x200002c4       0xa0 Core/Src/CMakeFiles/Temp_Logger.dir/P_/pico-sdk/src/common/pico_sync/mutex.c.obj
                0x200002c4                mutex_exit
 .time_critical.spi_write_read_blocking
                0x20000364       0x9a Core/Src/CMakeFiles/Temp_Logger.dir/P_/pico-sdk/src/rp2_common/hardware_spi/spi.c.obj
                0x20000364                spi_write_read_blocking
 .time_critical.spi_write_blocking
                0x200003fe       0xb0 Core/Src/CMakeFiles/Temp_Logger.dir/P_/pico-sdk/src/rp2_common/hardware_spi/spi.c.obj
                0x200003fe                spi_write_blocking
 *(.text*)
 *fill*         0x200004ae        0x2 
 .text          0x200004b0        0x4 P:/13.2 Rel1/bin/../lib/gcc/arm-none-eabi/13.2.1/thumb/v6-m/nofp\libgcc.a(_dvmd_tls.o)
                0x200004b0                __aeabi_idiv0
                0x200004b0                __aeabi_ldiv0
 *fill*         0x200004b4        0x4 
 .text.__stub   0x200004b8       0x50 linker stubs
                0x20000508                        . = ALIGN (0x4)
 *(.rodata*)
                0x20000508                        . = ALIGN (0x4)
 *(.data*)
 .data.A_upper  0x20000508       0x14 Core/Src/CMakeFiles/Temp_Logger.dir/main.c.obj
                0x20000508                A_upper
 .data.B_upper  0x2000051c       0x28 Core/Src/CMakeFiles/Temp_Logger.dir/main.c.obj
                0x2000051c                B_upper
 .data.C_upper  0x20000544       0x1c Core/Src/CMakeFiles/Temp_Logger.dir/main.c.obj
                0x20000544                C_upper
 .data.D_upper  0x20000560       0x18 Core/Src/CMakeFiles/Temp_Logger.dir/main.c.obj
                0x20000560                D_upper
 .data.E_upper  0x20000578       0x10 Core/Src/CMakeFiles/Temp_Logger.dir/main.c.obj
                0x20000578                E_upper
 .data.F_upper  0x20000588        0xc Core/Src/CMakeFiles/Temp_Logger.dir/main.c.obj
                0x20000588                F_upper
 .data.G_upper  0x20000594       0x20 Core/Src/CMakeFiles/Temp_Logger.dir/main.c.obj
                0x20000594                G_upper
 .data.H_upper  0x200005b4        0xc Core/Src/CMakeFiles/Temp_Logger.dir/main.c.obj
                0x200005b4                H_upper
 .data.I_upper  0x200005c0        0xc Core/Src/CMakeFiles/Temp_Logger.dir/main.c.obj
                0x200005c0                I_upper
 .data.J_upper  0x200005cc       0x14 Core/Src/CMakeFiles/Temp_Logger.dir/main.c.obj
                0x200005cc                J_upper
 .data.K_upper  0x200005e0       0x10 Core/Src/CMakeFiles/Temp_Logger.dir/main.c.obj
                0x200005e0                K_upper
 .data.L_upper  0x200005f0        0x8 Core/Src/CMakeFiles/Temp_Logger.dir/main.c.obj
                0x200005f0                L_upper
 .data.M_upper  0x200005f8       0x14 Core/Src/CMakeFiles/Temp_Logger.dir/main.c.obj
                0x200005f8                M_upper
 .data.N_upper  0x2000060c        0xc Core/Src/CMakeFiles/Temp_Logger.dir/main.c.obj
                0x2000060c                N_upper
 .data.O_upper  0x20000618       0x20 Core/Src/CMakeFiles/Temp_Logger.dir/main.c.obj
                0x20000618                O_upper
 .data.P_upper  0x20000638       0x18 Core/Src/CMakeFiles/Temp_Logger.dir/main.c.obj
                0x20000638                P_upper
 .data.Q_upper  0x20000650       0x28 Core/Src/CMakeFiles/Temp_Logger.dir/main.c.obj
                0x20000650                Q_upper
 .data.R_upper  0x20000678       0x1c Core/Src/CMakeFiles/Temp_Logger.dir/main.c.obj
                0x20000678                R_upper
 .data.S_upper  0x20000694       0x2c Core/Src/CMakeFiles/Temp_Logger.dir/main.c.obj
                0x20000694                S_upper
 .data.T_upper  0x200006c0       0x10 Core/Src/CMakeFiles/Temp_Logger.dir/main.c.obj
                0x200006c0                T_upper
 .data.U_upper  0x200006d0       0x24 Core/Src/CMakeFiles/Temp_Logger.dir/main.c.obj
                0x200006d0                U_upper
 .data.V_upper  0x200006f4       0x10 Core/Src/CMakeFiles/Temp_Logger.dir/main.c.obj
                0x200006f4                V_upper
 .data.W_upper  0x20000704       0x18 Core/Src/CMakeFiles/Temp_Logger.dir/main.c.obj
                0x20000704                W_upper
 .data.X_upper  0x2000071c       0x18 Core/Src/CMakeFiles/Temp_Logger.dir/main.c.obj
                0x2000071c                X_upper
 .data.Y_upper  0x20000734       0x14 Core/Src/CMakeFiles/Temp_Logger.dir/main.c.obj
                0x20000734                Y_upper
 .data.Z_upper  0x20000748       0x14 Core/Src/CMakeFiles/Temp_Logger.dir/main.c.obj
                0x20000748                Z_upper
 .data.a_lower  0x2000075c       0x1c Core/Src/CMakeFiles/Temp_Logger.dir/main.c.obj
                0x2000075c                a_lower
 .data.b_lower  0x20000778       0x20 Core/Src/CMakeFiles/Temp_Logger.dir/main.c.obj
                0x20000778                b_lower
 .data.c_lower  0x20000798       0x1c Core/Src/CMakeFiles/Temp_Logger.dir/main.c.obj
                0x20000798                c_lower
 .data.d_lower  0x200007b4       0x20 Core/Src/CMakeFiles/Temp_Logger.dir/main.c.obj
                0x200007b4                d_lower
 .data.e_lower  0x200007d4       0x20 Core/Src/CMakeFiles/Temp_Logger.dir/main.c.obj
                0x200007d4                e_lower
 .data.f_lower  0x200007f4       0x10 Core/Src/CMakeFiles/Temp_Logger.dir/main.c.obj
                0x200007f4                f_lower
 .data.g_lower  0x20000804       0x24 Core/Src/CMakeFiles/Temp_Logger.dir/main.c.obj
                0x20000804                g_lower
 .data.h_lower  0x20000828       0x14 Core/Src/CMakeFiles/Temp_Logger.dir/main.c.obj
                0x20000828                h_lower
 .data.i_lower  0x2000083c       0x10 Core/Src/CMakeFiles/Temp_Logger.dir/main.c.obj
                0x2000083c                i_lower
 .data.j_lower  0x2000084c       0x14 Core/Src/CMakeFiles/Temp_Logger.dir/main.c.obj
                0x2000084c                j_lower
 .data.k_lower  0x20000860       0x10 Core/Src/CMakeFiles/Temp_Logger.dir/main.c.obj
                0x20000860                k_lower
 .data.l_lower  0x20000870        0xc Core/Src/CMakeFiles/Temp_Logger.dir/main.c.obj
                0x20000870                l_lower
 .data.m_lower  0x2000087c       0x1c Core/Src/CMakeFiles/Temp_Logger.dir/main.c.obj
                0x2000087c                m_lower
 .data.n_lower  0x20000898       0x14 Core/Src/CMakeFiles/Temp_Logger.dir/main.c.obj
                0x20000898                n_lower
 .data.o_lower  0x200008ac       0x20 Core/Src/CMakeFiles/Temp_Logger.dir/main.c.obj
                0x200008ac                o_lower
 .data.p_lower  0x200008cc       0x1c Core/Src/CMakeFiles/Temp_Logger.dir/main.c.obj
                0x200008cc                p_lower
 .data.q_lower  0x200008e8       0x20 Core/Src/CMakeFiles/Temp_Logger.dir/main.c.obj
                0x200008e8                q_lower
 .data.r_lower  0x20000908       0x10 Core/Src/CMakeFiles/Temp_Logger.dir/main.c.obj
                0x20000908                r_lower
 .data.s_lower  0x20000918       0x1c Core/Src/CMakeFiles/Temp_Logger.dir/main.c.obj
                0x20000918                s_lower
 .data.t_lower  0x20000934       0x10 Core/Src/CMakeFiles/Temp_Logger.dir/main.c.obj
                0x20000934                t_lower
 .data.u_lower  0x20000944       0x14 Core/Src/CMakeFiles/Temp_Logger.dir/main.c.obj
                0x20000944                u_lower
 .data.v_lower  0x20000958       0x10 Core/Src/CMakeFiles/Temp_Logger.dir/main.c.obj
                0x20000958                v_lower
 .data.w_lower  0x20000968       0x18 Core/Src/CMakeFiles/Temp_Logger.dir/main.c.obj
                0x20000968                w_lower
 .data.x_lower  0x20000980        0x8 Core/Src/CMakeFiles/Temp_Logger.dir/main.c.obj
                0x20000980                x_lower
 .data.y_lower  0x20000988       0x1c Core/Src/CMakeFiles/Temp_Logger.dir/main.c.obj
                0x20000988                y_lower
 .data.z_lower  0x200009a4        0xc Core/Src/CMakeFiles/Temp_Logger.dir/main.c.obj
                0x200009a4                z_lower
 .data._0_upper
                0x200009b0       0x24 Core/Src/CMakeFiles/Temp_Logger.dir/main.c.obj
                0x200009b0                _0_upper
 .data._1_upper
                0x200009d4        0xc Core/Src/CMakeFiles/Temp_Logger.dir/main.c.obj
                0x200009d4                _1_upper
 .data._2_upper
                0x200009e0       0x18 Core/Src/CMakeFiles/Temp_Logger.dir/main.c.obj
                0x200009e0                _2_upper
 .data._3_upper
                0x200009f8       0x20 Core/Src/CMakeFiles/Temp_Logger.dir/main.c.obj
                0x200009f8                _3_upper
 .data._4_upper
                0x20000a18       0x10 Core/Src/CMakeFiles/Temp_Logger.dir/main.c.obj
                0x20000a18                _4_upper
 .data._5_upper
                0x20000a28       0x20 Core/Src/CMakeFiles/Temp_Logger.dir/main.c.obj
                0x20000a28                _5_upper
 .data._6_upper
                0x20000a48       0x24 Core/Src/CMakeFiles/Temp_Logger.dir/main.c.obj
                0x20000a48                _6_upper
 .data._7_upper
                0x20000a6c        0xc Core/Src/CMakeFiles/Temp_Logger.dir/main.c.obj
                0x20000a6c                _7_upper
 .data._8_upper
                0x20000a78       0x3c Core/Src/CMakeFiles/Temp_Logger.dir/main.c.obj
                0x20000a78                _8_upper
 .data._9_upper
                0x20000ab4       0x24 Core/Src/CMakeFiles/Temp_Logger.dir/main.c.obj
                0x20000ab4                _9_upper
 .data._excl    0x20000ad8        0x8 Core/Src/CMakeFiles/Temp_Logger.dir/main.c.obj
                0x20000ad8                _excl
 .data._slash   0x20000ae0        0x4 Core/Src/CMakeFiles/Temp_Logger.dir/main.c.obj
                0x20000ae0                _slash
 .data._backslash
                0x20000ae4        0x4 Core/Src/CMakeFiles/Temp_Logger.dir/main.c.obj
                0x20000ae4                _backslash
 .data._lsquarebracket
                0x20000ae8        0xc Core/Src/CMakeFiles/Temp_Logger.dir/main.c.obj
                0x20000ae8                _lsquarebracket
 .data._rsquarebracket
                0x20000af4        0xc Core/Src/CMakeFiles/Temp_Logger.dir/main.c.obj
                0x20000af4                _rsquarebracket
 .data._underline
                0x20000b00        0x4 Core/Src/CMakeFiles/Temp_Logger.dir/main.c.obj
                0x20000b00                _underline
 .data._circumflex
                0x20000b04        0x8 Core/Src/CMakeFiles/Temp_Logger.dir/main.c.obj
                0x20000b04                _circumflex
 .data._rparenthes
                0x20000b0c        0xc Core/Src/CMakeFiles/Temp_Logger.dir/main.c.obj
                0x20000b0c                _rparenthes
 .data._larenthes
                0x20000b18        0xc Core/Src/CMakeFiles/Temp_Logger.dir/main.c.obj
                0x20000b18                _larenthes
 .data._tilde   0x20000b24        0xc Core/Src/CMakeFiles/Temp_Logger.dir/main.c.obj
                0x20000b24                _tilde
 .data._dot     0x20000b30       0x18 Core/Src/CMakeFiles/Temp_Logger.dir/main.c.obj
                0x20000b30                _dot
 .data._minus   0x20000b48        0x4 Core/Src/CMakeFiles/Temp_Logger.dir/main.c.obj
                0x20000b48                _minus
 .data._plus    0x20000b4c        0x8 Core/Src/CMakeFiles/Temp_Logger.dir/main.c.obj
                0x20000b4c                _plus
 .data._comma   0x20000b54        0xc Core/Src/CMakeFiles/Temp_Logger.dir/main.c.obj
                0x20000b54                _comma
 .data._asterisk
                0x20000b60        0xc Core/Src/CMakeFiles/Temp_Logger.dir/main.c.obj
                0x20000b60                _asterisk
 .data._equal   0x20000b6c        0x8 Core/Src/CMakeFiles/Temp_Logger.dir/main.c.obj
                0x20000b6c                _equal
 .data._question
                0x20000b74       0x1c Core/Src/CMakeFiles/Temp_Logger.dir/main.c.obj
                0x20000b74                _question
 .data._lessthan
                0x20000b90        0x8 Core/Src/CMakeFiles/Temp_Logger.dir/main.c.obj
                0x20000b90                _lessthan
 .data._greaterthan
                0x20000b98        0x8 Core/Src/CMakeFiles/Temp_Logger.dir/main.c.obj
                0x20000b98                _greaterthan
 .data._colon   0x20000ba0       0x30 Core/Src/CMakeFiles/Temp_Logger.dir/main.c.obj
                0x20000ba0                _colon
 .data._percent
                0x20000bd0       0x24 Core/Src/CMakeFiles/Temp_Logger.dir/main.c.obj
                0x20000bd0                _percent
 .data._and     0x20000bf4       0x30 Core/Src/CMakeFiles/Temp_Logger.dir/main.c.obj
                0x20000bf4                _and
 .data._uarrow  0x20000c24        0xc Core/Src/CMakeFiles/Temp_Logger.dir/main.c.obj
                0x20000c24                _uarrow
 .data._darrow  0x20000c30        0xc Core/Src/CMakeFiles/Temp_Logger.dir/main.c.obj
                0x20000c30                _darrow
 .data._rarrow  0x20000c3c        0xc Core/Src/CMakeFiles/Temp_Logger.dir/main.c.obj
                0x20000c3c                _rarrow
 .data._larrow  0x20000c48        0xc Core/Src/CMakeFiles/Temp_Logger.dir/main.c.obj
                0x20000c48                _larrow
 .data._enter   0x20000c54       0x10 Core/Src/CMakeFiles/Temp_Logger.dir/main.c.obj
                0x20000c54                _enter
 .data.font_table
                0x20000c64      0x2d0 Core/Src/CMakeFiles/Temp_Logger.dir/main.c.obj
                0x20000c64                font_table
 .data.DateTime
                0x20000f34        0x8 Core/Src/CMakeFiles/Temp_Logger.dir/main.c.obj
                0x20000f34                DateTime
 .data.NTC_table
                0x20000f3c        0xa Core/Src/CMakeFiles/Temp_Logger.dir/main.c.obj
                0x20000f3c                NTC_table
 .data.scale    0x20000f46        0x1 Core/Src/CMakeFiles/Temp_Logger.dir/main.c.obj
                0x20000f46                scale
 .data.deph     0x20000f47        0x1 Core/Src/CMakeFiles/Temp_Logger.dir/main.c.obj
                0x20000f47                deph
 .data.striped_spin_lock_num
                0x20000f48        0x1 Core/Src/CMakeFiles/Temp_Logger.dir/P_/pico-sdk/src/rp2_common/hardware_sync/sync.c.obj
 *fill*         0x20000f49        0x3 
 .data.default_alarm_pool
                0x20000f4c       0x18 Core/Src/CMakeFiles/Temp_Logger.dir/P_/pico-sdk/src/common/pico_time/time.c.obj
 *fill*         0x20000f64        0xc 
 .data.aeabi_bits_funcs
                0x20000f70       0x10 Core/Src/CMakeFiles/Temp_Logger.dir/P_/pico-sdk/src/rp2_common/pico_bit_ops/bit_ops_aeabi.S.obj
                0x20000f70                aeabi_bits_funcs
                0x20000f80                aeabi_bits_funcs_end
 .data.aeabi_mem_funcs
                0x20000f80       0x10 Core/Src/CMakeFiles/Temp_Logger.dir/P_/pico-sdk/src/rp2_common/pico_mem_ops/mem_ops_aeabi.S.obj
                0x20000f80                aeabi_mem_funcs
                0x20000f90                aeabi_mem_funcs_end
 .data.i2c0_inst
                0x20000f90        0x8 Core/Src/CMakeFiles/Temp_Logger.dir/P_/pico-sdk/src/rp2_common/hardware_i2c/i2c.c.obj
                0x20000f90                i2c0_inst
 .data.i2c1_inst
                0x20000f98        0x8 Core/Src/CMakeFiles/Temp_Logger.dir/P_/pico-sdk/src/rp2_common/hardware_i2c/i2c.c.obj
                0x20000f98                i2c1_inst
 .data          0x20000fa0        0x1 Core/Lib/sd-card/physical-api/libphysical-api.a(fatfs_sd.c.obj)
                0x20000fa4                        . = ALIGN (0x4)
 *fill*         0x20000fa1        0x3 
 *(.after_data.*)
                0x20000fa4                        . = ALIGN (0x4)
                0x20000fa4                        PROVIDE (__mutex_array_start = .)
 *(SORT_BY_NAME(.mutex_array.*))
 *(.mutex_array)
 .mutex_array   0x20000fa4        0x8 Core/Src/CMakeFiles/Temp_Logger.dir/P_/pico-sdk/src/rp2_common/pico_malloc/malloc.c.obj
 .mutex_array   0x20000fac        0x8 Core/Src/CMakeFiles/Temp_Logger.dir/P_/pico-sdk/src/rp2_common/pico_stdio/stdio.c.obj
                0x20000fb4                        PROVIDE (__mutex_array_end = .)
                0x20000fb4                        . = ALIGN (0x4)
 *(.jcr)
                0x20000fb4                        . = ALIGN (0x4)

.tm_clone_table
                0x20000fb4        0x0 load address 0x100144bc
 .tm_clone_table
                0x20000fb4        0x0 P:/13.2 Rel1/bin/../lib/gcc/arm-none-eabi/13.2.1/thumb/v6-m/nofp/crtbegin.o
 .tm_clone_table
                0x20000fb4        0x0 P:/13.2 Rel1/bin/../lib/gcc/arm-none-eabi/13.2.1/thumb/v6-m/nofp/crtend.o

.igot.plt       0x20000fb4        0x0 load address 0x100144bc
 .igot.plt      0x20000fb4        0x0 P:/13.2 Rel1/bin/../lib/gcc/arm-none-eabi/13.2.1/thumb/v6-m/nofp/crtbegin.o

.tdata          0x20000fb4        0x0 load address 0x100144bc
                0x20000fb4                        . = ALIGN (0x4)
 *(.tdata .tdata.* .gnu.linkonce.td.*)
                0x20000fb4                        __tdata_end = .
                0x20000fb4                        PROVIDE (__data_end__ = .)
                0x100135c8                        __etext = LOADADDR (.data)

.tbss           0x20000fb4        0x0 load address 0x100144bc