Archive member included to satisfy reference by file (symbol)

Core/Lib/ssd1306/libssd1306.a(ssd1306.c.obj)
                              Core/Src/CMakeFiles/Temp_Logger.dir/main.c.obj (Buffer)
Core/Lib/sd-card/fatfs/libfatfs.a(ff.c.obj)
                              Core/Src/CMakeFiles/Temp_Logger.dir/main.c.obj (f_mount)
Core/Lib/sd-card/fatfs/libfatfs.a(ffunicode.c.obj)
                              Core/Lib/sd-card/fatfs/libfatfs.a(ff.c.obj) (ff_uni2oem)
Core/Lib/sd-card/fatfs/libfatfs.a(diskio.c.obj)
                              Core/Lib/sd-card/fatfs/libfatfs.a(ff.c.obj) (disk_status)
Core/Lib/sd-card/physical-api/libphysical-api.a(fatfs_sd.c.obj)
                              Core/Lib/sd-card/fatfs/libfatfs.a(diskio.c.obj) (SD_disk_initialize)
P:/13.2 Rel1/bin/../lib/gcc/arm-none-eabi/13.2.1/thumb/v6-m/nofp\libgcc.a(_dvmd_tls.o)
                              Core/Src/CMakeFiles/Temp_Logger.dir/P_/pico-sdk/src/rp2_common/pico_divider/divider_hardware.S.obj (__aeabi_idiv0)
P:/13.2 Rel1/bin/../lib/gcc/arm-none-eabi/13.2.1/thumb/v6-m/nofp\libg.a(libc_a-calloc.o)
                              Core/Src/CMakeFiles/Temp_Logger.dir/P_/pico-sdk/src/rp2_common/pico_malloc/malloc.c.obj (calloc)
P:/13.2 Rel1/bin/../lib/gcc/arm-none-eabi/13.2.1/thumb/v6-m/nofp\libg.a(libc_a-callocr.o)
                              P:/13.2 Rel1/bin/../lib/gcc/arm-none-eabi/13.2.1/thumb/v6-m/nofp\libg.a(libc_a-calloc.o) (_calloc_r)
P:/13.2 Rel1/bin/../lib/gcc/arm-none-eabi/13.2.1/thumb/v6-m/nofp\libg.a(libc_a-malloc.o)
                              Core/Src/CMakeFiles/Temp_Logger.dir/P_/pico-sdk/src/rp2_common/pico_malloc/malloc.c.obj (malloc)
P:/13.2 Rel1/bin/../lib/gcc/arm-none-eabi/13.2.1/thumb/v6-m/nofp\libg.a(libc_a-mallocr.o)
                              P:/13.2 Rel1/bin/../lib/gcc/arm-none-eabi/13.2.1/thumb/v6-m/nofp\libg.a(libc_a-callocr.o) (_malloc_r)
P:/13.2 Rel1/bin/../lib/gcc/arm-none-eabi/13.2.1/thumb/v6-m/nofp\libg.a(libc_a-mlock.o)
                              P:/13.2 Rel1/bin/../lib/gcc/arm-none-eabi/13.2.1/thumb/v6-m/nofp\libg.a(libc_a-mallocr.o) (__malloc_lock)
P:/13.2 Rel1/bin/../lib/gcc/arm-none-eabi/13.2.1/thumb/v6-m/nofp\libg.a(libc_a-realloc.o)
                              Core/Src/CMakeFiles/Temp_Logger.dir/P_/pico-sdk/src/rp2_common/pico_malloc/malloc.c.obj (realloc)
P:/13.2 Rel1/bin/../lib/gcc/arm-none-eabi/13.2.1/thumb/v6-m/nofp\libg.a(libc_a-reallocr.o)
                              P:/13.2 Rel1/bin/../lib/gcc/arm-none-eabi/13.2.1/thumb/v6-m/nofp\libg.a(libc_a-realloc.o) (_realloc_r)
P:/13.2 Rel1/bin/../lib/gcc/arm-none-eabi/13.2.1/thumb/v6-m/nofp\libg.a(libc_a-memcmp.o)
                              Core/Src/CMakeFiles/Temp_Logger.dir/P_/pico-sdk/src/rp2_common/pico_atomic/atomic.c.obj (memcmp)
P:/13.2 Rel1/bin/../lib/gcc/arm-none-eabi/13.2.1/thumb/v6-m/nofp\libg.a(libc_a-memmove.o)
                              P:/13.2 Rel1/bin/../lib/gcc/arm-none-eabi/13.2.1/thumb/v6-m/nofp\libg.a(libc_a-reallocr.o) (memmove)
P:/13.2 Rel1/bin/../lib/gcc/arm-none-eabi/13.2.1/thumb/v6-m/nofp\libg.a(libc_a-strchr.o)
                              Core/Lib/sd-card/fatfs/libfatfs.a(ff.c.obj) (strchr)
P:/13.2 Rel1/bin/../lib/gcc/arm-none-eabi/13.2.1/thumb/v6-m/nofp\libg.a(libc_a-lcltime_r.o)
                              Core/Src/CMakeFiles/Temp_Logger.dir/P_/pico-sdk/src/common/pico_util/datetime.c.obj (localtime_r)
P:/13.2 Rel1/bin/../lib/gcc/arm-none-eabi/13.2.1/thumb/v6-m/nofp\libg.a(libc_a-mktime.o)
                              Core/Src/CMakeFiles/Temp_Logger.dir/P_/pico-sdk/src/common/pico_util/datetime.c.obj (mktime)
P:/13.2 Rel1/bin/../lib/gcc/arm-none-eabi/13.2.1/thumb/v6-m/nofp\libg.a(libc_a-month_lengths.o)
                              P:/13.2 Rel1/bin/../lib/gcc/arm-none-eabi/13.2.1/thumb/v6-m/nofp\libg.a(libc_a-lcltime_r.o) (__month_lengths)
P:/13.2 Rel1/bin/../lib/gcc/arm-none-eabi/13.2.1/thumb/v6-m/nofp\libg.a(libc_a-tzcalc_limits.o)
                              P:/13.2 Rel1/bin/../lib/gcc/arm-none-eabi/13.2.1/thumb/v6-m/nofp\libg.a(libc_a-lcltime_r.o) (__tzcalc_limits)
P:/13.2 Rel1/bin/../lib/gcc/arm-none-eabi/13.2.1/thumb/v6-m/nofp\libg.a(libc_a-tzlock.o)
                              P:/13.2 Rel1/bin/../lib/gcc/arm-none-eabi/13.2.1/thumb/v6-m/nofp\libg.a(libc_a-lcltime_r.o) (__tz_lock)
P:/13.2 Rel1/bin/../lib/gcc/arm-none-eabi/13.2.1/thumb/v6-m/nofp\libg.a(libc_a-tzset.o)
                              P:/13.2 Rel1/bin/../lib/gcc/arm-none-eabi/13.2.1/thumb/v6-m/nofp\libg.a(libc_a-lcltime_r.o) (_tzset_unlocked)
P:/13.2 Rel1/bin/../lib/gcc/arm-none-eabi/13.2.1/thumb/v6-m/nofp\libg.a(libc_a-tzset_r.o)
                              P:/13.2 Rel1/bin/../lib/gcc/arm-none-eabi/13.2.1/thumb/v6-m/nofp\libg.a(libc_a-tzset.o) (_tzset_unlocked_r)
P:/13.2 Rel1/bin/../lib/gcc/arm-none-eabi/13.2.1/thumb/v6-m/nofp\libg.a(libc_a-tzvars.o)
                              P:/13.2 Rel1/bin/../lib/gcc/arm-none-eabi/13.2.1/thumb/v6-m/nofp\libg.a(libc_a-tzset_r.o) (_timezone)
[...]
Memory Configuration

Name             Origin             Length             Attributes
FLASH            0x10000000         0x00200000         xr
RAM              0x20000000         0x00040000         xrw
SCRATCH_X        0x20040000         0x00001000         xrw
SCRATCH_Y        0x20041000         0x00001000         xrw
*default*        0x00000000         0xffffffff

Linker script and memory map

LOAD P:/13.2 Rel1/bin/../lib/gcc/arm-none-eabi/13.2.1/thumb/v6-m/nofp/crti.o
LOAD P:/13.2 Rel1/bin/../lib/gcc/arm-none-eabi/13.2.1/thumb/v6-m/nofp/crtbegin.o
LOAD P:/13.2 Rel1/bin/../lib/gcc/arm-none-eabi/13.2.1/thumb/v6-m/nofp/crt0.o

.flash_begin    0x10000000        0x0
                0x10000000                        __flash_binary_start = .

.boot2          0x10000000      0x100
                0x10000000                        __boot2_start__ = .
 *(.boot2)
 .boot2         0x10000000      0x100 pico-sdk/src/rp2040/boot_stage2/CMakeFiles/bs2_default_library.dir/./bs2_default_padded_checksummed.S.obj
                0x10000100                        __boot2_end__ = .
                0x00000001                        ASSERT (((__boot2_end__ - __boot2_start__) == 0x100), ERROR: Pico second stage bootloader must be 256 bytes in size)

.text           0x10000100    0x10330
                0x10000100                        __logical_binary_start = .
 *(.vectors)
 .vectors       0x10000100       0xd4 Core/Src/CMakeFiles/Temp_Logger.dir/P_/pico-sdk/src/rp2_common/pico_crt0/crt0.S.obj
                0x10000100                __VECTOR_TABLE
                0x10000100                __vectors
                0x100001c0                isr_irq13
                0x100001c0                isr_irq27
                0x100001c0                isr_irq31
                0x100001c0                isr_irq12
                0x100001c0                isr_irq5
                0x100001c0                isr_irq11
                0x100001c0                isr_irq3
                0x100001c0                isr_irq23
                0x100001c0                __unhandled_user_irq
                0x100001c0                isr_irq26
                0x100001c0                isr_irq28
                0x100001c0                isr_irq19
                0x100001c0                isr_irq0
                0x100001c0                isr_irq6
                0x100001c0                isr_irq29
                0x100001c0                isr_irq16
                0x100001c0                isr_irq22
                0x100001c0                isr_irq18
                0x100001c0                isr_irq17
                0x100001c0                isr_irq14
                0x100001c0                __vectors_end
                0x100001c0                __default_isrs_start
                0x100001c0                isr_irq2
                0x100001c0                isr_irq10
                0x100001c0                isr_irq8
                0x100001c0                isr_irq24
                0x100001c0                isr_irq1
                0x100001c0                isr_irq7
                0x100001c0                isr_irq21
                0x100001c0                isr_irq20
                0x100001c0                isr_irq15
                0x100001c0                isr_irq25
                0x100001c0                isr_irq4
                0x100001c0                isr_irq30
                0x100001c0                isr_irq9
                0x100001c6                unhandled_user_irq_num_in_r0
                0x100001c8                isr_invalid
                0x100001ca                isr_nmi
                0x100001cc                isr_hardfault
                0x100001ce                isr_svcall
                0x100001d0                isr_pendsv
                0x100001d2                isr_systick
                0x100001d4                __default_isrs_end
 *(.binary_info_header)
 .binary_info_header
                0x100001d4       0x14 Core/Src/CMakeFiles/Temp_Logger.dir/P_/pico-sdk/src/rp2_common/pico_crt0/crt0.S.obj
                0x100001e8                        __binary_info_header_end = .
 *(.embedded_block)
                0x100001e8                        __embedded_block_end = .
 *(.reset)
 .reset         0x100001e8       0x9c Core/Src/CMakeFiles/Temp_Logger.dir/P_/pico-sdk/src/rp2_common/pico_crt0/crt0.S.obj
                0x100001e8                _entry_point
 *(.init)
 .init          0x10000284        0x4 P:/13.2 Rel1/bin/../lib/gcc/arm-none-eabi/13.2.1/thumb/v6-m/nofp/crti.o
                0x10000284                _init
 *(EXCLUDE_FILE(*libm.a: *libc.a:*lib_a-mem*.o *libgcc.a:) .text*)
 .text.register_tm_clones
                0x10000288       0x28 P:/13.2 Rel1/bin/../lib/gcc/arm-none-eabi/13.2.1/thumb/v6-m/nofp/crtbegin.o
 .text.frame_dummy
                0x100002b0       0x24 P:/13.2 Rel1/bin/../lib/gcc/arm-none-eabi/13.2.1/thumb/v6-m/nofp/crtbegin.o
 .text.gpio_pull_up
                0x100002d4       0x1c Core/Src/CMakeFiles/Temp_Logger.dir/main.c.obj
 .text.gpio_pull_down
                0x100002f0       0x1c Core/Src/CMakeFiles/Temp_Logger.dir/main.c.obj
 .text.gpio_disable_pulls
                0x1000030c       0x1c Core/Src/CMakeFiles/Temp_Logger.dir/main.c.obj
 .text.gpio_get
                0x10000328       0x26 Core/Src/CMakeFiles/Temp_Logger.dir/main.c.obj
 .text.gpio_set_mask
                0x1000034e       0x18 Core/Src/CMakeFiles/Temp_Logger.dir/main.c.obj
 .text.gpio_clr_mask
                0x10000366       0x18 Core/Src/CMakeFiles/Temp_Logger.dir/main.c.obj
 .text.gpio_put
                0x1000037e       0x3a Core/Src/CMakeFiles/Temp_Logger.dir/main.c.obj
 .text.gpio_set_dir_out_masked
                0x100003b8       0x18 Core/Src/CMakeFiles/Temp_Logger.dir/main.c.obj
 .text.gpio_set_dir_in_masked
                0x100003d0       0x18 Core/Src/CMakeFiles/Temp_Logger.dir/main.c.obj
 .text.gpio_set_dir
                0x100003e8       0x3a Core/Src/CMakeFiles/Temp_Logger.dir/main.c.obj
 *fill*         0x10000422        0x2 
 .text.uart_get_index
                0x10000424       0x24 Core/Src/CMakeFiles/Temp_Logger.dir/main.c.obj
 .text.uart_get_hw
                0x10000448       0x1a Core/Src/CMakeFiles/Temp_Logger.dir/main.c.obj
 .text.uart_is_writable
                0x10000462       0x26 Core/Src/CMakeFiles/Temp_Logger.dir/main.c.obj
 .text.uart_write_blocking
                0x10000488       0x58 Core/Src/CMakeFiles/Temp_Logger.dir/main.c.obj
 .text.uart_putc_raw
                0x100004e0       0x22 Core/Src/CMakeFiles/Temp_Logger.dir/main.c.obj
 *fill*         0x10000502        0x2 
 .text.uart_putc
                0x10000504       0x4c Core/Src/CMakeFiles/Temp_Logger.dir/main.c.obj
 .text.uart_puts
                0x10000550       0x62 Core/Src/CMakeFiles/Temp_Logger.dir/main.c.obj
 .text.adc_gpio_init
                0x100005b2       0x2c Core/Src/CMakeFiles/Temp_Logger.dir/main.c.obj
 *fill*         0x100005de        0x2 
 .text.adc_select_input
                0x100005e0       0x48 Core/Src/CMakeFiles/Temp_Logger.dir/main.c.obj
 .text.adc_set_temp_sensor_enabled
                0x10000628       0x50 Core/Src/CMakeFiles/Temp_Logger.dir/main.c.obj
 .text.adc_read
                0x10000678       0x40 Core/Src/CMakeFiles/Temp_Logger.dir/main.c.obj
 .text.adc_set_clkdiv
                0x100006b8       0x68 Core/Src/CMakeFiles/Temp_Logger.dir/main.c.obj
 .text.spi_get_index
                0x10000720       0x24 Core/Src/CMakeFiles/Temp_Logger.dir/main.c.obj
 .text.spi_get_hw
                0x10000744       0x1a Core/Src/CMakeFiles/Temp_Logger.dir/main.c.obj
 .text.spi_set_format
                0x1000075e       0xc0 Core/Src/CMakeFiles/Temp_Logger.dir/main.c.obj
 *fill*         0x1000081e        0x2 
 .text.Fontdrawline
                0x10000820      0x2f4 Core/Src/CMakeFiles/Temp_Logger.dir/main.c.obj
                0x10000820                Fontdrawline
 .text.get_glyph_Line
                0x10000b14       0x5c Core/Src/CMakeFiles/Temp_Logger.dir/main.c.obj
                0x10000b14                get_glyph_Line
 .text.draw_text
                0x10000b70      0x1c8 Core/Src/CMakeFiles/Temp_Logger.dir/main.c.obj
                0x10000b70                draw_text
 .text.moving_average_init
                0x10000d38       0x8c Core/Src/CMakeFiles/Temp_Logger.dir/main.c.obj
                0x10000d38                moving_average_init
 .text.moving_average_update
                0x10000dc4       0x8c Core/Src/CMakeFiles/Temp_Logger.dir/main.c.obj
                0x10000dc4                moving_average_update
 .text.SwapIfGreater
                0x10000e50       0x48 Core/Src/CMakeFiles/Temp_Logger.dir/main.c.obj
 .text.sort5    0x10000e98       0xb4 Core/Src/CMakeFiles/Temp_Logger.dir/main.c.obj
                0x10000e98                sort5
 .text.median_init
                0x10000f4c       0x4e Core/Src/CMakeFiles/Temp_Logger.dir/main.c.obj
                0x10000f4c                median_init
 *fill*         0x10000f9a        0x2 
 .text.median_update
                0x10000f9c       0x60 Core/Src/CMakeFiles/Temp_Logger.dir/main.c.obj
                0x10000f9c                median_update
 .text.NTC_ADC2Temperature
                0x10000ffc       0xb8 Core/Src/CMakeFiles/Temp_Logger.dir/main.c.obj
                0x10000ffc                NTC_ADC2Temperature
 .text.main     0x100010b4      0x638 Core/Src/CMakeFiles/Temp_Logger.dir/main.c.obj
                0x100010b4                main
 .text.RTC_Callback
                0x100016ec       0x9c Core/Src/CMakeFiles/Temp_Logger.dir/main.c.obj
                0x100016ec                RTC_Callback
 .text.check_gpio_param
                0x10001788       0x10 Core/Src/CMakeFiles/Temp_Logger.dir/P_/pico-sdk/src/rp2_common/hardware_gpio/gpio.c.obj
 .text.gpio_set_mask
                0x10001798       0x18 Core/Src/CMakeFiles/Temp_Logger.dir/P_/pico-sdk/src/rp2_common/hardware_gpio/gpio.c.obj
 .text.gpio_clr_mask
                0x100017b0       0x18 Core/Src/CMakeFiles/Temp_Logger.dir/P_/pico-sdk/src/rp2_common/hardware_gpio/gpio.c.obj
 .text.gpio_put
                0x100017c8       0x3a Core/Src/CMakeFiles/Temp_Logger.dir/P_/pico-sdk/src/rp2_common/hardware_gpio/gpio.c.obj
 .text.gpio_set_dir_out_masked
                0x10001802       0x18 Core/Src/CMakeFiles/Temp_Logger.dir/P_/pico-sdk/src/rp2_common/hardware_gpio/gpio.c.obj
 .text.gpio_set_dir_in_masked
                0x1000181a       0x18 Core/Src/CMakeFiles/Temp_Logger.dir/P_/pico-sdk/src/rp2_common/hardware_gpio/gpio.c.obj
 .text.gpio_set_dir
                0x10001832       0x3a Core/Src/CMakeFiles/Temp_Logger.dir/P_/pico-sdk/src/rp2_common/hardware_gpio/gpio.c.obj
 .text.gpio_set_function
                0x1000186c       0x70 Core/Src/CMakeFiles/Temp_Logger.dir/P_/pico-sdk/src/rp2_common/hardware_gpio/gpio.c.obj
                0x1000186c                gpio_set_function
 .text.gpio_set_pulls
                0x100018dc       0x80 Core/Src/CMakeFiles/Temp_Logger.dir/P_/pico-sdk/src/rp2_common/hardware_gpio/gpio.c.obj
                0x100018dc                gpio_set_pulls
 .text.gpio_set_input_enabled
                0x1000195c       0x6c Core/Src/CMakeFiles/Temp_Logger.dir/P_/pico-sdk/src/rp2_common/hardware_gpio/gpio.c.obj
                0x1000195c                gpio_set_input_enabled
 .text.gpio_init
                0x100019c8       0x2e Core/Src/CMakeFiles/Temp_Logger.dir/P_/pico-sdk/src/rp2_common/hardware_gpio/gpio.c.obj
                0x100019c8                gpio_init
 *fill*         0x100019f6        0x2 
 .text.panic    0x100019f8       0x40 Core/Src/CMakeFiles/Temp_Logger.dir/P_/pico-sdk/src/rp2_common/pico_platform_panic/panic.c.obj
                0x100019f8                panic
 .text.hw_claim_lock
                0x10001a38       0x50 Core/Src/CMakeFiles/Temp_Logger.dir/P_/pico-sdk/src/common/hardware_claim/claim.c.obj
                0x10001a38                hw_claim_lock
 .text.hw_claim_unlock
                0x10001a88       0x4c Core/Src/CMakeFiles/Temp_Logger.dir/P_/pico-sdk/src/common/hardware_claim/claim.c.obj
                0x10001a88                hw_claim_unlock
 .text.hw_is_claimed
                0x10001ad4       0x32 Core/Src/CMakeFiles/Temp_Logger.dir/P_/pico-sdk/src/common/hardware_claim/claim.c.obj
                0x10001ad4                hw_is_claimed
 .text.hw_claim_or_assert
                0x10001b06       0x66 Core/Src/CMakeFiles/Temp_Logger.dir/P_/pico-sdk/src/common/hardware_claim/claim.c.obj
                0x10001b06                hw_claim_or_assert
 .text.next_striped_spin_lock_num
                0x10001b6c       0x30 Core/Src/CMakeFiles/Temp_Logger.dir/P_/pico-sdk/src/rp2_common/hardware_sync/sync.c.obj
                0x10001b6c                next_striped_spin_lock_num
 .text.spin_locks_reset
                0x10001b9c       0x48 Core/Src/CMakeFiles/Temp_Logger.dir/P_/pico-sdk/src/rp2_common/hardware_sync_spin_lock/sync_spin_lock.c.obj
                0x10001b9c                spin_locks_reset
 .text.check_irq_param
                0x10001be4       0x10 Core/Src/CMakeFiles/Temp_Logger.dir/P_/pico-sdk/src/rp2_common/hardware_irq/irq.c.obj
 .text.get_vtable
                0x10001bf4       0x14 Core/Src/CMakeFiles/Temp_Logger.dir/P_/pico-sdk/src/rp2_common/hardware_irq/irq.c.obj
 .text.irq_set_enabled
                0x10001c08       0x38 Core/Src/CMakeFiles/Temp_Logger.dir/P_/pico-sdk/src/rp2_common/hardware_irq/irq.c.obj
                0x10001c08                irq_set_enabled
 .text.irq_set_mask_n_enabled_internal
                0x10001c40       0x3c Core/Src/CMakeFiles/Temp_Logger.dir/P_/pico-sdk/src/rp2_common/hardware_irq/irq.c.obj
 .text.irq_set_mask_n_enabled
                0x10001c7c       0x24 Core/Src/CMakeFiles/Temp_Logger.dir/P_/pico-sdk/src/rp2_common/hardware_irq/irq.c.obj
                0x10001c7c                irq_set_mask_n_enabled
 .text.set_raw_irq_handler_and_unlock
                0x10001ca0       0x68 Core/Src/CMakeFiles/Temp_Logger.dir/P_/pico-sdk/src/rp2_common/hardware_irq/irq.c.obj
 .text.irq_get_vtable_handler
                0x10001d08       0x28 Core/Src/CMakeFiles/Temp_Logger.dir/P_/pico-sdk/src/rp2_common/hardware_irq/irq.c.obj
                0x10001d08                irq_get_vtable_handler
 .text.irq_set_exclusive_handler
                0x10001d30       0xa8 Core/Src/CMakeFiles/Temp_Logger.dir/P_/pico-sdk/src/rp2_common/hardware_irq/irq.c.obj
                0x10001d30                irq_set_exclusive_handler
 .text.nvic_ipr0
                0x10001dd8       0x10 Core/Src/CMakeFiles/Temp_Logger.dir/P_/pico-sdk/src/rp2_common/hardware_irq/irq.c.obj
 .text.runtime_init_per_core_irq_priorities
                0x10001de8       0x3c Core/Src/CMakeFiles/Temp_Logger.dir/P_/pico-sdk/src/rp2_common/hardware_irq/irq.c.obj
                0x10001de8                runtime_init_per_core_irq_priorities
 .text.lock_init
                0x10001e24       0x2c Core/Src/CMakeFiles/Temp_Logger.dir/P_/pico-sdk/src/common/pico_sync/lock_core.c.obj
                0x10001e24                lock_init
 .text.runtime_init_mutex
                0x10001e50       0x74 Core/Src/CMakeFiles/Temp_Logger.dir/P_/pico-sdk/src/common/pico_sync/mutex.c.obj
                0x10001e50                runtime_init_mutex
 .text.mutex_init
                0x10001ec4       0x2e Core/Src/CMakeFiles/Temp_Logger.dir/P_/pico-sdk/src/common/pico_sync/mutex.c.obj
                0x10001ec4                mutex_init
 .text.recursive_mutex_init
                0x10001ef2       0x34 Core/Src/CMakeFiles/Temp_Logger.dir/P_/pico-sdk/src/common/pico_sync/mutex.c.obj
                0x10001ef2                recursive_mutex_init
 .text.to_us_since_boot
                0x10001f26       0x18 Core/Src/CMakeFiles/Temp_Logger.dir/P_/pico-sdk/src/common/pico_time/time.c.obj
 .text.update_us_since_boot
                0x10001f3e       0x1e Core/Src/CMakeFiles/Temp_Logger.dir/P_/pico-sdk/src/common/pico_time/time.c.obj
 .text.check_hardware_alarm_num_param
                0x10001f5c       0x10 Core/Src/CMakeFiles/Temp_Logger.dir/P_/pico-sdk/src/common/pico_time/time.c.obj
 .text.timer_time_us_32
                0x10001f6c       0x14 Core/Src/CMakeFiles/Temp_Logger.dir/P_/pico-sdk/src/common/pico_time/time.c.obj
 .text.timer_time_reached
                0x10001f80       0x62 Core/Src/CMakeFiles/Temp_Logger.dir/P_/pico-sdk/src/common/pico_time/time.c.obj
 *fill*         0x10001fe2        0x2 
 .text.time_reached
                0x10001fe4       0x24 Core/Src/CMakeFiles/Temp_Logger.dir/P_/pico-sdk/src/common/pico_time/time.c.obj
 .text.timer_hardware_alarm_get_irq_num
                0x10002008       0x1c Core/Src/CMakeFiles/Temp_Logger.dir/P_/pico-sdk/src/common/pico_time/time.c.obj
 .text.timer_get_index
                0x10002024       0x12 Core/Src/CMakeFiles/Temp_Logger.dir/P_/pico-sdk/src/common/pico_time/time.c.obj
 *fill*         0x10002036        0x2 
 .text.timer_get_instance
                0x10002038       0x18 Core/Src/CMakeFiles/Temp_Logger.dir/P_/pico-sdk/src/common/pico_time/time.c.obj
 .text.get_absolute_time
                0x10002050       0x24 Core/Src/CMakeFiles/Temp_Logger.dir/P_/pico-sdk/src/common/pico_time/time.c.obj
 .text.delayed_by_us
                0x10002074       0x64 Core/Src/CMakeFiles/Temp_Logger.dir/P_/pico-sdk/src/common/pico_time/time.c.obj
 .text.make_timeout_time_us
                0x100020d8       0x24 Core/Src/CMakeFiles/Temp_Logger.dir/P_/pico-sdk/src/common/pico_time/time.c.obj
 .text.absolute_time_diff_us
                0x100020fc       0x40 Core/Src/CMakeFiles/Temp_Logger.dir/P_/pico-sdk/src/common/pico_time/time.c.obj
 .text.add_alarm_at
                0x1000213c       0x34 Core/Src/CMakeFiles/Temp_Logger.dir/P_/pico-sdk/src/common/pico_time/time.c.obj
 .text.cancel_alarm
                0x10002170       0x22 Core/Src/CMakeFiles/Temp_Logger.dir/P_/pico-sdk/src/common/pico_time/time.c.obj
 *fill*         0x10002192        0x2 
 .text.default_alarm_pool_initialized
                0x10002194       0x18 Core/Src/CMakeFiles/Temp_Logger.dir/P_/pico-sdk/src/common/pico_time/time.c.obj
 .text.ta_force_irq
                0x100021ac       0x34 Core/Src/CMakeFiles/Temp_Logger.dir/P_/pico-sdk/src/common/pico_time/time.c.obj
 .text.ta_clear_force_irq
                0x100021e0       0x34 Core/Src/CMakeFiles/Temp_Logger.dir/P_/pico-sdk/src/common/pico_time/time.c.obj
 .text.ta_clear_irq
                0x10002214       0x1c Core/Src/CMakeFiles/Temp_Logger.dir/P_/pico-sdk/src/common/pico_time/time.c.obj
 .text.ta_from_current_irq
                0x10002230       0x36 Core/Src/CMakeFiles/Temp_Logger.dir/P_/pico-sdk/src/common/pico_time/time.c.obj
 .text.ta_set_timeout
                0x10002266       0x5e Core/Src/CMakeFiles/Temp_Logger.dir/P_/pico-sdk/src/common/pico_time/time.c.obj
 .text.ta_wakes_up_on_or_before
                0x100022c4       0x6e Core/Src/CMakeFiles/Temp_Logger.dir/P_/pico-sdk/src/common/pico_time/time.c.obj
 .text.ta_time_us_64
                0x10002332       0x1e Core/Src/CMakeFiles/Temp_Logger.dir/P_/pico-sdk/src/common/pico_time/time.c.obj
 .text.ta_enable_irq_handler
                0x10002350       0x66 Core/Src/CMakeFiles/Temp_Logger.dir/P_/pico-sdk/src/common/pico_time/time.c.obj
 .text.ta_hardware_alarm_claim
                0x100023b6       0x1e Core/Src/CMakeFiles/Temp_Logger.dir/P_/pico-sdk/src/common/pico_time/time.c.obj
 .text.ta_timer_num
                0x100023d4       0x1a Core/Src/CMakeFiles/Temp_Logger.dir/P_/pico-sdk/src/common/pico_time/time.c.obj
 *fill*         0x100023ee        0x2 
 .text.ta_default_timer_instance
                0x100023f0       0x10 Core/Src/CMakeFiles/Temp_Logger.dir/P_/pico-sdk/src/common/pico_time/time.c.obj
 .text.alarm_index
                0x10002400       0x16 Core/Src/CMakeFiles/Temp_Logger.dir/P_/pico-sdk/src/common/pico_time/time.c.obj
 .text.alarm_sequence
                0x10002416       0x14 Core/Src/CMakeFiles/Temp_Logger.dir/P_/pico-sdk/src/common/pico_time/time.c.obj
 .text.make_alarm_id
                0x1000242a       0x20 Core/Src/CMakeFiles/Temp_Logger.dir/P_/pico-sdk/src/common/pico_time/time.c.obj
 *fill*         0x1000244a        0x2 
 .text.runtime_init_default_alarm_pool
                0x1000244c       0x50 Core/Src/CMakeFiles/Temp_Logger.dir/P_/pico-sdk/src/common/pico_time/time.c.obj
                0x1000244c                runtime_init_default_alarm_pool
 .text.alarm_pool_get_default
                0x1000249c       0x30 Core/Src/CMakeFiles/Temp_Logger.dir/P_/pico-sdk/src/common/pico_time/time.c.obj
                0x1000249c                alarm_pool_get_default
 .text.alarm_pool_irq_handler
                0x100024cc      0x620 Core/Src/CMakeFiles/Temp_Logger.dir/P_/pico-sdk/src/common/pico_time/time.c.obj
 .text.alarm_pool_post_alloc_init
                0x10002aec       0xd0 Core/Src/CMakeFiles/Temp_Logger.dir/P_/pico-sdk/src/common/pico_time/time.c.obj
 .text.alarm_pool_add_alarm_at
                0x10002bbc       0x5c Core/Src/CMakeFiles/Temp_Logger.dir/P_/pico-sdk/src/common/pico_time/time.c.obj
                0x10002bbc                alarm_pool_add_alarm_at
 .text.alarm_pool_add_alarm_at_force_in_context
                0x10002c18      0x1aa Core/Src/CMakeFiles/Temp_Logger.dir/P_/pico-sdk/src/common/pico_time/time.c.obj
                0x10002c18                alarm_pool_add_alarm_at_force_in_context
 *fill*         0x10002dc2        0x2 
 .text.alarm_pool_cancel_alarm
                0x10002dc4      0x11c Core/Src/CMakeFiles/Temp_Logger.dir/P_/pico-sdk/src/common/pico_time/time.c.obj
                0x10002dc4                alarm_pool_cancel_alarm
 .text.sleep_until_callback
                0x10002ee0       0x84 Core/Src/CMakeFiles/Temp_Logger.dir/P_/pico-sdk/src/common/pico_time/time.c.obj
 .text.sleep_until
                0x10002f64      0x144 Core/Src/CMakeFiles/Temp_Logger.dir/P_/pico-sdk/src/common/pico_time/time.c.obj
                0x10002f64                sleep_until
 .text.sleep_us
                0x100030a8       0x2a Core/Src/CMakeFiles/Temp_Logger.dir/P_/pico-sdk/src/common/pico_time/time.c.obj
                0x100030a8                sleep_us
 .text.sleep_ms
                0x100030d2       0x32 Core/Src/CMakeFiles/Temp_Logger.dir/P_/pico-sdk/src/common/pico_time/time.c.obj
                0x100030d2                sleep_ms
 .text.best_effort_wfe_or_timeout
                0x10003104       0xd8 Core/Src/CMakeFiles/Temp_Logger.dir/P_/pico-sdk/src/common/pico_time/time.c.obj
                0x10003104                best_effort_wfe_or_timeout
 .text.alarm_pool_get_default_timer
                0x100031dc       0x10 Core/Src/CMakeFiles/Temp_Logger.dir/P_/pico-sdk/src/common/pico_time/time.c.obj
                0x100031dc                alarm_pool_get_default_timer
 .text.to_us_since_boot
                0x100031ec       0x18 Core/Src/CMakeFiles/Temp_Logger.dir/P_/pico-sdk/src/rp2_common/hardware_timer/timer.c.obj
 .text.update_us_since_boot
                0x10003204       0x1e Core/Src/CMakeFiles/Temp_Logger.dir/P_/pico-sdk/src/rp2_common/hardware_timer/timer.c.obj
 .text.check_hardware_alarm_num_param
                0x10003222       0x10 Core/Src/CMakeFiles/Temp_Logger.dir/P_/pico-sdk/src/rp2_common/hardware_timer/timer.c.obj
 .text.timer_get_index
                0x10003232       0x12 Core/Src/CMakeFiles/Temp_Logger.dir/P_/pico-sdk/src/rp2_common/hardware_timer/timer.c.obj
 .text.timer_hardware_alarm_claim
                0x10003244       0x3c Core/Src/CMakeFiles/Temp_Logger.dir/P_/pico-sdk/src/rp2_common/hardware_timer/timer.c.obj
                0x10003244                timer_hardware_alarm_claim
 .text.timer_time_us_64
                0x10003280       0x5a Core/Src/CMakeFiles/Temp_Logger.dir/P_/pico-sdk/src/rp2_common/hardware_timer/timer.c.obj
                0x10003280                timer_time_us_64
 .text.timer_busy_wait_us
                0x100032da       0x70 Core/Src/CMakeFiles/Temp_Logger.dir/P_/pico-sdk/src/rp2_common/hardware_timer/timer.c.obj
                0x100032da                timer_busy_wait_us
 .text.timer_busy_wait_until
                0x1000334a       0x68 Core/Src/CMakeFiles/Temp_Logger.dir/P_/pico-sdk/src/rp2_common/hardware_timer/timer.c.obj
                0x1000334a                timer_busy_wait_until
 *fill*         0x100033b2        0x2 
 .text.time_us_64
                0x100033b4       0x1c Core/Src/CMakeFiles/Temp_Logger.dir/P_/pico-sdk/src/rp2_common/hardware_timer/timer.c.obj
                0x100033b4                time_us_64
 .text.busy_wait_us
                0x100033d0       0x24 Core/Src/CMakeFiles/Temp_Logger.dir/P_/pico-sdk/src/rp2_common/hardware_timer/timer.c.obj
                0x100033d0                busy_wait_us
 .text.busy_wait_until
                0x100033f4       0x24 Core/Src/CMakeFiles/Temp_Logger.dir/P_/pico-sdk/src/rp2_common/hardware_timer/timer.c.obj
                0x100033f4                busy_wait_until
 .text.reset_block_num
                0x10003418       0x3c Core/Src/CMakeFiles/Temp_Logger.dir/P_/pico-sdk/src/rp2_common/hardware_uart/uart.c.obj
 .text.unreset_block_num_wait_blocking
                0x10003454       0x54 Core/Src/CMakeFiles/Temp_Logger.dir/P_/pico-sdk/src/rp2_common/hardware_uart/uart.c.obj
 .text.uart_get_index
                0x100034a8       0x24 Core/Src/CMakeFiles/Temp_Logger.dir/P_/pico-sdk/src/rp2_common/hardware_uart/uart.c.obj
 .text.uart_get_hw
                0x100034cc       0x1a Core/Src/CMakeFiles/Temp_Logger.dir/P_/pico-sdk/src/rp2_common/hardware_uart/uart.c.obj
 .text.uart_get_reset_num
                0x100034e6       0x22 Core/Src/CMakeFiles/Temp_Logger.dir/P_/pico-sdk/src/rp2_common/hardware_uart/uart.c.obj
 .text.uart_clock_get_hz
                0x10003508       0x18 Core/Src/CMakeFiles/Temp_Logger.dir/P_/pico-sdk/src/rp2_common/hardware_uart/uart.c.obj
 .text.uart_reset
                0x10003520       0x20 Core/Src/CMakeFiles/Temp_Logger.dir/P_/pico-sdk/src/rp2_common/hardware_uart/uart.c.obj
 .text.uart_unreset
                0x10003540       0x20 Core/Src/CMakeFiles/Temp_Logger.dir/P_/pico-sdk/src/rp2_common/hardware_uart/uart.c.obj
 .text.uart_init
                0x10003560       0xe4 Core/Src/CMakeFiles/Temp_Logger.dir/P_/pico-sdk/src/rp2_common/hardware_uart/uart.c.obj
                0x10003560                uart_init
 .text.uart_disable_before_lcr_write
                0x10003644       0xb0 Core/Src/CMakeFiles/Temp_Logger.dir/P_/pico-sdk/src/rp2_common/hardware_uart/uart.c.obj
 .text.uart_write_lcr_bits_masked
                0x100036f4       0x68 Core/Src/CMakeFiles/Temp_Logger.dir/P_/pico-sdk/src/rp2_common/hardware_uart/uart.c.obj
 .text.uart_set_baudrate
                0x1000375c       0xac Core/Src/CMakeFiles/Temp_Logger.dir/P_/pico-sdk/src/rp2_common/hardware_uart/uart.c.obj
                0x1000375c                uart_set_baudrate
 .text.uart_set_translate_crlf
                0x10003808       0x3c Core/Src/CMakeFiles/Temp_Logger.dir/P_/pico-sdk/src/rp2_common/hardware_uart/uart.c.obj
                0x10003808                uart_set_translate_crlf
 .text.busy_wait_at_least_cycles
                0x10003844       0x18 Core/Src/CMakeFiles/Temp_Logger.dir/P_/pico-sdk/src/rp2_common/hardware_clocks/clocks.c.obj
 .text.has_glitchless_mux
                0x1000385c       0x32 Core/Src/CMakeFiles/Temp_Logger.dir/P_/pico-sdk/src/rp2_common/hardware_clocks/clocks.c.obj
 *fill*         0x1000388e        0x2 
 .text.clock_configure_internal
                0x10003890      0x18c Core/Src/CMakeFiles/Temp_Logger.dir/P_/pico-sdk/src/rp2_common/hardware_clocks/clocks.c.obj
 .text.clock_configure_int_divider
                0x10003a1c       0x3e Core/Src/CMakeFiles/Temp_Logger.dir/P_/pico-sdk/src/rp2_common/hardware_clocks/clocks.c.obj
                0x10003a1c                clock_configure_int_divider
 .text.clock_configure_undivided
                0x10003a5a       0x32 Core/Src/CMakeFiles/Temp_Logger.dir/P_/pico-sdk/src/rp2_common/hardware_clocks/clocks.c.obj
                0x10003a5a                clock_configure_undivided
 .text.clock_get_hz
                0x10003a8c       0x24 Core/Src/CMakeFiles/Temp_Logger.dir/P_/pico-sdk/src/rp2_common/hardware_clocks/clocks.c.obj
                0x10003a8c                clock_get_hz
 .text.clock_set_reported_hz
                0x10003ab0       0x28 Core/Src/CMakeFiles/Temp_Logger.dir/P_/pico-sdk/src/rp2_common/hardware_clocks/clocks.c.obj
                0x10003ab0                clock_set_reported_hz
 .text.reset_unreset_block_num_wait_blocking
                0x10003ad8       0x7c Core/Src/CMakeFiles/Temp_Logger.dir/P_/pico-sdk/src/rp2_common/hardware_pll/pll.c.obj
 .text.pll_init
                0x10003b54      0x174 Core/Src/CMakeFiles/Temp_Logger.dir/P_/pico-sdk/src/rp2_common/hardware_pll/pll.c.obj
                0x10003b54                pll_init
 .text.tick_start
                0x10003cc8       0x28 Core/Src/CMakeFiles/Temp_Logger.dir/P_/pico-sdk/src/rp2_common/hardware_ticks/ticks.c.obj
                0x10003cc8                tick_start
 .text.rom_func_lookup
                0x10003cf0       0x40 Core/Src/CMakeFiles/Temp_Logger.dir/P_/pico-sdk/src/rp2_common/pico_bootrom/bootrom.c.obj
                0x10003cf0                rom_func_lookup
 .text.rom_data_lookup
                0x10003d30       0x40 Core/Src/CMakeFiles/Temp_Logger.dir/P_/pico-sdk/src/rp2_common/pico_bootrom/bootrom.c.obj
                0x10003d30                rom_data_lookup
 .text.rom_funcs_lookup
                0x10003d70       0x68 Core/Src/CMakeFiles/Temp_Logger.dir/P_/pico-sdk/src/rp2_common/pico_bootrom/bootrom.c.obj
                0x10003d70                rom_funcs_lookup
 .text.xosc_init
                0x10003dd8       0x4c Core/Src/CMakeFiles/Temp_Logger.dir/P_/pico-sdk/src/rp2_common/hardware_xosc/xosc.c.obj
                0x10003dd8                xosc_init
 .text.runtime_run_initializers_from
                0x10003e24       0x34 Core/Src/CMakeFiles/Temp_Logger.dir/P_/pico-sdk/src/rp2_common/pico_runtime/runtime.c.obj
 .text.runtime_run_initializers
                0x10003e58       0x18 Core/Src/CMakeFiles/Temp_Logger.dir/P_/pico-sdk/src/rp2_common/pico_runtime/runtime.c.obj
                0x10003e58                runtime_run_initializers
 .text.first_per_core_initializer
                0x10003e70        0xa Core/Src/CMakeFiles/Temp_Logger.dir/P_/pico-sdk/src/rp2_common/pico_runtime/runtime.c.obj
 *fill*         0x10003e7a        0x2 
 .text.runtime_init_early_resets
                0x10003e7c       0x84 Core/Src/CMakeFiles/Temp_Logger.dir/P_/pico-sdk/src/rp2_common/pico_runtime_init/runtime_init.c.obj
                0x10003e7c                runtime_init_early_resets
 .text.runtime_init_usb_power_down
                0x10003f00       0x38 Core/Src/CMakeFiles/Temp_Logger.dir/P_/pico-sdk/src/rp2_common/pico_runtime_init/runtime_init.c.obj
                0x10003f00                runtime_init_usb_power_down
 .text.runtime_init_post_clock_resets
                0x10003f38       0x58 Core/Src/CMakeFiles/Temp_Logger.dir/P_/pico-sdk/src/rp2_common/pico_runtime_init/runtime_init.c.obj
                0x10003f38                runtime_init_post_clock_resets
 .text.runtime_init_rp2040_gpio_ie_disable
                0x10003f90       0x28 Core/Src/CMakeFiles/Temp_Logger.dir/P_/pico-sdk/src/rp2_common/pico_runtime_init/runtime_init.c.obj
                0x10003f90                runtime_init_rp2040_gpio_ie_disable
 .text.runtime_init_spin_locks_reset
                0x10003fb8        0xe Core/Src/CMakeFiles/Temp_Logger.dir/P_/pico-sdk/src/rp2_common/pico_runtime_init/runtime_init.c.obj
                0x10003fb8                runtime_init_spin_locks_reset
 *fill*         0x10003fc6        0x2 
 .text.runtime_init_install_ram_vector_table
                0x10003fc8       0x68 Core/Src/CMakeFiles/Temp_Logger.dir/P_/pico-sdk/src/rp2_common/pico_runtime_init/runtime_init.c.obj
                0x10003fc8                runtime_init_install_ram_vector_table
 .text.running_on_fpga
                0x10004030        0xc Core/Src/CMakeFiles/Temp_Logger.dir/P_/pico-sdk/src/rp2_common/pico_runtime_init/runtime_init_clocks.c.obj
 .text.start_all_ticks
                0x1000403c       0x48 Core/Src/CMakeFiles/Temp_Logger.dir/P_/pico-sdk/src/rp2_common/pico_runtime_init/runtime_init_clocks.c.obj
 .text.runtime_init_clocks
                0x10004084      0x140 Core/Src/CMakeFiles/Temp_Logger.dir/P_/pico-sdk/src/rp2_common/pico_runtime_init/runtime_init_clocks.c.obj
                0x10004084                runtime_init_clocks
 .text          0x100041c4       0x10 Core/Src/CMakeFiles/Temp_Logger.dir/P_/pico-sdk/src/rp2_common/pico_bit_ops/bit_ops_aeabi.S.obj
 .text.__wrap___aeabi_idiv
                0x100041d4       0x50 Core/Src/CMakeFiles/Temp_Logger.dir/P_/pico-sdk/src/rp2_common/pico_divider/divider_hardware.S.obj
                0x100041d4                __wrap___aeabi_idivmod
                0x100041d4                divmod_s32s32
                0x100041d4                div_s32s32
                0x100041d4                __wrap___aeabi_idiv
                0x100041dc                divmod_s32s32_unsafe
                0x10004208                divmod_s32s32_savestate
 .text.__wrap___aeabi_uidiv
                0x10004224       0x4c Core/Src/CMakeFiles/Temp_Logger.dir/P_/pico-sdk/src/rp2_common/pico_divider/divider_hardware.S.obj
                0x10004224                __wrap___aeabi_uidiv
                0x10004224                __wrap___aeabi_uidivmod
                0x10004224                div_u32u32
                0x10004224                divmod_u32u32
                0x1000422c                divmod_u32u32_unsafe
                0x10004254                divmod_u32u32_savestate
 .text.__wrap___aeabi_ldiv
                0x10004270      0x424 Core/Src/CMakeFiles/Temp_Logger.dir/P_/pico-sdk/src/rp2_common/pico_divider/divider_hardware.S.obj
                0x10004270                div_s64s64
                0x10004270                divmod_s64s64
                0x10004270                __wrap___aeabi_ldivmod
                0x100042a0                divmod_u64u64
                0x100042a0                div_u64u64
                0x100042a0                __wrap___aeabi_uldivmod
                0x100042b0                divmod_u64u64_savestate
                0x100042d0                divmod_s64s64_unsafe
                0x10004358                divmod_u64u64_unsafe
 .text.__wrap___aeabi_darithmetic
                0x10004694       0x80 Core/Src/CMakeFiles/Temp_Logger.dir/P_/pico-sdk/src/rp2_common/pico_double/double_aeabi_rp2040.S.obj
                0x10004694                __wrap___aeabi_drsub
                0x1000469a                __wrap___aeabi_dsub
                0x100046ac                __wrap___aeabi_dadd
                0x100046be                __wrap___aeabi_ddiv
                0x100046fa                __wrap___aeabi_dmul
 .text.__wrap___aeabi_cdcmple
                0x10004714       0x6c Core/Src/CMakeFiles/Temp_Logger.dir/P_/pico-sdk/src/rp2_common/pico_double/double_aeabi_rp2040.S.obj
                0x10004714                __wrap___aeabi_cdrcmple
                0x10004724                __wrap___aeabi_cdcmpeq
                0x10004724                __wrap___aeabi_cdcmple
 .text.__wrap___aeabi_dcmplt
                0x10004780        0xc Core/Src/CMakeFiles/Temp_Logger.dir/P_/pico-sdk/src/rp2_common/pico_double/double_aeabi_rp2040.S.obj
                0x10004780                __wrap___aeabi_dcmplt
 .text.__wrap___aeabi_dcmpge
                0x1000478c       0x10 Core/Src/CMakeFiles/Temp_Logger.dir/P_/pico-sdk/src/rp2_common/pico_double/double_aeabi_rp2040.S.obj
                0x1000478c                __wrap___aeabi_dcmpge
 .text.__wrap___aeabi_dcmpgt
                0x1000479c        0xa Core/Src/CMakeFiles/Temp_Logger.dir/P_/pico-sdk/src/rp2_common/pico_double/double_aeabi_rp2040.S.obj
                0x1000479c                __wrap___aeabi_dcmpgt
 .text.__wrap___aeabi_dcmpun
                0x100047a6       0x18 Core/Src/CMakeFiles/Temp_Logger.dir/P_/pico-sdk/src/rp2_common/pico_double/double_aeabi_rp2040.S.obj
                0x100047a6                __wrap___aeabi_dcmpun
 *fill*         0x100047be        0x2 
 .text.__wrap___aeabi_i2d
                0x100047c0       0x38 Core/Src/CMakeFiles/Temp_Logger.dir/P_/pico-sdk/src/rp2_common/pico_double/double_aeabi_rp2040.S.obj
                0x100047c0                uint2double
                0x100047c0                __wrap___aeabi_ui2d
                0x100047c8                int2double
                0x100047c8                __wrap___aeabi_i2d
 .text.__wrap___aeabi_d2iz
                0x100047f8       0x48 Core/Src/CMakeFiles/Temp_Logger.dir/P_/pico-sdk/src/rp2_common/pico_double/double_aeabi_rp2040.S.obj
                0x100047f8                double2int_z
                0x100047f8                __wrap___aeabi_d2iz
 .text.__wrap___aeabi_d2uiz
                0x10004840       0x18 Core/Src/CMakeFiles/Temp_Logger.dir/P_/pico-sdk/src/rp2_common/pico_double/double_aeabi_rp2040.S.obj
                0x10004840                double2uint
                0x10004840                __wrap___aeabi_d2uiz
                0x10004840                double2uint_z
 .text.__wrap___aeabi_d2f
                0x10004858       0x18 Core/Src/CMakeFiles/Temp_Logger.dir/P_/pico-sdk/src/rp2_common/pico_double/double_aeabi_rp2040.S.obj
                0x10004858                __wrap___aeabi_d2f
 .text.rp2040_rom_version
                0x10004870        0xe Core/Src/CMakeFiles/Temp_Logger.dir/P_/pico-sdk/src/rp2_common/pico_double/double_init_rom_rp2040.c.obj
 .text.rom_table_code
                0x1000487e       0x26 Core/Src/CMakeFiles/Temp_Logger.dir/P_/pico-sdk/src/rp2_common/pico_double/double_init_rom_rp2040.c.obj
 .text.__aeabi_double_init
                0x100048a4      0x100 Core/Src/CMakeFiles/Temp_Logger.dir/P_/pico-sdk/src/rp2_common/pico_double/double_init_rom_rp2040.c.obj
                0x100048a4                __aeabi_double_init
 .text.double_table_shim_on_use_helper
                0x100049a4       0x34 Core/Src/CMakeFiles/Temp_Logger.dir/P_/pico-sdk/src/rp2_common/pico_double/double_v1_rom_shim_rp2040.S.obj
                0x100049a4                double_table_shim_on_use_helper
 .text.__wrap___aeabi_dsub
                0x100049d8       0x10 Core/Src/CMakeFiles/Temp_Logger.dir/P_/pico-sdk/src/rp2_common/pico_double/double_v1_rom_shim_rp2040.S.obj
                0x100049d8                drsub_shim
                0x100049de                dsub_shim
 .text.dadd_shim
                0x100049e8      0x15c Core/Src/CMakeFiles/Temp_Logger.dir/P_/pico-sdk/src/rp2_common/pico_double/double_v1_rom_shim_rp2040.S.obj
                0x100049e8                dadd_shim
 .text.dmul_shim
                0x10004b44      0x15c Core/Src/CMakeFiles/Temp_Logger.dir/P_/pico-sdk/src/rp2_common/pico_double/double_v1_rom_shim_rp2040.S.obj
                0x10004b44                dmul_shim
 .text.ddiv_shim
                0x10004ca0      0x1b0 Core/Src/CMakeFiles/Temp_Logger.dir/P_/pico-sdk/src/rp2_common/pico_double/double_v1_rom_shim_rp2040.S.obj
                0x10004ca0                ddiv_shim
 .text.double2uint_shim
                0x10004e50        0xe Core/Src/CMakeFiles/Temp_Logger.dir/P_/pico-sdk/src/rp2_common/pico_double/double_v1_rom_shim_rp2040.S.obj
                0x10004e50                double2uint_shim
                0x10004e52                double2ufix_shim
 *fill*         0x10004e5e        0x2 
 .text.double2uint64_shim
                0x10004e60       0x70 Core/Src/CMakeFiles/Temp_Logger.dir/P_/pico-sdk/src/rp2_common/pico_double/double_v1_rom_shim_rp2040.S.obj
                0x10004e60                double2uint64_shim
                0x10004e62                double2ufix64_shim
                0x10004e82                d2fix_a
 .text.double2float_shim
                0x10004ed0       0x5c Core/Src/CMakeFiles/Temp_Logger.dir/P_/pico-sdk/src/rp2_common/pico_double/double_v1_rom_shim_rp2040.S.obj
                0x10004ed0                double2float_shim
 .text.dunpacks
                0x10004f2c       0x3c Core/Src/CMakeFiles/Temp_Logger.dir/P_/pico-sdk/src/rp2_common/pico_double/double_v1_rom_shim_rp2040.S.obj
                0x10004f2c                dunpacks
 .text.__aeabi_lmul
                0x10004f68       0x32 Core/Src/CMakeFiles/Temp_Logger.dir/P_/pico-sdk/src/rp2_common/pico_int64_ops/pico_int64_ops_aeabi.S.obj
                0x10004f68                __wrap___aeabi_lmul
 *fill*         0x10004f9a        0x2 
 .text.__wrap___aeabi_farithmetic
                0x10004f9c       0x58 Core/Src/CMakeFiles/Temp_Logger.dir/P_/pico-sdk/src/rp2_common/pico_float/float_aeabi_rp2040.S.obj
                0x10004f9c                __wrap___aeabi_frsub
                0x10004fa2                __wrap___aeabi_fsub
                0x10004fac                __wrap___aeabi_fadd
                0x10004fb6                __wrap___aeabi_fdiv
                0x10004fe2                __wrap___aeabi_fmul
 .text.__wrap___aeabi_i2f
                0x10004ff4       0x44 Core/Src/CMakeFiles/Temp_Logger.dir/P_/pico-sdk/src/rp2_common/pico_float/float_aeabi_rp2040.S.obj
                0x10004ff4                __wrap___aeabi_i2f
                0x10004ff4                int2float
 .text.__wrap___aeabi_f2uiz
                0x10005038       0x10 Core/Src/CMakeFiles/Temp_Logger.dir/P_/pico-sdk/src/rp2_common/pico_float/float_aeabi_rp2040.S.obj
                0x10005038                float2uint_z
                0x10005038                __wrap___aeabi_f2uiz
                0x10005038                float2uint
 .text.__wrap___aeabi_f2d
                0x10005048       0x14 Core/Src/CMakeFiles/Temp_Logger.dir/P_/pico-sdk/src/rp2_common/pico_float/float_aeabi_rp2040.S.obj
                0x10005048                __wrap___aeabi_f2d
 .text.rp2040_rom_version
                0x1000505c        0xe Core/Src/CMakeFiles/Temp_Logger.dir/P_/pico-sdk/src/rp2_common/pico_float/float_init_rom_rp2040.c.obj
 .text.rom_table_code
                0x1000506a       0x26 Core/Src/CMakeFiles/Temp_Logger.dir/P_/pico-sdk/src/rp2_common/pico_float/float_init_rom_rp2040.c.obj
 .text.__aeabi_float_init
                0x10005090      0x130 Core/Src/CMakeFiles/Temp_Logger.dir/P_/pico-sdk/src/rp2_common/pico_float/float_init_rom_rp2040.c.obj
                0x10005090                __aeabi_float_init
 .text.float_table_shim_on_use_helper
                0x100051c0       0x34 Core/Src/CMakeFiles/Temp_Logger.dir/P_/pico-sdk/src/rp2_common/pico_float/float_v1_rom_shim_rp2040.S.obj
                0x100051c0                float_table_shim_on_use_helper
 .text.float2double_shim
                0x100051f4       0x30 Core/Src/CMakeFiles/Temp_Logger.dir/P_/pico-sdk/src/rp2_common/pico_float/float_v1_rom_shim_rp2040.S.obj
                0x100051f4                float2double_shim
 .text          0x10005224       0x10 Core/Src/CMakeFiles/Temp_Logger.dir/P_/pico-sdk/src/rp2_common/pico_mem_ops/mem_ops_aeabi.S.obj
                0x10005224                __aeabi_mem_init
 .text.memset   0x10005234        0xc Core/Src/CMakeFiles/Temp_Logger.dir/P_/pico-sdk/src/rp2_common/pico_mem_ops/mem_ops_aeabi.S.obj
                0x10005234                __wrap_memset
 .text.memcpy   0x10005240        0xc Core/Src/CMakeFiles/Temp_Logger.dir/P_/pico-sdk/src/rp2_common/pico_mem_ops/mem_ops_aeabi.S.obj
                0x10005240                __wrap_memcpy
                0x10005240                __wrap___aeabi_memcpy
 .text._out_buffer
                0x1000524c       0x30 Core/Src/CMakeFiles/Temp_Logger.dir/P_/pico-sdk/src/rp2_common/pico_printf/printf.c.obj
 .text._out_null
                0x1000527c       0x1c Core/Src/CMakeFiles/Temp_Logger.dir/P_/pico-sdk/src/rp2_common/pico_printf/printf.c.obj
 .text._out_fct
                0x10005298       0x36 Core/Src/CMakeFiles/Temp_Logger.dir/P_/pico-sdk/src/rp2_common/pico_printf/printf.c.obj
 .text._strnlen_s
                0x100052ce       0x36 Core/Src/CMakeFiles/Temp_Logger.dir/P_/pico-sdk/src/rp2_common/pico_printf/printf.c.obj
 .text._is_digit
                0x10005304       0x32 Core/Src/CMakeFiles/Temp_Logger.dir/P_/pico-sdk/src/rp2_common/pico_printf/printf.c.obj
 .text._atoi    0x10005336       0x46 Core/Src/CMakeFiles/Temp_Logger.dir/P_/pico-sdk/src/rp2_common/pico_printf/printf.c.obj
 .text._out_rev
                0x1000537c       0x9a Core/Src/CMakeFiles/Temp_Logger.dir/P_/pico-sdk/src/rp2_common/pico_printf/printf.c.obj
 .text._ntoa_format
                0x10005416      0x1ac Core/Src/CMakeFiles/Temp_Logger.dir/P_/pico-sdk/src/rp2_common/pico_printf/printf.c.obj
 .text._ntoa_long
                0x100055c2       0xd2 Core/Src/CMakeFiles/Temp_Logger.dir/P_/pico-sdk/src/rp2_common/pico_printf/printf.c.obj
 .text._ntoa_long_long
                0x10005694       0xe6 Core/Src/CMakeFiles/Temp_Logger.dir/P_/pico-sdk/src/rp2_common/pico_printf/printf.c.obj
 *fill*         0x1000577a        0x2 
 .text._ftoa    0x1000577c      0x494 Core/Src/CMakeFiles/Temp_Logger.dir/P_/pico-sdk/src/rp2_common/pico_printf/printf.c.obj
 .text._etoa    0x10005c10      0x594 Core/Src/CMakeFiles/Temp_Logger.dir/P_/pico-sdk/src/rp2_common/pico_printf/printf.c.obj
 .text._vsnprintf
                0x100061a4      0x8fc Core/Src/CMakeFiles/Temp_Logger.dir/P_/pico-sdk/src/rp2_common/pico_printf/printf.c.obj
 .text.__wrap_sprintf
                0x10006aa0       0x3c Core/Src/CMakeFiles/Temp_Logger.dir/P_/pico-sdk/src/rp2_common/pico_printf/printf.c.obj
                0x10006aa0                __wrap_sprintf
 .text.vfctprintf
                0x10006adc       0x40 Core/Src/CMakeFiles/Temp_Logger.dir/P_/pico-sdk/src/rp2_common/pico_printf/printf.c.obj
                0x10006adc                vfctprintf
 .text._exit    0x10006b1c        0xe Core/Src/CMakeFiles/Temp_Logger.dir/P_/pico-sdk/src/rp2_common/pico_clib_interface/newlib_interface.c.obj
                0x10006b1c                _exit
 .text.exit     0x10006b2a       0x10 Core/Src/CMakeFiles/Temp_Logger.dir/P_/pico-sdk/src/rp2_common/pico_clib_interface/newlib_interface.c.obj
                0x10006b2a                exit
 *fill*         0x10006b3a        0x2 
 .text.__assert_func
                0x10006b3c       0x4c Core/Src/CMakeFiles/Temp_Logger.dir/P_/pico-sdk/src/rp2_common/pico_clib_interface/newlib_interface.c.obj
                0x10006b3c                __assert_func
 .text.runtime_init
                0x10006b88       0x48 Core/Src/CMakeFiles/Temp_Logger.dir/P_/pico-sdk/src/rp2_common/pico_clib_interface/newlib_interface.c.obj
                0x10006b88                runtime_init
 .text.to_us_since_boot
                0x10006bd0       0x18 Core/Src/CMakeFiles/Temp_Logger.dir/P_/pico-sdk/src/rp2_common/pico_stdio/stdio.c.obj
 .text.update_us_since_boot
                0x10006be8       0x1e Core/Src/CMakeFiles/Temp_Logger.dir/P_/pico-sdk/src/rp2_common/pico_stdio/stdio.c.obj
 .text.get_absolute_time
                0x10006c06       0x24 Core/Src/CMakeFiles/Temp_Logger.dir/P_/pico-sdk/src/rp2_common/pico_stdio/stdio.c.obj
 *fill*         0x10006c2a        0x2 
 .text.delayed_by_ms
                0x10006c2c       0x7c Core/Src/CMakeFiles/Temp_Logger.dir/P_/pico-sdk/src/rp2_common/pico_stdio/stdio.c.obj
 .text.make_timeout_time_ms
                0x10006ca8       0x22 Core/Src/CMakeFiles/Temp_Logger.dir/P_/pico-sdk/src/rp2_common/pico_stdio/stdio.c.obj
 *fill*         0x10006cca        0x2 
 .text.stdout_serialize_begin
                0x10006ccc       0x28 Core/Src/CMakeFiles/Temp_Logger.dir/P_/pico-sdk/src/rp2_common/pico_stdio/stdio.c.obj
                0x10006ccc                stdout_serialize_begin
 .text.stdout_serialize_end
                0x10006cf4       0x18 Core/Src/CMakeFiles/Temp_Logger.dir/P_/pico-sdk/src/rp2_common/pico_stdio/stdio.c.obj
                0x10006cf4                stdout_serialize_end
 .text.stdio_out_chars_no_crlf
                0x10006d0c       0x20 Core/Src/CMakeFiles/Temp_Logger.dir/P_/pico-sdk/src/rp2_common/pico_stdio/stdio.c.obj
 .text.stdio_out_chars_crlf
                0x10006d2c       0xf4 Core/Src/CMakeFiles/Temp_Logger.dir/P_/pico-sdk/src/rp2_common/pico_stdio/stdio.c.obj
 .text.stdio_put_string
                0x10006e20       0xc8 Core/Src/CMakeFiles/Temp_Logger.dir/P_/pico-sdk/src/rp2_common/pico_stdio/stdio.c.obj
                0x10006e20                stdio_put_string
 .text.stdio_flush
                0x10006ee8       0x38 Core/Src/CMakeFiles/Temp_Logger.dir/P_/pico-sdk/src/rp2_common/pico_stdio/stdio.c.obj
                0x10006ee8                stdio_flush
 .text.stdio_stack_buffer_flush
                0x10006f20       0x6c Core/Src/CMakeFiles/Temp_Logger.dir/P_/pico-sdk/src/rp2_common/pico_stdio/stdio.c.obj
 .text.stdio_buffered_printer
                0x10006f8c       0x3e Core/Src/CMakeFiles/Temp_Logger.dir/P_/pico-sdk/src/rp2_common/pico_stdio/stdio.c.obj
 .text.__wrap_puts
                0x10006fca       0x2e Core/Src/CMakeFiles/Temp_Logger.dir/P_/pico-sdk/src/rp2_common/pico_stdio/stdio.c.obj
                0x10006fca                stdio_puts
                0x10006fca                __wrap_puts
 .text.__wrap_vprintf
                0x10006ff8       0x5c Core/Src/CMakeFiles/Temp_Logger.dir/P_/pico-sdk/src/rp2_common/pico_stdio/stdio.c.obj
                0x10006ff8                stdio_vprintf
                0x10006ff8                __wrap_vprintf
 .text.__wrap_printf
                0x10007054       0x2e Core/Src/CMakeFiles/Temp_Logger.dir/P_/pico-sdk/src/rp2_common/pico_stdio/stdio.c.obj
                0x10007054                __wrap_printf
                0x10007054                stdio_printf
 *fill*         0x10007082        0x2 
 .text.reset_block_num
                0x10007084       0x3c Core/Src/CMakeFiles/Temp_Logger.dir/P_/pico-sdk/src/rp2_common/hardware_i2c/i2c.c.obj
 .text.unreset_block_num_wait_blocking
                0x100070c0       0x54 Core/Src/CMakeFiles/Temp_Logger.dir/P_/pico-sdk/src/rp2_common/hardware_i2c/i2c.c.obj
 .text.i2c_reset
                0x10007114       0x28 Core/Src/CMakeFiles/Temp_Logger.dir/P_/pico-sdk/src/rp2_common/hardware_i2c/i2c.c.obj
 .text.i2c_unreset
                0x1000713c       0x28 Core/Src/CMakeFiles/Temp_Logger.dir/P_/pico-sdk/src/rp2_common/hardware_i2c/i2c.c.obj
 .text.i2c_init
                0x10007164       0x62 Core/Src/CMakeFiles/Temp_Logger.dir/P_/pico-sdk/src/rp2_common/hardware_i2c/i2c.c.obj
                0x10007164                i2c_init
 *fill*         0x100071c6        0x2 
 .text.i2c_set_baudrate
                0x100071c8      0x15c Core/Src/CMakeFiles/Temp_Logger.dir/P_/pico-sdk/src/rp2_common/hardware_i2c/i2c.c.obj
                0x100071c8                i2c_set_baudrate
 .text.i2c_write_blocking_internal
                0x10007324      0x24e Core/Src/CMakeFiles/Temp_Logger.dir/P_/pico-sdk/src/rp2_common/hardware_i2c/i2c.c.obj
 .text.i2c_write_blocking
                0x10007572       0x3e Core/Src/CMakeFiles/Temp_Logger.dir/P_/pico-sdk/src/rp2_common/hardware_i2c/i2c.c.obj
                0x10007572                i2c_write_blocking
 .text.reset_unreset_block_num_wait_blocking
                0x100075b0       0x7c Core/Src/CMakeFiles/Temp_Logger.dir/P_/pico-sdk/src/rp2_common/hardware_adc/adc.c.obj
 .text.adc_init
                0x1000762c       0x2c Core/Src/CMakeFiles/Temp_Logger.dir/P_/pico-sdk/src/rp2_common/hardware_adc/adc.c.obj
                0x1000762c                adc_init
 .text.reset_unreset_block_num_wait_blocking
                0x10007658       0x7c Core/Src/CMakeFiles/Temp_Logger.dir/P_/pico-sdk/src/rp2_common/hardware_rtc/rtc.c.obj
 .text.rtc_running
                0x100076d4       0x1c Core/Src/CMakeFiles/Temp_Logger.dir/P_/pico-sdk/src/rp2_common/hardware_rtc/rtc.c.obj
                0x100076d4                rtc_running
 .text.rtc_init
                0x100076f0       0x68 Core/Src/CMakeFiles/Temp_Logger.dir/P_/pico-sdk/src/rp2_common/hardware_rtc/rtc.c.obj
                0x100076f0                rtc_init
 .text.valid_datetime
                0x10007758       0xbe Core/Src/CMakeFiles/Temp_Logger.dir/P_/pico-sdk/src/rp2_common/hardware_rtc/rtc.c.obj
 *fill*         0x10007816        0x2 
 .text.rtc_set_datetime
                0x10007818       0xb0 Core/Src/CMakeFiles/Temp_Logger.dir/P_/pico-sdk/src/rp2_common/hardware_rtc/rtc.c.obj
                0x10007818                rtc_set_datetime
 .text.rtc_get_datetime
                0x100078c8       0xa4 Core/Src/CMakeFiles/Temp_Logger.dir/P_/pico-sdk/src/rp2_common/hardware_rtc/rtc.c.obj
                0x100078c8                rtc_get_datetime
 .text.rtc_enable_alarm
                0x1000796c       0x44 Core/Src/CMakeFiles/Temp_Logger.dir/P_/pico-sdk/src/rp2_common/hardware_rtc/rtc.c.obj
                0x1000796c                rtc_enable_alarm
 .text.rtc_irq_handler
                0x100079b0       0x30 Core/Src/CMakeFiles/Temp_Logger.dir/P_/pico-sdk/src/rp2_common/hardware_rtc/rtc.c.obj
 .text.rtc_alarm_repeats
                0x100079e0       0x74 Core/Src/CMakeFiles/Temp_Logger.dir/P_/pico-sdk/src/rp2_common/hardware_rtc/rtc.c.obj
 .text.rtc_set_alarm
                0x10007a54      0x208 Core/Src/CMakeFiles/Temp_Logger.dir/P_/pico-sdk/src/rp2_common/hardware_rtc/rtc.c.obj
                0x10007a54                rtc_set_alarm
 .text.rtc_disable_alarm
                0x10007c5c       0x44 Core/Src/CMakeFiles/Temp_Logger.dir/P_/pico-sdk/src/rp2_common/hardware_rtc/rtc.c.obj
                0x10007c5c                rtc_disable_alarm
 .text.reset_block_num
                0x10007ca0       0x3c Core/Src/CMakeFiles/Temp_Logger.dir/P_/pico-sdk/src/rp2_common/hardware_spi/spi.c.obj
 .text.unreset_block_num_wait_blocking
                0x10007cdc       0x54 Core/Src/CMakeFiles/Temp_Logger.dir/P_/pico-sdk/src/rp2_common/hardware_spi/spi.c.obj
 .text.spi_get_index
                0x10007d30       0x24 Core/Src/CMakeFiles/Temp_Logger.dir/P_/pico-sdk/src/rp2_common/hardware_spi/spi.c.obj
 .text.spi_get_hw
                0x10007d54       0x1a Core/Src/CMakeFiles/Temp_Logger.dir/P_/pico-sdk/src/rp2_common/hardware_spi/spi.c.obj
 .text.spi_get_const_hw
                0x10007d6e       0x1a Core/Src/CMakeFiles/Temp_Logger.dir/P_/pico-sdk/src/rp2_common/hardware_spi/spi.c.obj
 .text.spi_set_format
                0x10007d88       0xc0 Core/Src/CMakeFiles/Temp_Logger.dir/P_/pico-sdk/src/rp2_common/hardware_spi/spi.c.obj
 .text.spi_is_writable
                0x10007e48       0x26 Core/Src/CMakeFiles/Temp_Logger.dir/P_/pico-sdk/src/rp2_common/hardware_spi/spi.c.obj
 .text.spi_is_readable
                0x10007e6e       0x26 Core/Src/CMakeFiles/Temp_Logger.dir/P_/pico-sdk/src/rp2_common/hardware_spi/spi.c.obj
 .text.spi_reset
                0x10007e94       0x28 Core/Src/CMakeFiles/Temp_Logger.dir/P_/pico-sdk/src/rp2_common/hardware_spi/spi.c.obj
 .text.spi_unreset
                0x10007ebc       0x28 Core/Src/CMakeFiles/Temp_Logger.dir/P_/pico-sdk/src/rp2_common/hardware_spi/spi.c.obj
 .text.spi_init
                0x10007ee4       0x88 Core/Src/CMakeFiles/Temp_Logger.dir/P_/pico-sdk/src/rp2_common/hardware_spi/spi.c.obj
                0x10007ee4                spi_init
 .text.spi_set_baudrate
                0x10007f6c      0x14c Core/Src/CMakeFiles/Temp_Logger.dir/P_/pico-sdk/src/rp2_common/hardware_spi/spi.c.obj
                0x10007f6c                spi_set_baudrate
 .text          0x100080b8      0x7d8 Core/Lib/ssd1306/libssd1306.a(ssd1306.c.obj)
                0x100080b8                SendLcd
                0x100080f8                SetXY
                0x1000814a                ClearLcd
                0x100081a4                SetPixel
                0x1000821c                LCD_init
                0x100082a6                BufferSetPixel
                0x10008342                Bitmap
                0x100083fe                FillBuffer
                0x10008558                SendBuffer
                0x10008598                ClearBuffer
                0x100085cc                DrawLine
 .text          0x10008890     0x6968 Core/Lib/sd-card/fatfs/libfatfs.a(ff.c.obj)
                0x1000cd44                f_mount
                0x1000cde8                f_open
                0x1000d492                f_read
                0x1000d7ba                f_write
                0x1000db64                f_sync
                0x1000ddc4                f_close
                0x1000de2c                f_lseek
                0x1000e288                f_opendir
                0x1000e3b2                f_closedir
                0x1000e410                f_readdir
                0x1000e4ce                f_stat
                0x1000e55e                f_getfree
                0x1000e796                f_truncate
                0x1000e918                f_unlink
                0x1000eb06                f_mkdir
                0x1000ee1c                f_rename
 .text          0x1000f1f8      0x294 Core/Lib/sd-card/fatfs/libfatfs.a(ffunicode.c.obj)
                0x1000f1f8                ff_uni2oem
                0x1000f290                ff_oem2uni
                0x1000f304                ff_wtoupper
 .text          0x1000f48c       0xca Core/Lib/sd-card/fatfs/libfatfs.a(diskio.c.obj)
                0x1000f48c                disk_status
                0x1000f4ac                disk_initialize
                0x1000f4cc                disk_read
                0x1000f4fa                disk_write
                0x1000f528                disk_ioctl
 *fill*         0x1000f556        0x2 
 .text          0x1000f558      0xcc8 Core/Lib/sd-card/physical-api/libphysical-api.a(fatfs_sd.c.obj)
                0x1000f7d8                SD_ReadyWait
                0x1000fb1e                SD_disk_initialize
                0x1000fd78                SD_disk_status
                0x1000fda4                SD_disk_read
                0x1000fe8c                SD_disk_write
                0x1000ffb0                SD_disk_ioctl
 .text.memcmp   0x10010220       0x48 P:/13.2 Rel1/bin/../lib/gcc/arm-none-eabi/13.2.1/thumb/v6-m/nofp\libg.a(libc_a-memcmp.o)
                0x10010220                memcmp
 .text.strchr   0x10010268       0xc4 P:/13.2 Rel1/bin/../lib/gcc/arm-none-eabi/13.2.1/thumb/v6-m/nofp\libg.a(libc_a-strchr.o)
                0x10010268                strchr
 .text.strlen   0x1001032c       0x5c P:/13.2 Rel1/bin/../lib/gcc/arm-none-eabi/13.2.1/thumb/v6-m/nofp\libg.a(libc_a-strlen-stub.o)
                0x1001032c                strlen
 *(.fini)
 .fini          0x10010388        0x4 P:/13.2 Rel1/bin/../lib/gcc/arm-none-eabi/13.2.1/thumb/v6-m/nofp/crti.o
                0x10010388                _fini
 *fill*         0x1001038c        0x4 
 .fini.__stub   0x10010390       0x60 linker stubs
 *crtbegin.o(.ctors)
 *crtbegin?.o(.ctors)
 *(EXCLUDE_FILE(*crtend.o *crtend?.o) .ctors)
 *(SORT_BY_NAME(.ctors.*))
 *(.ctors)
 *crtbegin.o(.dtors)
 *crtbegin?.o(.dtors)
 *(EXCLUDE_FILE(*crtend.o *crtend?.o) .dtors)
 *(SORT_BY_NAME(.dtors.*))
 *(.dtors)
                0x100103f0                        . = ALIGN (0x4)
                0x100103f0                        PROVIDE (__preinit_array_start = .)
 *(SORT_BY_NAME(.preinit_array.*))
 .preinit_array.00100
                0x100103f0        0x4 Core/Src/CMakeFiles/Temp_Logger.dir/P_/pico-sdk/src/rp2_common/pico_runtime_init/runtime_init.c.obj
                0x100103f0                __pre_init_runtime_init_early_resets
 .preinit_array.00101
                0x100103f4        0x4 Core/Src/CMakeFiles/Temp_Logger.dir/P_/pico-sdk/src/rp2_common/pico_runtime_init/runtime_init.c.obj
                0x100103f4                __pre_init_runtime_init_usb_power_down
 .preinit_array.00275
                0x100103f8        0x4 Core/Src/CMakeFiles/Temp_Logger.dir/P_/pico-sdk/src/rp2_common/pico_bit_ops/bit_ops_aeabi.S.obj
 .preinit_array.00300
                0x100103fc        0x4 Core/Src/CMakeFiles/Temp_Logger.dir/P_/pico-sdk/src/rp2_common/pico_mem_ops/mem_ops_aeabi.S.obj
 .preinit_array.00350
                0x10010400        0x4 Core/Src/CMakeFiles/Temp_Logger.dir/P_/pico-sdk/src/rp2_common/pico_double/double_aeabi_rp2040.S.obj
 .preinit_array.00350
                0x10010404        0x4 Core/Src/CMakeFiles/Temp_Logger.dir/P_/pico-sdk/src/rp2_common/pico_float/float_aeabi_rp2040.S.obj
 .preinit_array.00500
                0x10010408        0x4 Core/Src/CMakeFiles/Temp_Logger.dir/P_/pico-sdk/src/rp2_common/pico_runtime_init/runtime_init.c.obj
                0x10010408                __pre_init_runtime_init_clocks
 .preinit_array.00600
                0x1001040c        0x4 Core/Src/CMakeFiles/Temp_Logger.dir/P_/pico-sdk/src/rp2_common/pico_runtime_init/runtime_init.c.obj
                0x1001040c                __pre_init_runtime_init_post_clock_resets
 .preinit_array.00700
                0x10010410        0x4 Core/Src/CMakeFiles/Temp_Logger.dir/P_/pico-sdk/src/rp2_common/pico_runtime_init/runtime_init.c.obj
                0x10010410                __pre_init_runtime_init_rp2040_gpio_ie_disable
 .preinit_array.01000
                0x10010414        0x4 Core/Src/CMakeFiles/Temp_Logger.dir/P_/pico-sdk/src/rp2_common/pico_runtime_init/runtime_init.c.obj
                0x10010414                __pre_init_runtime_init_spin_locks_reset
 .preinit_array.01100
                0x10010418        0x4 Core/Src/CMakeFiles/Temp_Logger.dir/P_/pico-sdk/src/common/pico_sync/mutex.c.obj
                0x10010418                __pre_init_runtime_init_mutex
 .preinit_array.10080
                0x1001041c        0x4 Core/Src/CMakeFiles/Temp_Logger.dir/P_/pico-sdk/src/rp2_common/pico_runtime_init/runtime_init.c.obj
                0x1001041c                __pre_init_runtime_init_install_ram_vector_table
 .preinit_array.11000
                0x10010420        0x4 Core/Src/CMakeFiles/Temp_Logger.dir/P_/pico-sdk/src/common/pico_time/time.c.obj
                0x10010420                __pre_init_runtime_init_default_alarm_pool
 .preinit_array.YYYYY
                0x10010424        0x4 Core/Src/CMakeFiles/Temp_Logger.dir/P_/pico-sdk/src/rp2_common/pico_runtime/runtime.c.obj
                0x10010424                __pre_init_first_per_core_initializer
 .preinit_array.ZZZZZ.01200
                0x10010428        0x4 Core/Src/CMakeFiles/Temp_Logger.dir/P_/pico-sdk/src/rp2_common/hardware_irq/irq.c.obj
                0x10010428                __pre_init_runtime_init_per_core_irq_priorities
 *(.preinit_array)
                0x1001042c                        PROVIDE (__preinit_array_end = .)
                0x1001042c                        . = ALIGN (0x4)
                0x1001042c                        PROVIDE (__init_array_start = .)
 *(SORT_BY_NAME(.init_array.*))
 *(.init_array)
 .init_array    0x1001042c        0x4 P:/13.2 Rel1/bin/../lib/gcc/arm-none-eabi/13.2.1/thumb/v6-m/nofp/crtbegin.o
                0x10010430                        PROVIDE (__init_array_end = .)
                0x10010430                        . = ALIGN (0x4)
                [!provide]                        PROVIDE (__fini_array_start = .)
 *(SORT_BY_NAME(.fini_array.*))
 *(.fini_array)
                [!provide]                        PROVIDE (__fini_array_end = .)
 *(.eh_frame*)
 .eh_frame      0x10010430        0x0 P:/13.2 Rel1/bin/../lib/gcc/arm-none-eabi/13.2.1/thumb/v6-m/nofp/crtbegin.o
                0x10010430                        . = ALIGN (0x4)

.glue_7         0x10010430        0x0
 .glue_7        0x10010430        0x0 linker stubs

.glue_7t        0x10010430        0x0
 .glue_7t       0x10010430        0x0 linker stubs

.vfp11_veneer   0x10010430        0x0
 .vfp11_veneer  0x10010430        0x0 linker stubs

.v4_bx          0x10010430        0x0
 .v4_bx         0x10010430        0x0 linker stubs

.iplt           0x10010430        0x0
 .iplt          0x10010430        0x0 P:/13.2 Rel1/bin/../lib/gcc/arm-none-eabi/13.2.1/thumb/v6-m/nofp/crtbegin.o

.rodata         0x10010430     0x1078
 *(EXCLUDE_FILE(*libm.a: *libc.a:*lib_a-mem*.o *libgcc.a:) .rodata*)
 .rodata        0x10010430       0x75 Core/Src/CMakeFiles/Temp_Logger.dir/main.c.obj
 *fill*         0x100104a5        0x3 
 .rodata        0x100104a8       0x22 Core/Src/CMakeFiles/Temp_Logger.dir/P_/pico-sdk/src/rp2_common/pico_platform_panic/panic.c.obj
 *fill*         0x100104ca        0x2 
 .rodata        0x100104cc      0x243 Core/Src/CMakeFiles/Temp_Logger.dir/P_/pico-sdk/src/rp2_common/hardware_irq/irq.c.obj
 *fill*         0x1001070f        0x1 
 .rodata.__func__.6
                0x10010710       0x1a Core/Src/CMakeFiles/Temp_Logger.dir/P_/pico-sdk/src/rp2_common/hardware_irq/irq.c.obj
 *fill*         0x1001072a        0x2 
 .rodata        0x1001072c       0x9d Core/Src/CMakeFiles/Temp_Logger.dir/P_/pico-sdk/src/common/pico_sync/mutex.c.obj
 *fill*         0x100107c9        0x3 
 .rodata.__func__.6
                0x100107cc       0x13 Core/Src/CMakeFiles/Temp_Logger.dir/P_/pico-sdk/src/common/pico_sync/mutex.c.obj
 *fill*         0x100107df        0x1 
 .rodata.__func__.3
                0x100107e0       0x18 Core/Src/CMakeFiles/Temp_Logger.dir/P_/pico-sdk/src/common/pico_sync/mutex.c.obj
 .rodata.__func__.1
                0x100107f8        0xb Core/Src/CMakeFiles/Temp_Logger.dir/P_/pico-sdk/src/common/pico_sync/mutex.c.obj
 *fill*         0x10010803        0x1 
 .rodata        0x10010804      0x10d Core/Src/CMakeFiles/Temp_Logger.dir/P_/pico-sdk/src/common/pico_time/time.c.obj
 *fill*         0x10010911        0x3 
 .rodata.__func__.2
                0x10010914       0x17 Core/Src/CMakeFiles/Temp_Logger.dir/P_/pico-sdk/src/common/pico_time/time.c.obj
 *fill*         0x1001092b        0x1 
 .rodata.__func__.1
                0x1001092c       0x17 Core/Src/CMakeFiles/Temp_Logger.dir/P_/pico-sdk/src/common/pico_time/time.c.obj
 *fill*         0x10010943        0x1 
 .rodata        0x10010944       0x8a Core/Src/CMakeFiles/Temp_Logger.dir/P_/pico-sdk/src/rp2_common/hardware_timer/timer.c.obj
 *fill*         0x100109ce        0x2 
 .rodata        0x100109d0      0x104 Core/Src/CMakeFiles/Temp_Logger.dir/P_/pico-sdk/src/rp2_common/hardware_pll/pll.c.obj
 .rodata.__func__.0
                0x10010ad4        0x9 Core/Src/CMakeFiles/Temp_Logger.dir/P_/pico-sdk/src/rp2_common/hardware_pll/pll.c.obj
 *fill*         0x10010add        0x3 
 .rodata        0x10010ae0       0x84 Core/Src/CMakeFiles/Temp_Logger.dir/P_/pico-sdk/src/rp2_common/pico_double/double_init_rom_rp2040.c.obj
 .rodata.__func__.0
                0x10010b64       0x14 Core/Src/CMakeFiles/Temp_Logger.dir/P_/pico-sdk/src/rp2_common/pico_double/double_init_rom_rp2040.c.obj
 .rodata        0x10010b78       0x76 Core/Src/CMakeFiles/Temp_Logger.dir/P_/pico-sdk/src/rp2_common/pico_float/float_init_rom_rp2040.c.obj
 *fill*         0x10010bee        0x2 
 .rodata.__func__.0
                0x10010bf0       0x13 Core/Src/CMakeFiles/Temp_Logger.dir/P_/pico-sdk/src/rp2_common/pico_float/float_init_rom_rp2040.c.obj
 *fill*         0x10010c03        0x1 
 .rodata.__bi_26
                0x10010c04        0xc Core/Src/CMakeFiles/Temp_Logger.dir/P_/pico-sdk/src/rp2_common/pico_standard_binary_info/standard_binary_info.c.obj
 .rodata        0x10010c10       0x5a Core/Src/CMakeFiles/Temp_Logger.dir/P_/pico-sdk/src/rp2_common/pico_standard_binary_info/standard_binary_info.c.obj
 *fill*         0x10010c6a        0x2 
 .rodata.__bi_34
                0x10010c6c        0xc Core/Src/CMakeFiles/Temp_Logger.dir/P_/pico-sdk/src/rp2_common/pico_standard_binary_info/standard_binary_info.c.obj
 .rodata.__bi_42
                0x10010c78        0xc Core/Src/CMakeFiles/Temp_Logger.dir/P_/pico-sdk/src/rp2_common/pico_standard_binary_info/standard_binary_info.c.obj
 .rodata.__bi_48
                0x10010c84        0xc Core/Src/CMakeFiles/Temp_Logger.dir/P_/pico-sdk/src/rp2_common/pico_standard_binary_info/standard_binary_info.c.obj
 .rodata.__bi_54
                0x10010c90        0xc Core/Src/CMakeFiles/Temp_Logger.dir/P_/pico-sdk/src/rp2_common/pico_standard_binary_info/standard_binary_info.c.obj
 .rodata.__bi_78
                0x10010c9c        0xc Core/Src/CMakeFiles/Temp_Logger.dir/P_/pico-sdk/src/rp2_common/pico_standard_binary_info/standard_binary_info.c.obj
 .rodata.__bi_84
                0x10010ca8        0xc Core/Src/CMakeFiles/Temp_Logger.dir/P_/pico-sdk/src/rp2_common/pico_standard_binary_info/standard_binary_info.c.obj
 .rodata.__bi_94
                0x10010cb4        0xc Core/Src/CMakeFiles/Temp_Logger.dir/P_/pico-sdk/src/rp2_common/pico_standard_binary_info/standard_binary_info.c.obj
 .rodata        0x10010cc0       0x18 Core/Src/CMakeFiles/Temp_Logger.dir/P_/pico-sdk/src/rp2_common/pico_printf/printf.c.obj
 .rodata._vsnprintf
                0x10010cd8      0x19c Core/Src/CMakeFiles/Temp_Logger.dir/P_/pico-sdk/src/rp2_common/pico_printf/printf.c.obj
 *fill*         0x10010e74        0x4 
 .rodata.pow10.0
                0x10010e78       0x50 Core/Src/CMakeFiles/Temp_Logger.dir/P_/pico-sdk/src/rp2_common/pico_printf/printf.c.obj
 .rodata        0x10010ec8       0x43 Core/Src/CMakeFiles/Temp_Logger.dir/P_/pico-sdk/src/rp2_common/pico_clib_interface/newlib_interface.c.obj
 *fill*         0x10010f0b        0x1 
 .rodata.crlf_str.0
                0x10010f0c        0x2 Core/Src/CMakeFiles/Temp_Logger.dir/P_/pico-sdk/src/rp2_common/pico_stdio/stdio.c.obj
 *fill*         0x10010f0e        0x2 
 .rodata        0x10010f10       0x4e Core/Src/CMakeFiles/Temp_Logger.dir/P_/pico-sdk/src/rp2_common/hardware_i2c/i2c.c.obj
 *fill*         0x10010f5e        0x2 
 .rodata.__func__.0
                0x10010f60       0x11 Core/Src/CMakeFiles/Temp_Logger.dir/P_/pico-sdk/src/rp2_common/hardware_i2c/i2c.c.obj
 *fill*         0x10010f71        0x3 
 .rodata        0x10010f74       0x5f Core/Src/CMakeFiles/Temp_Logger.dir/P_/pico-sdk/src/rp2_common/hardware_rtc/rtc.c.obj
 *fill*         0x10010fd3        0x1 
 .rodata.__func__.0
                0x10010fd4        0x9 Core/Src/CMakeFiles/Temp_Logger.dir/P_/pico-sdk/src/rp2_common/hardware_rtc/rtc.c.obj
 *fill*         0x10010fdd        0x3 
 .rodata        0x10010fe0       0xb9 Core/Lib/sd-card/fatfs/libfatfs.a(ff.c.obj)
 *fill*         0x10011099        0x3 
 .rodata        0x1001109c      0x3d4 Core/Lib/sd-card/fatfs/libfatfs.a(ffunicode.c.obj)
 .rodata        0x10011470       0x38 Core/Lib/sd-card/physical-api/libphysical-api.a(fatfs_sd.c.obj)
                0x100114a8                        . = ALIGN (0x4)
 *(SORT_BY_ALIGNMENT(SORT_BY_NAME(.flashdata*)))
                0x100114a8                        . = ALIGN (0x4)

.ARM.extab
 *(.ARM.extab* .gnu.linkonce.armextab.*)
                0x100114a8                        __exidx_start = .

.ARM.exidx
 *(.ARM.exidx* .gnu.linkonce.armexidx.*)
                0x100114a8                        __exidx_end = .
                0x100114a8                        . = ALIGN (0x4)
                0x100114a8                        __binary_info_start = .

.binary_info    0x100114a8       0x20
 *(.binary_info.keep.*)
 .binary_info.keep.__bi_ptr26
                0x100114a8        0x4 Core/Src/CMakeFiles/Temp_Logger.dir/P_/pico-sdk/src/rp2_common/pico_standard_binary_info/standard_binary_info.c.obj
 .binary_info.keep.__bi_ptr34
                0x100114ac        0x4 Core/Src/CMakeFiles/Temp_Logger.dir/P_/pico-sdk/src/rp2_common/pico_standard_binary_info/standard_binary_info.c.obj
 .binary_info.keep.__bi_ptr42
                0x100114b0        0x4 Core/Src/CMakeFiles/Temp_Logger.dir/P_/pico-sdk/src/rp2_common/pico_standard_binary_info/standard_binary_info.c.obj
 .binary_info.keep.__bi_ptr48
                0x100114b4        0x4 Core/Src/CMakeFiles/Temp_Logger.dir/P_/pico-sdk/src/rp2_common/pico_standard_binary_info/standard_binary_info.c.obj
 .binary_info.keep.__bi_ptr54
                0x100114b8        0x4 Core/Src/CMakeFiles/Temp_Logger.dir/P_/pico-sdk/src/rp2_common/pico_standard_binary_info/standard_binary_info.c.obj
 .binary_info.keep.__bi_ptr78
                0x100114bc        0x4 Core/Src/CMakeFiles/Temp_Logger.dir/P_/pico-sdk/src/rp2_common/pico_standard_binary_info/standard_binary_info.c.obj
 .binary_info.keep.__bi_ptr84
                0x100114c0        0x4 Core/Src/CMakeFiles/Temp_Logger.dir/P_/pico-sdk/src/rp2_common/pico_standard_binary_info/standard_binary_info.c.obj
 .binary_info.keep.__bi_ptr94
                0x100114c4        0x4 Core/Src/CMakeFiles/Temp_Logger.dir/P_/pico-sdk/src/rp2_common/pico_standard_binary_info/standard_binary_info.c.obj
 *(.binary_info.*)
                0x100114c8                        __binary_info_end = .
                0x100114c8                        . = ALIGN (0x4)

.ram_vector_table
                0x20000000       0xc0
 *(.ram_vector_table)
 .ram_vector_table
                0x20000000       0xc0 Core/Src/CMakeFiles/Temp_Logger.dir/P_/pico-sdk/src/rp2_common/pico_runtime_init/runtime_init.c.obj
                0x20000000                ram_vector_table

.uninitialized_data
                0x200000c0        0x0
                0x200000c0                        . = ALIGN (0x4)
 *(.uninitialized_data*)

.data           0x200000c0      0xeec load address 0x100114c8
                0x200000c0                        __data_start__ = .
 *(vtable)
 *(.time_critical*)
 .time_critical.mutex_try_enter
                0x200000c0       0xb4 Core/Src/CMakeFiles/Temp_Logger.dir/P_/pico-sdk/src/common/pico_sync/mutex.c.obj
                0x200000c0                mutex_try_enter
 .time_critical.mutex_try_enter_block_until
                0x20000174       0x56 Core/Src/CMakeFiles/Temp_Logger.dir/P_/pico-sdk/src/common/pico_sync/mutex.c.obj
                0x20000174                mutex_try_enter_block_until
 *fill*         0x200001ca        0x2 
 .time_critical.mutex_enter_block_until
                0x200001cc       0xf8 Core/Src/CMakeFiles/Temp_Logger.dir/P_/pico-sdk/src/common/pico_sync/mutex.c.obj
                0x200001cc                mutex_enter_block_until
 .time_critical.mutex_exit
                0x200002c4       0xa0 Core/Src/CMakeFiles/Temp_Logger.dir/P_/pico-sdk/src/common/pico_sync/mutex.c.obj
                0x200002c4                mutex_exit
 .time_critical.spi_write_read_blocking
                0x20000364       0x9a Core/Src/CMakeFiles/Temp_Logger.dir/P_/pico-sdk/src/rp2_common/hardware_spi/spi.c.obj
                0x20000364                spi_write_read_blocking
 .time_critical.spi_write_blocking
                0x200003fe       0xb0 Core/Src/CMakeFiles/Temp_Logger.dir/P_/pico-sdk/src/rp2_common/hardware_spi/spi.c.obj
                0x200003fe                spi_write_blocking
 *(.text*)
 *fill*         0x200004ae        0x2 
 .text          0x200004b0        0x4 P:/13.2 Rel1/bin/../lib/gcc/arm-none-eabi/13.2.1/thumb/v6-m/nofp\libgcc.a(_dvmd_tls.o)
                0x200004b0                __aeabi_idiv0
                0x200004b0                __aeabi_ldiv0
 *fill*         0x200004b4        0x4 
 .text.__stub   0x200004b8       0x50 linker stubs
                0x20000508                        . = ALIGN (0x4)
 *(.rodata*)
                0x20000508                        . = ALIGN (0x4)
 *(.data*)
 .data.A_upper  0x20000508       0x14 Core/Src/CMakeFiles/Temp_Logger.dir/main.c.obj
                0x20000508                A_upper
 .data.B_upper  0x2000051c       0x28 Core/Src/CMakeFiles/Temp_Logger.dir/main.c.obj
                0x2000051c                B_upper
 .data.C_upper  0x20000544       0x1c Core/Src/CMakeFiles/Temp_Logger.dir/main.c.obj
                0x20000544                C_upper
 .data.D_upper  0x20000560       0x18 Core/Src/CMakeFiles/Temp_Logger.dir/main.c.obj
                0x20000560                D_upper
 .data.E_upper  0x20000578       0x10 Core/Src/CMakeFiles/Temp_Logger.dir/main.c.obj
                0x20000578                E_upper
 .data.F_upper  0x20000588        0xc Core/Src/CMakeFiles/Temp_Logger.dir/main.c.obj
                0x20000588                F_upper
 .data.G_upper  0x20000594       0x20 Core/Src/CMakeFiles/Temp_Logger.dir/main.c.obj
                0x20000594                G_upper
 .data.H_upper  0x200005b4        0xc Core/Src/CMakeFiles/Temp_Logger.dir/main.c.obj
                0x200005b4                H_upper
 .data.I_upper  0x200005c0        0xc Core/Src/CMakeFiles/Temp_Logger.dir/main.c.obj
                0x200005c0                I_upper
 .data.J_upper  0x200005cc       0x14 Core/Src/CMakeFiles/Temp_Logger.dir/main.c.obj
                0x200005cc                J_upper
 .data.K_upper  0x200005e0       0x10 Core/Src/CMakeFiles/Temp_Logger.dir/main.c.obj
                0x200005e0                K_upper
 .data.L_upper  0x200005f0        0x8 Core/Src/CMakeFiles/Temp_Logger.dir/main.c.obj
                0x200005f0                L_upper
 .data.M_upper  0x200005f8       0x14 Core/Src/CMakeFiles/Temp_Logger.dir/main.c.obj
                0x200005f8                M_upper
 .data.N_upper  0x2000060c        0xc Core/Src/CMakeFiles/Temp_Logger.dir/main.c.obj
                0x2000060c                N_upper
 .data.O_upper  0x20000618       0x20 Core/Src/CMakeFiles/Temp_Logger.dir/main.c.obj
                0x20000618                O_upper
 .data.P_upper  0x20000638       0x18 Core/Src/CMakeFiles/Temp_Logger.dir/main.c.obj
                0x20000638                P_upper
 .data.Q_upper  0x20000650       0x28 Core/Src/CMakeFiles/Temp_Logger.dir/main.c.obj
                0x20000650                Q_upper
 .data.R_upper  0x20000678       0x1c Core/Src/CMakeFiles/Temp_Logger.dir/main.c.obj
                0x20000678                R_upper
 .data.S_upper  0x20000694       0x2c Core/Src/CMakeFiles/Temp_Logger.dir/main.c.obj
                0x20000694                S_upper
 .data.T_upper  0x200006c0       0x10 Core/Src/CMakeFiles/Temp_Logger.dir/main.c.obj
                0x200006c0                T_upper
 .data.U_upper  0x200006d0       0x24 Core/Src/CMakeFiles/Temp_Logger.dir/main.c.obj
                0x200006d0                U_upper
 .data.V_upper  0x200006f4       0x10 Core/Src/CMakeFiles/Temp_Logger.dir/main.c.obj
                0x200006f4                V_upper
 .data.W_upper  0x20000704       0x18 Core/Src/CMakeFiles/Temp_Logger.dir/main.c.obj
                0x20000704                W_upper
 .data.X_upper  0x2000071c       0x18 Core/Src/CMakeFiles/Temp_Logger.dir/main.c.obj
                0x2000071c                X_upper
 .data.Y_upper  0x20000734       0x14 Core/Src/CMakeFiles/Temp_Logger.dir/main.c.obj
                0x20000734                Y_upper
 .data.Z_upper  0x20000748       0x14 Core/Src/CMakeFiles/Temp_Logger.dir/main.c.obj
                0x20000748                Z_upper
 .data.a_lower  0x2000075c       0x1c Core/Src/CMakeFiles/Temp_Logger.dir/main.c.obj
                0x2000075c                a_lower
 .data.b_lower  0x20000778       0x20 Core/Src/CMakeFiles/Temp_Logger.dir/main.c.obj
                0x20000778                b_lower
 .data.c_lower  0x20000798       0x1c Core/Src/CMakeFiles/Temp_Logger.dir/main.c.obj
                0x20000798                c_lower
 .data.d_lower  0x200007b4       0x20 Core/Src/CMakeFiles/Temp_Logger.dir/main.c.obj
                0x200007b4                d_lower
 .data.e_lower  0x200007d4       0x20 Core/Src/CMakeFiles/Temp_Logger.dir/main.c.obj
                0x200007d4                e_lower
 .data.f_lower  0x200007f4       0x10 Core/Src/CMakeFiles/Temp_Logger.dir/main.c.obj
                0x200007f4                f_lower
 .data.g_lower  0x20000804       0x24 Core/Src/CMakeFiles/Temp_Logger.dir/main.c.obj
                0x20000804                g_lower
 .data.h_lower  0x20000828       0x14 Core/Src/CMakeFiles/Temp_Logger.dir/main.c.obj
                0x20000828                h_lower
 .data.i_lower  0x2000083c       0x10 Core/Src/CMakeFiles/Temp_Logger.dir/main.c.obj
                0x2000083c                i_lower
 .data.j_lower  0x2000084c       0x14 Core/Src/CMakeFiles/Temp_Logger.dir/main.c.obj
                0x2000084c                j_lower
 .data.k_lower  0x20000860       0x10 Core/Src/CMakeFiles/Temp_Logger.dir/main.c.obj
                0x20000860                k_lower
 .data.l_lower  0x20000870        0xc Core/Src/CMakeFiles/Temp_Logger.dir/main.c.obj
                0x20000870                l_lower
 .data.m_lower  0x2000087c       0x1c Core/Src/CMakeFiles/Temp_Logger.dir/main.c.obj
                0x2000087c                m_lower
 .data.n_lower  0x20000898       0x14 Core/Src/CMakeFiles/Temp_Logger.dir/main.c.obj
                0x20000898                n_lower
 .data.o_lower  0x200008ac       0x20 Core/Src/CMakeFiles/Temp_Logger.dir/main.c.obj
                0x200008ac                o_lower
 .data.p_lower  0x200008cc       0x1c Core/Src/CMakeFiles/Temp_Logger.dir/main.c.obj
                0x200008cc                p_lower
 .data.q_lower  0x200008e8       0x20 Core/Src/CMakeFiles/Temp_Logger.dir/main.c.obj
                0x200008e8                q_lower
 .data.r_lower  0x20000908       0x10 Core/Src/CMakeFiles/Temp_Logger.dir/main.c.obj
                0x20000908                r_lower
 .data.s_lower  0x20000918       0x1c Core/Src/CMakeFiles/Temp_Logger.dir/main.c.obj
                0x20000918                s_lower
 .data.t_lower  0x20000934       0x10 Core/Src/CMakeFiles/Temp_Logger.dir/main.c.obj
                0x20000934                t_lower
 .data.u_lower  0x20000944       0x14 Core/Src/CMakeFiles/Temp_Logger.dir/main.c.obj
                0x20000944                u_lower
 .data.v_lower  0x20000958       0x10 Core/Src/CMakeFiles/Temp_Logger.dir/main.c.obj
                0x20000958                v_lower
 .data.w_lower  0x20000968       0x18 Core/Src/CMakeFiles/Temp_Logger.dir/main.c.obj
                0x20000968                w_lower
 .data.x_lower  0x20000980        0x8 Core/Src/CMakeFiles/Temp_Logger.dir/main.c.obj
                0x20000980                x_lower
 .data.y_lower  0x20000988       0x1c Core/Src/CMakeFiles/Temp_Logger.dir/main.c.obj
                0x20000988                y_lower
 .data.z_lower  0x200009a4        0xc Core/Src/CMakeFiles/Temp_Logger.dir/main.c.obj
                0x200009a4                z_lower
 .data._0_upper
                0x200009b0       0x24 Core/Src/CMakeFiles/Temp_Logger.dir/main.c.obj
                0x200009b0                _0_upper
 .data._1_upper
                0x200009d4        0xc Core/Src/CMakeFiles/Temp_Logger.dir/main.c.obj
                0x200009d4                _1_upper
 .data._2_upper
                0x200009e0       0x18 Core/Src/CMakeFiles/Temp_Logger.dir/main.c.obj
                0x200009e0                _2_upper
 .data._3_upper
                0x200009f8       0x20 Core/Src/CMakeFiles/Temp_Logger.dir/main.c.obj
                0x200009f8                _3_upper
 .data._4_upper
                0x20000a18       0x10 Core/Src/CMakeFiles/Temp_Logger.dir/main.c.obj
                0x20000a18                _4_upper
 .data._5_upper
                0x20000a28       0x20 Core/Src/CMakeFiles/Temp_Logger.dir/main.c.obj
                0x20000a28                _5_upper
 .data._6_upper
                0x20000a48       0x24 Core/Src/CMakeFiles/Temp_Logger.dir/main.c.obj
                0x20000a48                _6_upper
 .data._7_upper
                0x20000a6c        0xc Core/Src/CMakeFiles/Temp_Logger.dir/main.c.obj
                0x20000a6c                _7_upper
 .data._8_upper
                0x20000a78       0x3c Core/Src/CMakeFiles/Temp_Logger.dir/main.c.obj
                0x20000a78                _8_upper
 .data._9_upper
                0x20000ab4       0x24 Core/Src/CMakeFiles/Temp_Logger.dir/main.c.obj
                0x20000ab4                _9_upper
 .data._excl    0x20000ad8        0x8 Core/Src/CMakeFiles/Temp_Logger.dir/main.c.obj
                0x20000ad8                _excl
 .data._slash   0x20000ae0        0x4 Core/Src/CMakeFiles/Temp_Logger.dir/main.c.obj
                0x20000ae0                _slash
 .data._backslash
                0x20000ae4        0x4 Core/Src/CMakeFiles/Temp_Logger.dir/main.c.obj
                0x20000ae4                _backslash
 .data._lsquarebracket
                0x20000ae8        0xc Core/Src/CMakeFiles/Temp_Logger.dir/main.c.obj
                0x20000ae8                _lsquarebracket
 .data._rsquarebracket
                0x20000af4        0xc Core/Src/CMakeFiles/Temp_Logger.dir/main.c.obj
                0x20000af4                _rsquarebracket
 .data._underline
                0x20000b00        0x4 Core/Src/CMakeFiles/Temp_Logger.dir/main.c.obj
                0x20000b00                _underline
 .data._circumflex
                0x20000b04        0x8 Core/Src/CMakeFiles/Temp_Logger.dir/main.c.obj
                0x20000b04                _circumflex
 .data._rparenthes
                0x20000b0c        0xc Core/Src/CMakeFiles/Temp_Logger.dir/main.c.obj
                0x20000b0c                _rparenthes
 .data._larenthes
                0x20000b18        0xc Core/Src/CMakeFiles/Temp_Logger.dir/main.c.obj
                0x20000b18                _larenthes
 .data._tilde   0x20000b24        0xc Core/Src/CMakeFiles/Temp_Logger.dir/main.c.obj
                0x20000b24                _tilde
 .data._dot     0x20000b30       0x18 Core/Src/CMakeFiles/Temp_Logger.dir/main.c.obj
                0x20000b30                _dot
 .data._minus   0x20000b48        0x4 Core/Src/CMakeFiles/Temp_Logger.dir/main.c.obj
                0x20000b48                _minus
 .data._plus    0x20000b4c        0x8 Core/Src/CMakeFiles/Temp_Logger.dir/main.c.obj
                0x20000b4c                _plus
 .data._comma   0x20000b54        0xc Core/Src/CMakeFiles/Temp_Logger.dir/main.c.obj
                0x20000b54                _comma
 .data._asterisk
                0x20000b60        0xc Core/Src/CMakeFiles/Temp_Logger.dir/main.c.obj
                0x20000b60                _asterisk
 .data._equal   0x20000b6c        0x8 Core/Src/CMakeFiles/Temp_Logger.dir/main.c.obj
                0x20000b6c                _equal
 .data._question
                0x20000b74       0x1c Core/Src/CMakeFiles/Temp_Logger.dir/main.c.obj
                0x20000b74                _question
 .data._lessthan
                0x20000b90        0x8 Core/Src/CMakeFiles/Temp_Logger.dir/main.c.obj
                0x20000b90                _lessthan
 .data._greaterthan
                0x20000b98        0x8 Core/Src/CMakeFiles/Temp_Logger.dir/main.c.obj
                0x20000b98                _greaterthan
 .data._colon   0x20000ba0       0x30 Core/Src/CMakeFiles/Temp_Logger.dir/main.c.obj
                0x20000ba0                _colon
 .data._percent
                0x20000bd0       0x24 Core/Src/CMakeFiles/Temp_Logger.dir/main.c.obj
                0x20000bd0                _percent
 .data._and     0x20000bf4       0x30 Core/Src/CMakeFiles/Temp_Logger.dir/main.c.obj
                0x20000bf4                _and
 .data._uarrow  0x20000c24        0xc Core/Src/CMakeFiles/Temp_Logger.dir/main.c.obj
                0x20000c24                _uarrow
 .data._darrow  0x20000c30        0xc Core/Src/CMakeFiles/Temp_Logger.dir/main.c.obj
                0x20000c30                _darrow
 .data._rarrow  0x20000c3c        0xc Core/Src/CMakeFiles/Temp_Logger.dir/main.c.obj
                0x20000c3c                _rarrow
 .data._larrow  0x20000c48        0xc Core/Src/CMakeFiles/Temp_Logger.dir/main.c.obj
                0x20000c48                _larrow
 .data._enter   0x20000c54       0x10 Core/Src/CMakeFiles/Temp_Logger.dir/main.c.obj
                0x20000c54                _enter
 .data.font_table
                0x20000c64      0x2d0 Core/Src/CMakeFiles/Temp_Logger.dir/main.c.obj
                0x20000c64                font_table
 .data.DateTime
                0x20000f34        0x8 Core/Src/CMakeFiles/Temp_Logger.dir/main.c.obj
                0x20000f34                DateTime
 .data.NTC_table
                0x20000f3c        0xa Core/Src/CMakeFiles/Temp_Logger.dir/main.c.obj
                0x20000f3c                NTC_table
 .data.scale    0x20000f46        0x1 Core/Src/CMakeFiles/Temp_Logger.dir/main.c.obj
                0x20000f46                scale
 .data.deph     0x20000f47        0x1 Core/Src/CMakeFiles/Temp_Logger.dir/main.c.obj
                0x20000f47                deph
 .data.striped_spin_lock_num
                0x20000f48        0x1 Core/Src/CMakeFiles/Temp_Logger.dir/P_/pico-sdk/src/rp2_common/hardware_sync/sync.c.obj
 *fill*         0x20000f49        0x3 
 .data.default_alarm_pool
                0x20000f4c       0x18 Core/Src/CMakeFiles/Temp_Logger.dir/P_/pico-sdk/src/common/pico_time/time.c.obj
 *fill*         0x20000f64        0xc 
 .data.aeabi_bits_funcs
                0x20000f70       0x10 Core/Src/CMakeFiles/Temp_Logger.dir/P_/pico-sdk/src/rp2_common/pico_bit_ops/bit_ops_aeabi.S.obj
                0x20000f70                aeabi_bits_funcs
                0x20000f80                aeabi_bits_funcs_end
 .data.aeabi_mem_funcs
                0x20000f80       0x10 Core/Src/CMakeFiles/Temp_Logger.dir/P_/pico-sdk/src/rp2_common/pico_mem_ops/mem_ops_aeabi.S.obj
                0x20000f80                aeabi_mem_funcs
                0x20000f90                aeabi_mem_funcs_end
 .data.i2c0_inst
                0x20000f90        0x8 Core/Src/CMakeFiles/Temp_Logger.dir/P_/pico-sdk/src/rp2_common/hardware_i2c/i2c.c.obj
                0x20000f90                i2c0_inst
 .data          0x20000f98        0x1 Core/Lib/sd-card/physical-api/libphysical-api.a(fatfs_sd.c.obj)
                0x20000f9c                        . = ALIGN (0x4)
 *fill*         0x20000f99        0x3 
 *(.after_data.*)
                0x20000f9c                        . = ALIGN (0x4)
                0x20000f9c                        PROVIDE (__mutex_array_start = .)
 *(SORT_BY_NAME(.mutex_array.*))
 *(.mutex_array)
 .mutex_array   0x20000f9c        0x8 Core/Src/CMakeFiles/Temp_Logger.dir/P_/pico-sdk/src/rp2_common/pico_malloc/malloc.c.obj
 .mutex_array   0x20000fa4        0x8 Core/Src/CMakeFiles/Temp_Logger.dir/P_/pico-sdk/src/rp2_common/pico_stdio/stdio.c.obj
                0x20000fac                        PROVIDE (__mutex_array_end = .)
                0x20000fac                        . = ALIGN (0x4)
 *(.jcr)
                0x20000fac                        . = ALIGN (0x4)

.tm_clone_table
                0x20000fac        0x0 load address 0x100123b4
 .tm_clone_table
                0x20000fac        0x0 P:/13.2 Rel1/bin/../lib/gcc/arm-none-eabi/13.2.1/thumb/v6-m/nofp/crtbegin.o
 .tm_clone_table
                0x20000fac        0x0 P:/13.2 Rel1/bin/../lib/gcc/arm-none-eabi/13.2.1/thumb/v6-m/nofp/crtend.o

.igot.plt       0x20000fac        0x0 load address 0x100123b4
 .igot.plt      0x20000fac        0x0 P:/13.2 Rel1/bin/../lib/gcc/arm-none-eabi/13.2.1/thumb/v6-m/nofp/crtbegin.o

.tdata          0x20000fac        0x0 load address 0x100123b4
                0x20000fac                        . = ALIGN (0x4)
 *(.tdata .tdata.* .gnu.linkonce.td.*)
                0x20000fac                        __tdata_end = .
                0x20000fac                        PROVIDE (__data_end__ = .)
                0x100114c8                        __etext = LOADADDR (.data)

.tbss           0x20000fac        0x0 load address 0x100123b4
                0x20000fac                        . = ALIGN (0x4)
                0x20000fac                        __bss_start__ = .
                0x20000fac                        __tls_base = .
 *(.tbss .tbss.* .gnu.linkonce.tb.*)
 *(.tcommon)
                0x20000fac                        __tls_end = .

.bss            0x20000fb0      0xb98 load address 0x100123b4
                0x20000fb0                        . = ALIGN (0x4)
                0x20000fb0                        __tbss_end = .
 *(SORT_BY_ALIGNMENT(SORT_BY_NAME(.bss*)))
 .bss.default_alarm_pool_entries
                0x20000fb0      0x180 Core/Src/CMakeFiles/Temp_Logger.dir/P_/pico-sdk/src/common/pico_time/time.c.obj
 .bss           0x20001130      0x200 Core/Lib/ssd1306/libssd1306.a(ssd1306.c.obj)
                0x20001130                Buffer
 .bss           0x20001330      0x488 Core/Lib/sd-card/fatfs/libfatfs.a(ff.c.obj)
 .bss.ADC_Voltage
                0x200017b8        0x4 Core/Src/CMakeFiles/Temp_Logger.dir/main.c.obj
                0x200017b8                ADC_Voltage
 .bss.Cor       0x200017bc       0x4c Core/Src/CMakeFiles/Temp_Logger.dir/main.c.obj
                0x200017bc                Cor
 .bss.Core_ADC  0x20001808       0x1c Core/Src/CMakeFiles/Temp_Logger.dir/main.c.obj
                0x20001808                Core_ADC
 .bss.Core_Temp
                0x20001824        0x4 Core/Src/CMakeFiles/Temp_Logger.dir/main.c.obj
                0x20001824                Core_Temp
 .bss.Data      0x20001828       0x32 Core/Src/CMakeFiles/Temp_Logger.dir/main.c.obj
                0x20001828                Data
 *fill*         0x2000185a        0x2 
 .bss.NTC_ADC   0x2000185c       0x1c Core/Src/CMakeFiles/Temp_Logger.dir/main.c.obj
                0x2000185c                NTC_ADC
 .bss._callback
                0x20001878        0x4 Core/Src/CMakeFiles/Temp_Logger.dir/P_/pico-sdk/src/rp2_common/hardware_rtc/rtc.c.obj
 .bss._space    0x2000187c        0x0 Core/Src/CMakeFiles/Temp_Logger.dir/main.c.obj
                0x2000187c                _space
 .bss.claimed   0x2000187c        0x1 Core/Src/CMakeFiles/Temp_Logger.dir/P_/pico-sdk/src/rp2_common/hardware_timer/timer.c.obj
 *fill*         0x2000187d        0x3 
 .bss.configured_freq
                0x20001880       0x28 Core/Src/CMakeFiles/Temp_Logger.dir/P_/pico-sdk/src/rp2_common/hardware_clocks/clocks.c.obj
 .bss.drivers   0x200018a8        0x4 Core/Src/CMakeFiles/Temp_Logger.dir/P_/pico-sdk/src/rp2_common/pico_stdio/stdio.c.obj
 .bss.filter    0x200018ac        0x4 Core/Src/CMakeFiles/Temp_Logger.dir/P_/pico-sdk/src/rp2_common/pico_stdio/stdio.c.obj
 .bss.mof       0x200018b0       0x4c Core/Src/CMakeFiles/Temp_Logger.dir/main.c.obj
                0x200018b0                mof
 .bss.object.0  0x200018fc       0x18 P:/13.2 Rel1/bin/../lib/gcc/arm-none-eabi/13.2.1/thumb/v6-m/nofp/crtbegin.o
 .bss.pools     0x20001914       0x10 Core/Src/CMakeFiles/Temp_Logger.dir/P_/pico-sdk/src/common/pico_time/time.c.obj
 .bss.rtc_alarm
                0x20001924        0x8 Core/Src/CMakeFiles/Temp_Logger.dir/main.c.obj
                0x20001924                rtc_alarm
 .bss.sd_table  0x2000192c      0x100 Core/Src/CMakeFiles/Temp_Logger.dir/P_/pico-sdk/src/rp2_common/pico_double/double_init_rom_rp2040.c.obj
                0x2000192c                sd_table
 .bss.sf_clz_func